[2026-07-23 10:07:06] ERROR: (HY000) AppParam extensions: SQLSTATE[HY000]: General error: 2006 MySQL server has gone away :: C:\xampp\htdocs\EspoCRM-9.2.0\application\Espo\ORM\Executor\DefaultSqlExecutor.php(77)
[2026-07-23 10:07:06] ERROR: (HY000) AppParam addressCountryData: SQLSTATE[HY000]: General error: 2006 MySQL server has gone away :: C:\xampp\htdocs\EspoCRM-9.2.0\application\Espo\ORM\Executor\DefaultSqlExecutor.php(77)
[2026-07-23 10:07:23] CRITICAL: (2002) SQLSTATE[HY000] [2002] No connection could be made because the target machine actively refused it :: GET /Settings :: C:\xampp\htdocs\EspoCRM-9.2.0\application\Espo\ORM\PDO\MysqlPDOFactory.php(73)
[2026-07-23 10:07:27] CRITICAL: (2002) SQLSTATE[HY000] [2002] No connection could be made because the target machine actively refused it :: GET /Settings :: C:\xampp\htdocs\EspoCRM-9.2.0\application\Espo\ORM\PDO\MysqlPDOFactory.php(73)
[2026-07-23 10:07:28] CRITICAL: (2002) SQLSTATE[HY000] [2002] No connection could be made because the target machine actively refused it :: GET /Settings :: C:\xampp\htdocs\EspoCRM-9.2.0\application\Espo\ORM\PDO\MysqlPDOFactory.php(73)
[2026-07-23 10:07:29] CRITICAL: (2002) SQLSTATE[HY000] [2002] No connection could be made because the target machine actively refused it :: GET /Settings :: C:\xampp\htdocs\EspoCRM-9.2.0\application\Espo\ORM\PDO\MysqlPDOFactory.php(73)
[2026-07-23 10:07:30] CRITICAL: (2002) SQLSTATE[HY000] [2002] No connection could be made because the target machine actively refused it :: GET /Settings :: C:\xampp\htdocs\EspoCRM-9.2.0\application\Espo\ORM\PDO\MysqlPDOFactory.php(73)
[2026-07-23 10:07:46] CRITICAL: (2006) SQLSTATE[HY000] [2006] MySQL server has gone away PDO::__construct(): Error while reading greeting packet. PID=6964 :: GET /Settings :: C:\xampp\htdocs\EspoCRM-9.2.0\application\Espo\ORM\PDO\MysqlPDOFactory.php(73)
[2026-07-23 10:07:46] CRITICAL: (2006) SQLSTATE[HY000] [2006] MySQL server has gone away PDO::__construct(): Error while reading greeting packet. PID=6964 :: GET /Settings :: C:\xampp\htdocs\EspoCRM-9.2.0\application\Espo\ORM\PDO\MysqlPDOFactory.php(73)
[2026-07-23 10:07:50] CRITICAL: (2002) SQLSTATE[HY000] [2002] No connection could be made because the target machine actively refused it :: GET /Settings :: C:\xampp\htdocs\EspoCRM-9.2.0\application\Espo\ORM\PDO\MysqlPDOFactory.php(73)
[2026-07-23 10:21:10] CRITICAL: (2002) SQLSTATE[HY000] [2002] No connection could be made because the target machine actively refused it :: GET /Settings :: C:\xampp\htdocs\EspoCRM-9.2.0\application\Espo\ORM\PDO\MysqlPDOFactory.php(73)
[2026-07-23 10:21:10] CRITICAL: (2002) SQLSTATE[HY000] [2002] No connection could be made because the target machine actively refused it :: GET /I18n :: C:\xampp\htdocs\EspoCRM-9.2.0\application\Espo\ORM\PDO\MysqlPDOFactory.php(73)
[2026-07-23 10:32:59] CRITICAL: (2002) SQLSTATE[HY000] [2002] No connection could be made because the target machine actively refused it :: GET /I18n :: C:\xampp\htdocs\EspoCRM-9.2.0\application\Espo\ORM\PDO\MysqlPDOFactory.php(73)
[2026-07-23 10:32:59] CRITICAL: (2002) SQLSTATE[HY000] [2002] No connection could be made because the target machine actively refused it :: GET /Settings :: C:\xampp\htdocs\EspoCRM-9.2.0\application\Espo\ORM\PDO\MysqlPDOFactory.php(73)
[2026-07-23 11:38:48] WARNING: (404) Template not found. :: GET /EspoCRM-9.2.0/ :: C:\xampp\htdocs\EspoCRM-9.2.0\application\Espo\EntryPoints\Pdf.php(69)
[2026-07-23 11:47:49] WARNING: E_WARNING: DOMDocument::loadHTML(): Tag o:p invalid in Entity, line: 8
[2026-07-23 11:47:49] WARNING: E_WARNING: DOMDocument::loadHTML(): Unexpected end tag : h2 in Entity, line: 8
[2026-07-23 11:47:49] WARNING: E_WARNING: DOMDocument::loadHTML(): Tag o:p invalid in Entity, line: 8
[2026-07-23 11:47:49] WARNING: E_WARNING: DOMDocument::loadHTML(): Unexpected end tag : h2 in Entity, line: 8
[2026-07-23 11:49:48] WARNING: E_WARNING: DOMDocument::loadHTML(): Tag o:p invalid in Entity, line: 8
[2026-07-23 11:49:48] WARNING: E_WARNING: DOMDocument::loadHTML(): Unexpected end tag : h2 in Entity, line: 8
[2026-07-23 11:49:48] WARNING: E_WARNING: DOMDocument::loadHTML(): Tag o:p invalid in Entity, line: 8
[2026-07-23 11:49:48] WARNING: E_WARNING: DOMDocument::loadHTML(): Unexpected end tag : h2 in Entity, line: 8
[2026-07-23 11:51:11] WARNING: E_WARNING: DOMDocument::loadHTML(): Tag o:p invalid in Entity, line: 8
[2026-07-23 11:51:11] WARNING: E_WARNING: DOMDocument::loadHTML(): Unexpected end tag : h2 in Entity, line: 8
[2026-07-23 11:51:11] WARNING: E_WARNING: DOMDocument::loadHTML(): Tag o:p invalid in Entity, line: 8
[2026-07-23 11:51:11] WARNING: E_WARNING: DOMDocument::loadHTML(): Unexpected end tag : h2 in Entity, line: 8
[2026-07-23 11:51:48] WARNING: E_WARNING: DOMDocument::loadHTML(): Tag o:p invalid in Entity, line: 8
[2026-07-23 11:51:48] WARNING: E_WARNING: DOMDocument::loadHTML(): Unexpected end tag : h2 in Entity, line: 8
[2026-07-23 11:51:48] WARNING: E_WARNING: DOMDocument::loadHTML(): Tag o:p invalid in Entity, line: 8
[2026-07-23 11:51:48] WARNING: E_WARNING: DOMDocument::loadHTML(): Unexpected end tag : h2 in Entity, line: 8
[2026-07-23 11:59:26] WARNING: E_WARNING: rename(data\tmp\tmpDDCC.tmp,data/cache/application/objMetadata.php): Access is denied (code: 5)
[2026-07-23 11:59:28] WARNING: E_WARNING: rename(data\tmp\tmpE50A.tmp,data/cache/application/classmapRepositories.php): Access is denied (code: 5)
[2026-07-23 11:59:29] WARNING: E_WARNING: rename(data\tmp\tmpEA1B.tmp,data/cache/application/classmapEntities.php): Access is denied (code: 5)
[2026-07-23 11:59:31] WARNING: E_WARNING: rename(data\tmp\tmpF124.tmp,data/cache/application/classmapControllers.php): Access is denied (code: 5)
[2026-07-23 12:02:26] WARNING: E_WARNING: DOMDocument::loadHTML(): Tag o:p invalid in Entity, line: 8
[2026-07-23 12:02:26] WARNING: E_WARNING: DOMDocument::loadHTML(): Unexpected end tag : h2 in Entity, line: 8
[2026-07-23 12:02:26] WARNING: E_WARNING: DOMDocument::loadHTML(): Tag o:p invalid in Entity, line: 8
[2026-07-23 12:02:26] WARNING: E_WARNING: DOMDocument::loadHTML(): Unexpected end tag : h2 in Entity, line: 8
[2026-07-23 12:02:26] ERROR: (0) Unexcepted ')' in expression 'if (not (equal gA \'Attestation de travail\')) (not (equal gA \'Attestation de salaire\')) (not (equal gA \'Certificat de travail\'))' !! Unexcepted ')' in expression 'if (not (equal rM \'Attestation de travail\')) (not (equal rM \'Attestation de salaire\')) (not (equal rM \'Certificat de travail\'))' !! Unexcepted ')' in expression 'if (not (equal seE \'Attestation de travail\')) (not (equal seE \'Attestation de salaire\')) (not (equal seE \'Certificat de travail\'))' !! Unexcepted ')' in expression 'if (not (equal gA \'Attestation de travail\')) (not (equal gA \'Attestation de salaire\')) (not (equal gA \'Certificat de travail\'))' !! Unexcepted ')' in expression 'if (not (equal rM \'Attestation de travail\')) (not (equal rM \'Attestation de salaire\')) (not (equal rM \'Certificat de travail\'))' !! Unexcepted ')' in expression 'if (not (equal seE \'Attestation de travail\')) (not (equal seE \'Attestation de salaire\')) (not (equal seE \'Certificat de travail\'))' !! :: GET /EspoCRM-9.2.0/ :: C:\xampp\htdocs\EspoCRM-9.2.0\vendor\zordius\lightncandy\src\LightnCandy.php(108)
[2026-07-23 12:12:08] WARNING: E_WARNING: rename(data\tmp\tmp7DEB.tmp,data/cache/application/classmapControllers.php): Access is denied (code: 5)
[2026-07-23 12:13:23] WARNING: E_WARNING: DOMDocument::loadHTML(): Tag o:p invalid in Entity, line: 8
[2026-07-23 12:13:23] WARNING: E_WARNING: DOMDocument::loadHTML(): Unexpected end tag : h2 in Entity, line: 8
[2026-07-23 12:13:23] WARNING: E_WARNING: DOMDocument::loadHTML(): Tag o:p invalid in Entity, line: 8
[2026-07-23 12:13:23] WARNING: E_WARNING: DOMDocument::loadHTML(): Unexpected end tag : h2 in Entity, line: 8
[2026-07-23 12:13:23] ERROR: (0) Can not find custom helper function defination neq() ! Can not find custom helper function defination neq() ! Can not find custom helper function defination neq() ! Can not find custom helper function defination neq() ! Can not find custom helper function defination neq() ! Can not find custom helper function defination neq() ! Can not find custom helper function defination neq() ! Can not find custom helper function defination neq() ! Can not find custom helper function defination neq() ! Can not find custom helper function defination neq() ! Can not find custom helper function defination neq() ! Can not find custom helper function defination neq() ! Can not find custom helper function defination neq() ! Can not find custom helper function defination neq() ! Can not find custom helper function defination neq() ! Can not find custom helper function defination neq() ! Can not find custom helper function defination neq() ! Can not find custom helper function defination neq() ! :: GET /EspoCRM-9.2.0/ :: C:\xampp\htdocs\EspoCRM-9.2.0\vendor\zordius\lightncandy\src\LightnCandy.php(108)
[2026-07-23 12:14:35] WARNING: E_WARNING: DOMDocument::loadHTML(): Tag o:p invalid in Entity, line: 8
[2026-07-23 12:14:35] WARNING: E_WARNING: DOMDocument::loadHTML(): Unexpected end tag : h2 in Entity, line: 8
[2026-07-23 12:14:35] WARNING: E_WARNING: DOMDocument::loadHTML(): Tag o:p invalid in Entity, line: 8
[2026-07-23 12:14:35] WARNING: E_WARNING: DOMDocument::loadHTML(): Unexpected end tag : h2 in Entity, line: 8
[2026-07-23 12:14:35] ERROR: (0) Can not find custom helper function defination neq() ! Can not find custom helper function defination neq() ! Can not find custom helper function defination neq() ! Can not find custom helper function defination neq() ! Can not find custom helper function defination neq() ! Can not find custom helper function defination neq() ! Can not find custom helper function defination neq() ! Can not find custom helper function defination neq() ! Can not find custom helper function defination neq() ! Can not find custom helper function defination neq() ! Can not find custom helper function defination neq() ! Can not find custom helper function defination neq() ! Can not find custom helper function defination neq() ! Can not find custom helper function defination neq() ! Can not find custom helper function defination neq() ! Can not find custom helper function defination neq() ! Can not find custom helper function defination neq() ! Can not find custom helper function defination neq() ! :: GET /EspoCRM-9.2.0/ :: C:\xampp\htdocs\EspoCRM-9.2.0\vendor\zordius\lightncandy\src\LightnCandy.php(108)
[2026-07-23 12:14:45] WARNING: E_WARNING: DOMDocument::loadHTML(): Tag o:p invalid in Entity, line: 8
[2026-07-23 12:14:45] WARNING: E_WARNING: DOMDocument::loadHTML(): Unexpected end tag : h2 in Entity, line: 8
[2026-07-23 12:14:45] WARNING: E_WARNING: DOMDocument::loadHTML(): Tag o:p invalid in Entity, line: 8
[2026-07-23 12:14:45] WARNING: E_WARNING: DOMDocument::loadHTML(): Unexpected end tag : h2 in Entity, line: 8
[2026-07-23 12:16:55] WARNING: E_WARNING: DOMDocument::loadHTML(): Unexpected end tag : span in Entity, line: 186
[2026-07-23 12:16:55] WARNING: E_WARNING: DOMDocument::loadHTML(): Unexpected end tag : span in Entity, line: 186
[2026-07-23 12:23:11] WARNING: E_WARNING: DOMDocument::loadHTML(): Tag o:p invalid in Entity, line: 8
[2026-07-23 12:23:11] WARNING: E_WARNING: DOMDocument::loadHTML(): Unexpected end tag : h2 in Entity, line: 8
[2026-07-23 12:23:11] WARNING: E_WARNING: DOMDocument::loadHTML(): Tag o:p invalid in Entity, line: 8
[2026-07-23 12:23:11] WARNING: E_WARNING: DOMDocument::loadHTML(): Unexpected end tag : h2 in Entity, line: 8
[2026-07-23 12:30:27] WARNING: (404) Template not found. :: GET /EspoCRM-9.2.0/ :: C:\xampp\htdocs\EspoCRM-9.2.0\application\Espo\EntryPoints\Pdf.php(69)
[2026-07-23 12:30:39] WARNING: (404) Template not found. :: GET /EspoCRM-9.2.0/ :: C:\xampp\htdocs\EspoCRM-9.2.0\application\Espo\EntryPoints\Pdf.php(69)
[2026-07-23 12:30:47] WARNING: (404) Template not found. :: GET /EspoCRM-9.2.0/ :: C:\xampp\htdocs\EspoCRM-9.2.0\application\Espo\EntryPoints\Pdf.php(69)
[2026-07-23 12:31:08] WARNING: (404) Template not found. :: GET /EspoCRM-9.2.0/ :: C:\xampp\htdocs\EspoCRM-9.2.0\application\Espo\EntryPoints\Pdf.php(69)
[2026-07-23 12:31:12] WARNING: (404) Template not found. :: GET /EspoCRM-9.2.0/ :: C:\xampp\htdocs\EspoCRM-9.2.0\application\Espo\EntryPoints\Pdf.php(69)
[2026-07-23 12:32:32] WARNING: (404) Template not found. :: GET /EspoCRM-9.2.0/ :: C:\xampp\htdocs\EspoCRM-9.2.0\application\Espo\EntryPoints\Pdf.php(69)
[2026-07-23 12:32:34] WARNING: (404) Template not found. :: GET /EspoCRM-9.2.0/ :: C:\xampp\htdocs\EspoCRM-9.2.0\application\Espo\EntryPoints\Pdf.php(69)
[2026-07-23 12:32:35] WARNING: (404) Template not found. :: GET /EspoCRM-9.2.0/ :: C:\xampp\htdocs\EspoCRM-9.2.0\application\Espo\EntryPoints\Pdf.php(69)
[2026-07-23 12:32:36] WARNING: (404) Template not found. :: GET /EspoCRM-9.2.0/ :: C:\xampp\htdocs\EspoCRM-9.2.0\application\Espo\EntryPoints\Pdf.php(69)
[2026-07-23 12:33:08] WARNING: (404) Template not found. :: GET /EspoCRM-9.2.0/ :: C:\xampp\htdocs\EspoCRM-9.2.0\application\Espo\EntryPoints\Pdf.php(69)
[2026-07-23 12:33:36] WARNING: (404) Template not found. :: GET /EspoCRM-9.2.0/ :: C:\xampp\htdocs\EspoCRM-9.2.0\application\Espo\EntryPoints\Pdf.php(69)
[2026-07-23 12:36:18] WARNING: E_WARNING: DOMDocument::loadHTML(): Tag o:p invalid in Entity, line: 8
[2026-07-23 12:36:18] WARNING: E_WARNING: DOMDocument::loadHTML(): Unexpected end tag : h2 in Entity, line: 8
[2026-07-23 12:36:18] WARNING: E_WARNING: DOMDocument::loadHTML(): Tag o:p invalid in Entity, line: 8
[2026-07-23 12:36:18] WARNING: E_WARNING: DOMDocument::loadHTML(): Unexpected end tag : h2 in Entity, line: 8
[2026-07-23 12:37:00] WARNING: (404) Template not found. :: GET /EspoCRM-9.2.0/ :: C:\xampp\htdocs\EspoCRM-9.2.0\application\Espo\EntryPoints\Pdf.php(69)
[2026-07-23 12:41:55] WARNING: (404) Template not found. :: GET /EspoCRM-9.2.0/ :: C:\xampp\htdocs\EspoCRM-9.2.0\application\Espo\EntryPoints\Pdf.php(69)
[2026-07-23 12:48:02] WARNING: (404) Template not found. :: GET /EspoCRM-9.2.0/ :: C:\xampp\htdocs\EspoCRM-9.2.0\application\Espo\EntryPoints\Pdf.php(69)
[2026-07-23 12:54:25] WARNING: E_WARNING: DOMDocument::loadHTML(): Tag o:p invalid in Entity, line: 8
[2026-07-23 12:54:25] WARNING: E_WARNING: DOMDocument::loadHTML(): Unexpected end tag : h2 in Entity, line: 8
[2026-07-23 12:54:25] WARNING: E_WARNING: DOMDocument::loadHTML(): Tag o:p invalid in Entity, line: 8
[2026-07-23 12:54:25] WARNING: E_WARNING: DOMDocument::loadHTML(): Unexpected end tag : h2 in Entity, line: 8
[2026-07-23 12:54:43] WARNING: (404) Template not found. :: GET /EspoCRM-9.2.0/ :: C:\xampp\htdocs\EspoCRM-9.2.0\application\Espo\EntryPoints\Pdf.php(69)
[2026-07-23 12:54:50] WARNING: (404) Template not found. :: GET /EspoCRM-9.2.0/ :: C:\xampp\htdocs\EspoCRM-9.2.0\application\Espo\EntryPoints\Pdf.php(69)
[2026-07-23 13:00:37] WARNING: (404) Template not found. :: GET /EspoCRM-9.2.0/ :: C:\xampp\htdocs\EspoCRM-9.2.0\application\Espo\EntryPoints\Pdf.php(69)
[2026-07-23 13:04:57] WARNING: E_WARNING: rename(data\tmp\tmp646E.tmp,data/cache/application/classmapEntities.php): Access is denied (code: 5)
[2026-07-23 13:05:00] WARNING: E_WARNING: rename(data\tmp\tmp6EA2.tmp,data/cache/application/classmapControllers.php): Access is denied (code: 5)
[2026-07-23 13:05:49] WARNING: (404) Template not found. :: GET /EspoCRM-9.2.0/ :: C:\xampp\htdocs\EspoCRM-9.2.0\application\Espo\EntryPoints\Pdf.php(69)
[2026-07-23 13:06:00] WARNING: (404) Template not found. :: GET /EspoCRM-9.2.0/ :: C:\xampp\htdocs\EspoCRM-9.2.0\application\Espo\EntryPoints\Pdf.php(69)
[2026-07-23 13:06:13] WARNING: (404) Template not found. :: GET /EspoCRM-9.2.0/ :: C:\xampp\htdocs\EspoCRM-9.2.0\application\Espo\EntryPoints\Pdf.php(69)
[2026-07-23 13:06:28] WARNING: (404) Template not found. :: GET /EspoCRM-9.2.0/ :: C:\xampp\htdocs\EspoCRM-9.2.0\application\Espo\EntryPoints\Pdf.php(69)
[2026-07-23 13:07:10] WARNING: (404) Template not found. :: GET /EspoCRM-9.2.0/ :: C:\xampp\htdocs\EspoCRM-9.2.0\application\Espo\EntryPoints\Pdf.php(69)
[2026-07-23 13:08:04] WARNING: (404) Template not found. :: GET /EspoCRM-9.2.0/ :: C:\xampp\htdocs\EspoCRM-9.2.0\application\Espo\EntryPoints\Pdf.php(69)
[2026-07-23 13:09:24] WARNING: E_WARNING: rename(data\tmp\tmp782C.tmp,data/cache/application/classmapControllers.php): Access is denied (code: 5)
[2026-07-23 13:09:24] WARNING: E_WARNING: rename(data\tmp\tmp782C.tmp,data/cache/application/classmapControllers.php): The system cannot find the path specified (code: 3)
[2026-07-23 13:09:24] WARNING: E_WARNING: rename(data\tmp\tmp782C.tmp,data/cache/application/classmapControllers.php): The system cannot find the path specified (code: 3)
[2026-07-23 13:09:25] WARNING: E_WARNING: rename(data\tmp\tmp782C.tmp,data/cache/application/classmapControllers.php): The system cannot find the path specified (code: 3)
[2026-07-23 13:09:25] WARNING: E_WARNING: rename(data\tmp\tmp782C.tmp,data/cache/application/classmapControllers.php): The system cannot find the path specified (code: 3)
[2026-07-23 13:55:08] WARNING: E_WARNING: DOMDocument::loadHTML(): Tag o:p invalid in Entity, line: 8
[2026-07-23 13:55:08] WARNING: E_WARNING: DOMDocument::loadHTML(): Unexpected end tag : h2 in Entity, line: 8
[2026-07-23 13:55:08] WARNING: E_WARNING: DOMDocument::loadHTML(): Tag o:p invalid in Entity, line: 8
[2026-07-23 13:55:08] WARNING: E_WARNING: DOMDocument::loadHTML(): Unexpected end tag : h2 in Entity, line: 8
[2026-07-23 13:55:22] WARNING: E_WARNING: DOMDocument::loadHTML(): Tag o:p invalid in Entity, line: 8
[2026-07-23 13:55:22] WARNING: E_WARNING: DOMDocument::loadHTML(): Unexpected end tag : h2 in Entity, line: 8
[2026-07-23 13:55:22] WARNING: E_WARNING: DOMDocument::loadHTML(): Tag o:p invalid in Entity, line: 8
[2026-07-23 13:55:22] WARNING: E_WARNING: DOMDocument::loadHTML(): Unexpected end tag : h2 in Entity, line: 8
[2026-07-23 14:51:17] WARNING: E_WARNING: DOMDocument::loadHTML(): Tag o:p invalid in Entity, line: 8
[2026-07-23 14:51:17] WARNING: E_WARNING: DOMDocument::loadHTML(): Unexpected end tag : h2 in Entity, line: 8
[2026-07-23 14:51:17] WARNING: E_WARNING: DOMDocument::loadHTML(): Tag o:p invalid in Entity, line: 8
[2026-07-23 14:51:17] WARNING: E_WARNING: DOMDocument::loadHTML(): Unexpected end tag : h2 in Entity, line: 8
[2026-07-23 16:23:22] WARNING: E_WARNING: rename(data\tmp\tmpEC7.tmp,data/cache/application/classmapEntities.php): Access is denied (code: 5)
[2026-07-23 16:23:30] WARNING: E_WARNING: rename(data\tmp\tmp2E56.tmp,data/cache/application/routes.php): Access is denied (code: 5)
