[2026-08-19 09:11:00] ERROR: EmailNotification: [0] No system SMTP settings.
[2026-08-19 09:21:17] CRITICAL: (0) Failed job 6a8573226eb51a0bc. Job 'UpdateLicenses' not found. :: C:\inetpub\wwwroot\AssetFlowCRM\application\Espo\Core\Job\JobFactory.php(54)
[2026-08-19 09:21:17] ERROR: EmailNotification: [0] No system SMTP settings.
[2026-08-19 09:23:16] CRITICAL: (0) Failed job 6a8575e9825714a3c. Job 'UpdateLicenses' not found. :: C:\inetpub\wwwroot\AssetFlowCRM\application\Espo\Core\Job\JobFactory.php(54)
[2026-08-19 09:23:16] ERROR: EmailNotification: [0] No system SMTP settings.
[2026-08-19 09:23:18] CRITICAL: (0) Failed job 6a8575e9825714a3c. Job 'UpdateLicenses' not found. :: C:\inetpub\wwwroot\AssetFlowCRM\application\Espo\Core\Job\JobFactory.php(54)
[2026-08-19 09:26:47] CRITICAL: (0) Failed job 6a857603eabe4abf8. Job 'UpdateLicenses' not found. :: C:\inetpub\wwwroot\AssetFlowCRM\application\Espo\Core\Job\JobFactory.php(54)
[2026-08-19 09:26:47] ERROR: EmailNotification: [0] No system SMTP settings.
[2026-08-19 09:30:50] WARNING: E_WARNING: DOMDocument::loadHTML(): Tag o:p invalid in Entity, line: 8
[2026-08-19 09:30:50] WARNING: E_WARNING: DOMDocument::loadHTML(): Unexpected end tag : h2 in Entity, line: 8
[2026-08-19 09:30:50] WARNING: E_WARNING: DOMDocument::loadHTML(): Tag o:p invalid in Entity, line: 8
[2026-08-19 09:30:50] WARNING: E_WARNING: DOMDocument::loadHTML(): Unexpected end tag : h2 in Entity, line: 8
[2026-08-19 09:48:48] ERROR: EmailNotification: [0] No system SMTP settings.
[2026-08-19 09:48:48] ERROR: EmailNotification: [0] No system SMTP settings.
[2026-08-19 09:48:48] ERROR: EmailNotification: [0] No system SMTP settings.
[2026-08-19 09:48:48] ERROR: EmailNotification: [0] No system SMTP settings.
[2026-08-19 09:55:34] ERROR: EmailNotification: [0] No system SMTP settings.
[2026-08-19 09:58:54] CRITICAL: (0) Failed job 6a857d94beee2b4e9. Job 'UpdateLicenses' not found. :: C:\inetpub\wwwroot\AssetFlowCRM\application\Espo\Core\Job\JobFactory.php(54)
[2026-08-19 09:58:54] ERROR: EmailNotification: [0] No system SMTP settings.
[2026-08-19 10:18:10] ERROR: EmailNotification: [0] No system SMTP settings.
[2026-08-19 10:19:00] ERROR: EmailNotification: [0] No system SMTP settings.
[2026-08-19 10:20:11] CRITICAL: (0) Failed job 6a858314c69d4dbf1. Job 'UpdateLicenses' not found. :: C:\inetpub\wwwroot\AssetFlowCRM\application\Espo\Core\Job\JobFactory.php(54)
[2026-08-19 10:23:00] CRITICAL: (0) Failed job 6a8583c8c44f3d002. Job 'UpdateLicenses' not found. :: C:\inetpub\wwwroot\AssetFlowCRM\application\Espo\Core\Job\JobFactory.php(54)
[2026-08-19 10:25:00] ERROR: EmailNotification: [0] No system SMTP settings.
[2026-08-19 10:26:04] CRITICAL: (0) Failed job 6a85847cc50ba903b. Job 'UpdateLicenses' not found. :: C:\inetpub\wwwroot\AssetFlowCRM\application\Espo\Core\Job\JobFactory.php(54)
[2026-08-19 10:26:04] ERROR: EmailNotification: [0] No system SMTP settings.
[2026-08-19 10:28:11] ERROR: EmailNotification: [0] No system SMTP settings.
[2026-08-19 10:29:00] CRITICAL: (0) Failed job 6a858530cd90862ed. Job 'UpdateLicenses' not found. :: C:\inetpub\wwwroot\AssetFlowCRM\application\Espo\Core\Job\JobFactory.php(54)
[2026-08-19 10:29:00] ERROR: EmailNotification: [0] No system SMTP settings.
[2026-08-19 10:32:02] CRITICAL: (0) Failed job 6a8585e4c8c83d0c4. Job 'UpdateLicenses' not found. :: C:\inetpub\wwwroot\AssetFlowCRM\application\Espo\Core\Job\JobFactory.php(54)
[2026-08-19 10:35:00] CRITICAL: (0) Failed job 6a858698c4fe69d95. Job 'UpdateLicenses' not found. :: C:\inetpub\wwwroot\AssetFlowCRM\application\Espo\Core\Job\JobFactory.php(54)
[2026-08-19 10:38:00] CRITICAL: (0) Failed job 6a85874cca3d2aead. Job 'UpdateLicenses' not found. :: C:\inetpub\wwwroot\AssetFlowCRM\application\Espo\Core\Job\JobFactory.php(54)
[2026-08-19 10:41:00] CRITICAL: (0) Failed job 6a858800c755ba8ac. Job 'UpdateLicenses' not found. :: C:\inetpub\wwwroot\AssetFlowCRM\application\Espo\Core\Job\JobFactory.php(54)
[2026-08-19 11:02:32] ERROR: EmailNotification: [0] No system SMTP settings.
[2026-08-19 11:24:03] CRITICAL: (0) Failed job 6a858ec8d0291940c. Job 'UpdateLicenses' not found. :: C:\inetpub\wwwroot\AssetFlowCRM\application\Espo\Core\Job\JobFactory.php(54)
[2026-08-19 11:24:03] ERROR: EmailNotification: [0] No system SMTP settings.
[2026-08-19 11:27:00] CRITICAL: (0) Failed job 6a8592c88fa3005ef. Job 'UpdateLicenses' not found. :: C:\inetpub\wwwroot\AssetFlowCRM\application\Espo\Core\Job\JobFactory.php(54)
[2026-08-19 11:30:00] CRITICAL: (0) Failed job 6a85937c955a2f9f2. Job 'UpdateLicenses' not found. :: C:\inetpub\wwwroot\AssetFlowCRM\application\Espo\Core\Job\JobFactory.php(54)
[2026-08-19 11:33:00] CRITICAL: (0) Failed job 6a859430a3a5ecc98. Job 'UpdateLicenses' not found. :: C:\inetpub\wwwroot\AssetFlowCRM\application\Espo\Core\Job\JobFactory.php(54)
[2026-08-19 11:36:00] CRITICAL: (0) Failed job 6a8594e4a0c0354c5. Job 'UpdateLicenses' not found. :: C:\inetpub\wwwroot\AssetFlowCRM\application\Espo\Core\Job\JobFactory.php(54)
[2026-08-19 11:39:10] CRITICAL: (0) Failed job 6a859598a48b13402. Job 'UpdateLicenses' not found. :: C:\inetpub\wwwroot\AssetFlowCRM\application\Espo\Core\Job\JobFactory.php(54)
[2026-08-19 11:40:06] ERROR: EmailNotification: [0] No system SMTP settings.
[2026-08-19 11:42:00] CRITICAL: (0) Failed job 6a85964ca761f8918. Job 'UpdateLicenses' not found. :: C:\inetpub\wwwroot\AssetFlowCRM\application\Espo\Core\Job\JobFactory.php(54)
[2026-08-19 11:45:00] CRITICAL: (0) Failed job 6a859700acb2ba8ca. Job 'UpdateLicenses' not found. :: C:\inetpub\wwwroot\AssetFlowCRM\application\Espo\Core\Job\JobFactory.php(54)
[2026-08-19 11:46:05] WARNING: E_WARNING: rename(data\tmp\tmp4399.tmp,data/cache/application/classmapControllers.php): Access is denied (code: 5)
[2026-08-19 11:48:00] CRITICAL: (0) Failed job 6a8597b4adb468f34. Job 'UpdateLicenses' not found. :: C:\inetpub\wwwroot\AssetFlowCRM\application\Espo\Core\Job\JobFactory.php(54)
[2026-08-19 11:51:00] CRITICAL: (0) Failed job 6a859868bb8a85f39. Job 'UpdateLicenses' not found. :: C:\inetpub\wwwroot\AssetFlowCRM\application\Espo\Core\Job\JobFactory.php(54)
[2026-08-19 11:54:00] CRITICAL: (0) Failed job 6a85991cbde5f73e5. Job 'UpdateLicenses' not found. :: C:\inetpub\wwwroot\AssetFlowCRM\application\Espo\Core\Job\JobFactory.php(54)
[2026-08-19 11:57:00] CRITICAL: (0) Failed job 6a8599d0c79604a3e. Job 'UpdateLicenses' not found. :: C:\inetpub\wwwroot\AssetFlowCRM\application\Espo\Core\Job\JobFactory.php(54)
[2026-08-19 11:58:04] ERROR: EmailNotification: [0] No system SMTP settings.
[2026-08-19 12:00:00] CRITICAL: (0) Failed job 6a859a84c9110b9e5. Job 'UpdateLicenses' not found. :: C:\inetpub\wwwroot\AssetFlowCRM\application\Espo\Core\Job\JobFactory.php(54)
[2026-08-19 12:03:00] CRITICAL: (0) Failed job 6a859b38cfcd59f38. Job 'UpdateLicenses' not found. :: C:\inetpub\wwwroot\AssetFlowCRM\application\Espo\Core\Job\JobFactory.php(54)
[2026-08-19 12:06:03] CRITICAL: (0) Failed job 6a859becd4c1fdf26. Job 'UpdateLicenses' not found. :: C:\inetpub\wwwroot\AssetFlowCRM\application\Espo\Core\Job\JobFactory.php(54)
[2026-08-19 12:09:00] CRITICAL: (0) Failed job 6a859ca0ee61af7c1. Job 'UpdateLicenses' not found. :: C:\inetpub\wwwroot\AssetFlowCRM\application\Espo\Core\Job\JobFactory.php(54)
[2026-08-19 12:12:01] CRITICAL: (0) Failed job 6a859d54e10fc12e1. Job 'UpdateLicenses' not found. :: C:\inetpub\wwwroot\AssetFlowCRM\application\Espo\Core\Job\JobFactory.php(54)
[2026-08-19 12:12:54] WARNING: E_WARNING: DOMDocument::loadHTML(): Tag o:p invalid in Entity, line: 8
[2026-08-19 12:12:54] WARNING: E_WARNING: DOMDocument::loadHTML(): Unexpected end tag : h2 in Entity, line: 8
[2026-08-19 12:12:54] WARNING: E_WARNING: DOMDocument::loadHTML(): Tag o:p invalid in Entity, line: 8
[2026-08-19 12:12:54] WARNING: E_WARNING: DOMDocument::loadHTML(): Unexpected end tag : h2 in Entity, line: 8
[2026-08-19 12:13:34] WARNING: E_WARNING: DOMDocument::loadHTML(): Tag o:p invalid in Entity, line: 8
[2026-08-19 12:13:34] WARNING: E_WARNING: DOMDocument::loadHTML(): Unexpected end tag : h2 in Entity, line: 8
[2026-08-19 12:13:34] WARNING: E_WARNING: DOMDocument::loadHTML(): Tag o:p invalid in Entity, line: 8
[2026-08-19 12:13:34] WARNING: E_WARNING: DOMDocument::loadHTML(): Unexpected end tag : h2 in Entity, line: 8
[2026-08-19 12:15:01] CRITICAL: (0) Failed job 6a859e08ea6df8640. Job 'UpdateLicenses' not found. :: C:\inetpub\wwwroot\AssetFlowCRM\application\Espo\Core\Job\JobFactory.php(54)
[2026-08-19 12:18:01] CRITICAL: (0) Failed job 6a859ebced15f376b. Job 'UpdateLicenses' not found. :: C:\inetpub\wwwroot\AssetFlowCRM\application\Espo\Core\Job\JobFactory.php(54)
[2026-08-19 12:21:01] CRITICAL: (0) Failed job 6a859f70f21988613. Job 'UpdateLicenses' not found. :: C:\inetpub\wwwroot\AssetFlowCRM\application\Espo\Core\Job\JobFactory.php(54)
[2026-08-19 12:24:01] CRITICAL: (0) Failed job 6a85a0250ad5bbfa9. Job 'UpdateLicenses' not found. :: C:\inetpub\wwwroot\AssetFlowCRM\application\Espo\Core\Job\JobFactory.php(54)
[2026-08-19 12:27:01] CRITICAL: (0) Failed job 6a85a0d905d78845a. Job 'UpdateLicenses' not found. :: C:\inetpub\wwwroot\AssetFlowCRM\application\Espo\Core\Job\JobFactory.php(54)
[2026-08-19 12:30:01] CRITICAL: (0) Failed job 6a85a18d06543180d. Job 'UpdateLicenses' not found. :: C:\inetpub\wwwroot\AssetFlowCRM\application\Espo\Core\Job\JobFactory.php(54)
[2026-08-19 12:33:01] CRITICAL: (0) Failed job 6a85a2411271b195a. Job 'UpdateLicenses' not found. :: C:\inetpub\wwwroot\AssetFlowCRM\application\Espo\Core\Job\JobFactory.php(54)
[2026-08-19 12:36:01] CRITICAL: (0) Failed job 6a85a2f51d3987c31. Job 'UpdateLicenses' not found. :: C:\inetpub\wwwroot\AssetFlowCRM\application\Espo\Core\Job\JobFactory.php(54)
[2026-08-19 12:39:01] CRITICAL: (0) Failed job 6a85a3a92584e93fe. Job 'UpdateLicenses' not found. :: C:\inetpub\wwwroot\AssetFlowCRM\application\Espo\Core\Job\JobFactory.php(54)
[2026-08-19 12:42:01] CRITICAL: (0) Failed job 6a85a45d20d3f8b64. Job 'UpdateLicenses' not found. :: C:\inetpub\wwwroot\AssetFlowCRM\application\Espo\Core\Job\JobFactory.php(54)
[2026-08-19 12:45:01] CRITICAL: (0) Failed job 6a85a51129e99feec. Job 'UpdateLicenses' not found. :: C:\inetpub\wwwroot\AssetFlowCRM\application\Espo\Core\Job\JobFactory.php(54)
[2026-08-19 12:48:01] CRITICAL: (0) Failed job 6a85a5c52f42c9f8e. Job 'UpdateLicenses' not found. :: C:\inetpub\wwwroot\AssetFlowCRM\application\Espo\Core\Job\JobFactory.php(54)
[2026-08-19 12:51:01] CRITICAL: (0) Failed job 6a85a67937188b050. Job 'UpdateLicenses' not found. :: C:\inetpub\wwwroot\AssetFlowCRM\application\Espo\Core\Job\JobFactory.php(54)
[2026-08-19 12:54:01] CRITICAL: (0) Failed job 6a85a72d38430cccc. Job 'UpdateLicenses' not found. :: C:\inetpub\wwwroot\AssetFlowCRM\application\Espo\Core\Job\JobFactory.php(54)
[2026-08-19 12:55:01] ERROR: EmailNotification: [0] No system SMTP settings.
[2026-08-19 12:57:00] CRITICAL: (0) Failed job 6a85a7e1433f4c666. Job 'UpdateLicenses' not found. :: C:\inetpub\wwwroot\AssetFlowCRM\application\Espo\Core\Job\JobFactory.php(54)
[2026-08-19 13:00:00] CRITICAL: (0) Failed job 6a85a894463ce36eb. Job 'UpdateLicenses' not found. :: C:\inetpub\wwwroot\AssetFlowCRM\application\Espo\Core\Job\JobFactory.php(54)
[2026-08-19 13:03:00] CRITICAL: (0) Failed job 6a85a9485162e5502. Job 'UpdateLicenses' not found. :: C:\inetpub\wwwroot\AssetFlowCRM\application\Espo\Core\Job\JobFactory.php(54)
[2026-08-19 13:04:02] ERROR: EmailNotification: [0] No system SMTP settings.
[2026-08-19 13:06:00] CRITICAL: (0) Failed job 6a85a9fc53cc91f1b. Job 'UpdateLicenses' not found. :: C:\inetpub\wwwroot\AssetFlowCRM\application\Espo\Core\Job\JobFactory.php(54)
[2026-08-19 13:09:00] CRITICAL: (0) Failed job 6a85aab05871b332d. Job 'UpdateLicenses' not found. :: C:\inetpub\wwwroot\AssetFlowCRM\application\Espo\Core\Job\JobFactory.php(54)
[2026-08-19 13:12:02] CRITICAL: (0) Failed job 6a85ab64642443d95. Job 'UpdateLicenses' not found. :: C:\inetpub\wwwroot\AssetFlowCRM\application\Espo\Core\Job\JobFactory.php(54)
[2026-08-19 13:15:00] CRITICAL: (0) Failed job 6a85ac1866b098ab9. Job 'UpdateLicenses' not found. :: C:\inetpub\wwwroot\AssetFlowCRM\application\Espo\Core\Job\JobFactory.php(54)
[2026-08-19 13:18:00] CRITICAL: (0) Failed job 6a85accc6160485a0. Job 'UpdateLicenses' not found. :: C:\inetpub\wwwroot\AssetFlowCRM\application\Espo\Core\Job\JobFactory.php(54)
[2026-08-19 13:21:00] CRITICAL: (0) Failed job 6a85ad806cc92913f. Job 'UpdateLicenses' not found. :: C:\inetpub\wwwroot\AssetFlowCRM\application\Espo\Core\Job\JobFactory.php(54)
[2026-08-19 13:24:00] CRITICAL: (0) Failed job 6a85ae34709a150c3. Job 'UpdateLicenses' not found. :: C:\inetpub\wwwroot\AssetFlowCRM\application\Espo\Core\Job\JobFactory.php(54)
[2026-08-19 13:25:00] ERROR: EmailNotification: [0] No system SMTP settings.
[2026-08-19 13:27:00] CRITICAL: (0) Failed job 6a85aee87a11504e9. Job 'UpdateLicenses' not found. :: C:\inetpub\wwwroot\AssetFlowCRM\application\Espo\Core\Job\JobFactory.php(54)
[2026-08-19 13:30:02] CRITICAL: (0) Failed job 6a85af9c85fc496d8. Job 'UpdateLicenses' not found. :: C:\inetpub\wwwroot\AssetFlowCRM\application\Espo\Core\Job\JobFactory.php(54)
[2026-08-19 13:31:02] ERROR: EmailNotification: [0] No system SMTP settings.
[2026-08-19 13:33:00] CRITICAL: (0) Failed job 6a85b0508a7f8d92e. Job 'UpdateLicenses' not found. :: C:\inetpub\wwwroot\AssetFlowCRM\application\Espo\Core\Job\JobFactory.php(54)
[2026-08-19 13:36:00] CRITICAL: (0) Failed job 6a85b1048f8a457d7. Job 'UpdateLicenses' not found. :: C:\inetpub\wwwroot\AssetFlowCRM\application\Espo\Core\Job\JobFactory.php(54)
[2026-08-19 13:39:00] CRITICAL: (0) Failed job 6a85b1b890735a449. Job 'UpdateLicenses' not found. :: C:\inetpub\wwwroot\AssetFlowCRM\application\Espo\Core\Job\JobFactory.php(54)
[2026-08-19 13:42:02] CRITICAL: (0) Failed job 6a85b26c96df3fc6a. Job 'UpdateLicenses' not found. :: C:\inetpub\wwwroot\AssetFlowCRM\application\Espo\Core\Job\JobFactory.php(54)
[2026-08-19 13:42:02] ERROR: EmailNotification: [0] No system SMTP settings.
[2026-08-19 13:45:00] CRITICAL: (0) Failed job 6a85b3209d11350da. Job 'UpdateLicenses' not found. :: C:\inetpub\wwwroot\AssetFlowCRM\application\Espo\Core\Job\JobFactory.php(54)
[2026-08-19 13:48:00] CRITICAL: (0) Failed job 6a85b3d4a35ea5e56. Job 'UpdateLicenses' not found. :: C:\inetpub\wwwroot\AssetFlowCRM\application\Espo\Core\Job\JobFactory.php(54)
[2026-08-19 13:51:00] CRITICAL: (0) Failed job 6a85b488a1791f1a3. Job 'UpdateLicenses' not found. :: C:\inetpub\wwwroot\AssetFlowCRM\application\Espo\Core\Job\JobFactory.php(54)
[2026-08-19 13:54:00] CRITICAL: (0) Failed job 6a85b53ca395db99e. Job 'UpdateLicenses' not found. :: C:\inetpub\wwwroot\AssetFlowCRM\application\Espo\Core\Job\JobFactory.php(54)
[2026-08-19 13:57:00] CRITICAL: (0) Failed job 6a85b5f0ada2e52e2. Job 'UpdateLicenses' not found. :: C:\inetpub\wwwroot\AssetFlowCRM\application\Espo\Core\Job\JobFactory.php(54)
[2026-08-19 14:00:00] CRITICAL: (0) Failed job 6a85b6a4afdc92166. Job 'UpdateLicenses' not found. :: C:\inetpub\wwwroot\AssetFlowCRM\application\Espo\Core\Job\JobFactory.php(54)
[2026-08-19 14:03:00] CRITICAL: (0) Failed job 6a85b758b7306030f. Job 'UpdateLicenses' not found. :: C:\inetpub\wwwroot\AssetFlowCRM\application\Espo\Core\Job\JobFactory.php(54)
[2026-08-19 14:06:00] CRITICAL: (0) Failed job 6a85b80cb9d491883. Job 'UpdateLicenses' not found. :: C:\inetpub\wwwroot\AssetFlowCRM\application\Espo\Core\Job\JobFactory.php(54)
[2026-08-19 14:09:00] CRITICAL: (0) Failed job 6a85b8c0be8ddf394. Job 'UpdateLicenses' not found. :: C:\inetpub\wwwroot\AssetFlowCRM\application\Espo\Core\Job\JobFactory.php(54)
[2026-08-19 14:12:00] CRITICAL: (0) Failed job 6a85b974c8645a7a9. Job 'UpdateLicenses' not found. :: C:\inetpub\wwwroot\AssetFlowCRM\application\Espo\Core\Job\JobFactory.php(54)
[2026-08-19 14:15:00] CRITICAL: (0) Failed job 6a85ba28cc4a3e084. Job 'UpdateLicenses' not found. :: C:\inetpub\wwwroot\AssetFlowCRM\application\Espo\Core\Job\JobFactory.php(54)
[2026-08-19 14:18:01] CRITICAL: (0) Failed job 6a85badcd38eddaed. Job 'UpdateLicenses' not found. :: C:\inetpub\wwwroot\AssetFlowCRM\application\Espo\Core\Job\JobFactory.php(54)
[2026-08-19 14:21:00] CRITICAL: (0) Failed job 6a85bb90dc3da069d. Job 'UpdateLicenses' not found. :: C:\inetpub\wwwroot\AssetFlowCRM\application\Espo\Core\Job\JobFactory.php(54)
[2026-08-19 14:24:01] CRITICAL: (0) Failed job 6a85bc44e1cf8b2fa. Job 'UpdateLicenses' not found. :: C:\inetpub\wwwroot\AssetFlowCRM\application\Espo\Core\Job\JobFactory.php(54)
[2026-08-19 14:27:01] CRITICAL: (0) Failed job 6a85bcf8eed4c3328. Job 'UpdateLicenses' not found. :: C:\inetpub\wwwroot\AssetFlowCRM\application\Espo\Core\Job\JobFactory.php(54)
[2026-08-19 14:30:01] CRITICAL: (0) Failed job 6a85bdacecd94dce6. Job 'UpdateLicenses' not found. :: C:\inetpub\wwwroot\AssetFlowCRM\application\Espo\Core\Job\JobFactory.php(54)
[2026-08-19 14:33:01] CRITICAL: (0) Failed job 6a85be61033a0bf2f. Job 'UpdateLicenses' not found. :: C:\inetpub\wwwroot\AssetFlowCRM\application\Espo\Core\Job\JobFactory.php(54)
[2026-08-19 14:36:01] CRITICAL: (0) Failed job 6a85bf15056efb658. Job 'UpdateLicenses' not found. :: C:\inetpub\wwwroot\AssetFlowCRM\application\Espo\Core\Job\JobFactory.php(54)
[2026-08-19 14:39:01] CRITICAL: (0) Failed job 6a85bfc90dc85b414. Job 'UpdateLicenses' not found. :: C:\inetpub\wwwroot\AssetFlowCRM\application\Espo\Core\Job\JobFactory.php(54)
[2026-08-19 14:42:01] CRITICAL: (0) Failed job 6a85c07d1179183e8. Job 'UpdateLicenses' not found. :: C:\inetpub\wwwroot\AssetFlowCRM\application\Espo\Core\Job\JobFactory.php(54)
[2026-08-19 14:45:01] CRITICAL: (0) Failed job 6a85c13116247c355. Job 'UpdateLicenses' not found. :: C:\inetpub\wwwroot\AssetFlowCRM\application\Espo\Core\Job\JobFactory.php(54)
[2026-08-19 14:48:01] CRITICAL: (0) Failed job 6a85c1e51c8e907f4. Job 'UpdateLicenses' not found. :: C:\inetpub\wwwroot\AssetFlowCRM\application\Espo\Core\Job\JobFactory.php(54)
[2026-08-19 14:51:01] CRITICAL: (0) Failed job 6a85c29922bfc8552. Job 'UpdateLicenses' not found. :: C:\inetpub\wwwroot\AssetFlowCRM\application\Espo\Core\Job\JobFactory.php(54)
[2026-08-19 14:54:01] CRITICAL: (0) Failed job 6a85c34d2d2df3010. Job 'UpdateLicenses' not found. :: C:\inetpub\wwwroot\AssetFlowCRM\application\Espo\Core\Job\JobFactory.php(54)
[2026-08-19 14:57:01] CRITICAL: (0) Failed job 6a85c40130851ad66. Job 'UpdateLicenses' not found. :: C:\inetpub\wwwroot\AssetFlowCRM\application\Espo\Core\Job\JobFactory.php(54)
[2026-08-19 15:00:01] CRITICAL: (0) Failed job 6a85c4b534d0fa489. Job 'UpdateLicenses' not found. :: C:\inetpub\wwwroot\AssetFlowCRM\application\Espo\Core\Job\JobFactory.php(54)
[2026-08-19 15:03:01] CRITICAL: (0) Failed job 6a85c569424a31d90. Job 'UpdateLicenses' not found. :: C:\inetpub\wwwroot\AssetFlowCRM\application\Espo\Core\Job\JobFactory.php(54)
[2026-08-19 15:06:02] CRITICAL: (0) Failed job 6a85c61d41d242e8a. Job 'UpdateLicenses' not found. :: C:\inetpub\wwwroot\AssetFlowCRM\application\Espo\Core\Job\JobFactory.php(54)
[2026-08-19 15:09:00] CRITICAL: (0) Failed job 6a85c6d0441d22a2a. Job 'UpdateLicenses' not found. :: C:\inetpub\wwwroot\AssetFlowCRM\application\Espo\Core\Job\JobFactory.php(54)
[2026-08-19 15:12:00] CRITICAL: (0) Failed job 6a85c7844c46161f9. Job 'UpdateLicenses' not found. :: C:\inetpub\wwwroot\AssetFlowCRM\application\Espo\Core\Job\JobFactory.php(54)
[2026-08-19 15:15:00] CRITICAL: (0) Failed job 6a85c83852c1b3411. Job 'UpdateLicenses' not found. :: C:\inetpub\wwwroot\AssetFlowCRM\application\Espo\Core\Job\JobFactory.php(54)
[2026-08-19 15:17:45] ERROR: (0) Unexpect token: {{/if}} ! :: GET / :: C:\inetpub\wwwroot\AssetFlowCRM\vendor\zordius\lightncandy\src\LightnCandy.php(108)
[2026-08-19 15:18:02] CRITICAL: (0) Failed job 6a85c8ec57549dab3. Job 'UpdateLicenses' not found. :: C:\inetpub\wwwroot\AssetFlowCRM\application\Espo\Core\Job\JobFactory.php(54)
[2026-08-19 15:21:00] CRITICAL: (0) Failed job 6a85c9a061323e519. Job 'UpdateLicenses' not found. :: C:\inetpub\wwwroot\AssetFlowCRM\application\Espo\Core\Job\JobFactory.php(54)
[2026-08-19 15:24:00] CRITICAL: (0) Failed job 6a85ca5470fcb83d2. Job 'UpdateLicenses' not found. :: C:\inetpub\wwwroot\AssetFlowCRM\application\Espo\Core\Job\JobFactory.php(54)
[2026-08-19 15:27:00] CRITICAL: (0) Failed job 6a85cb086e28fdb1c. Job 'UpdateLicenses' not found. :: C:\inetpub\wwwroot\AssetFlowCRM\application\Espo\Core\Job\JobFactory.php(54)
[2026-08-19 15:30:00] CRITICAL: (0) Failed job 6a85cbbc6ea8b84f1. Job 'UpdateLicenses' not found. :: C:\inetpub\wwwroot\AssetFlowCRM\application\Espo\Core\Job\JobFactory.php(54)
[2026-08-19 15:33:00] CRITICAL: (0) Failed job 6a85cc707e12b34d3. Job 'UpdateLicenses' not found. :: C:\inetpub\wwwroot\AssetFlowCRM\application\Espo\Core\Job\JobFactory.php(54)
[2026-08-19 15:36:00] CRITICAL: (0) Failed job 6a85cd247ef567b46. Job 'UpdateLicenses' not found. :: C:\inetpub\wwwroot\AssetFlowCRM\application\Espo\Core\Job\JobFactory.php(54)
[2026-08-19 15:39:00] CRITICAL: (0) Failed job 6a85cdd8853047aed. Job 'UpdateLicenses' not found. :: C:\inetpub\wwwroot\AssetFlowCRM\application\Espo\Core\Job\JobFactory.php(54)
[2026-08-19 15:42:00] CRITICAL: (0) Failed job 6a85ce8ca290a8146. Job 'UpdateLicenses' not found. :: C:\inetpub\wwwroot\AssetFlowCRM\application\Espo\Core\Job\JobFactory.php(54)
[2026-08-19 15:45:00] CRITICAL: (0) Failed job 6a85cf408f161a400. Job 'UpdateLicenses' not found. :: C:\inetpub\wwwroot\AssetFlowCRM\application\Espo\Core\Job\JobFactory.php(54)
[2026-08-19 15:48:00] CRITICAL: (0) Failed job 6a85cff494d771bf5. Job 'UpdateLicenses' not found. :: C:\inetpub\wwwroot\AssetFlowCRM\application\Espo\Core\Job\JobFactory.php(54)
[2026-08-19 15:49:59] WARNING: (400) Field validation failure; entityType: CHRRequest, field: dateDeDbut, type: required. :: POST /CHRRequest
[2026-08-19 15:50:20] WARNING: (400) Field validation failure; entityType: CHRRequest, field: dateDeDbut, type: required. :: POST /CHRRequest
[2026-08-19 15:50:41] WARNING: (400) Field validation failure; entityType: CHRRequest, field: dateDeDbut, type: required. :: POST /CHRRequest
[2026-08-19 15:51:00] CRITICAL: (0) Failed job 6a85d0a89edba9cac. Job 'UpdateLicenses' not found. :: C:\inetpub\wwwroot\AssetFlowCRM\application\Espo\Core\Job\JobFactory.php(54)
[2026-08-19 15:53:22] WARNING: (400) Field validation failure; entityType: CHRRequest, field: dateDeDbut, type: required. :: POST /CHRRequest
[2026-08-19 15:54:00] CRITICAL: (0) Failed job 6a85d15ca564783af. Job 'UpdateLicenses' not found. :: C:\inetpub\wwwroot\AssetFlowCRM\application\Espo\Core\Job\JobFactory.php(54)
[2026-08-19 15:57:00] CRITICAL: (0) Failed job 6a85d210a7e8a3289. Job 'UpdateLicenses' not found. :: C:\inetpub\wwwroot\AssetFlowCRM\application\Espo\Core\Job\JobFactory.php(54)
[2026-08-19 16:00:04] CRITICAL: (0) Failed job 6a85d2c4ad8ba4bd0. Job 'UpdateLicenses' not found. :: C:\inetpub\wwwroot\AssetFlowCRM\application\Espo\Core\Job\JobFactory.php(54)
[2026-08-19 16:03:00] CRITICAL: (0) Failed job 6a85d378b7c23bb2b. Job 'UpdateLicenses' not found. :: C:\inetpub\wwwroot\AssetFlowCRM\application\Espo\Core\Job\JobFactory.php(54)
[2026-08-19 16:06:00] CRITICAL: (0) Failed job 6a85d42cbca0c4417. Job 'UpdateLicenses' not found. :: C:\inetpub\wwwroot\AssetFlowCRM\application\Espo\Core\Job\JobFactory.php(54)
[2026-08-19 16:09:00] CRITICAL: (0) Failed job 6a85d4e0c7226630a. Job 'UpdateLicenses' not found. :: C:\inetpub\wwwroot\AssetFlowCRM\application\Espo\Core\Job\JobFactory.php(54)
[2026-08-19 16:10:36] WARNING: E_WARNING: DOMDocument::loadHTML(): Tag o:p invalid in Entity, line: 8
[2026-08-19 16:10:36] WARNING: E_WARNING: DOMDocument::loadHTML(): Unexpected end tag : h2 in Entity, line: 8
[2026-08-19 16:10:36] WARNING: E_WARNING: DOMDocument::loadHTML(): Tag o:p invalid in Entity, line: 8
[2026-08-19 16:10:36] WARNING: E_WARNING: DOMDocument::loadHTML(): Unexpected end tag : h2 in Entity, line: 8
[2026-08-19 16:12:02] CRITICAL: (0) Failed job 6a85d594c67b3e69c. Job 'UpdateLicenses' not found. :: C:\inetpub\wwwroot\AssetFlowCRM\application\Espo\Core\Job\JobFactory.php(54)
[2026-08-19 16:15:00] CRITICAL: (0) Failed job 6a85d648cfadeaf18. Job 'UpdateLicenses' not found. :: C:\inetpub\wwwroot\AssetFlowCRM\application\Espo\Core\Job\JobFactory.php(54)
[2026-08-19 16:18:03] CRITICAL: (0) Failed job 6a85d6fcd4c1b9cb1. Job 'UpdateLicenses' not found. :: C:\inetpub\wwwroot\AssetFlowCRM\application\Espo\Core\Job\JobFactory.php(54)
[2026-08-19 16:21:01] CRITICAL: (0) Failed job 6a85d7b0e22f319db. Job 'UpdateLicenses' not found. :: C:\inetpub\wwwroot\AssetFlowCRM\application\Espo\Core\Job\JobFactory.php(54)
[2026-08-19 16:24:01] CRITICAL: (0) Failed job 6a85d864e80862212. Job 'UpdateLicenses' not found. :: C:\inetpub\wwwroot\AssetFlowCRM\application\Espo\Core\Job\JobFactory.php(54)
[2026-08-19 16:26:12] WARNING: E_WARNING: rename(data\tmp\tmpB764.tmp,data/cache/application/ormMetadata.php): Access is denied (code: 5)
[2026-08-19 16:26:12] WARNING: E_WARNING: rename(data\tmp\tmpB764.tmp,data/cache/application/ormMetadata.php): Access is denied (code: 5)
[2026-08-19 16:27:01] CRITICAL: (0) Failed job 6a85d918e8d55fd0c. Job 'UpdateLicenses' not found. :: C:\inetpub\wwwroot\AssetFlowCRM\application\Espo\Core\Job\JobFactory.php(54)
[2026-08-19 16:30:06] CRITICAL: (0) Failed job 6a85d9ccee3afaf23. Job 'UpdateLicenses' not found. :: C:\inetpub\wwwroot\AssetFlowCRM\application\Espo\Core\Job\JobFactory.php(54)
[2026-08-19 16:33:01] CRITICAL: (0) Failed job 6a85da81067b139ca. Job 'UpdateLicenses' not found. :: C:\inetpub\wwwroot\AssetFlowCRM\application\Espo\Core\Job\JobFactory.php(54)
[2026-08-19 16:36:01] CRITICAL: (0) Failed job 6a85db3508dc62950. Job 'UpdateLicenses' not found. :: C:\inetpub\wwwroot\AssetFlowCRM\application\Espo\Core\Job\JobFactory.php(54)
[2026-08-19 16:39:01] CRITICAL: (0) Failed job 6a85dbe90d3a9b5ef. Job 'UpdateLicenses' not found. :: C:\inetpub\wwwroot\AssetFlowCRM\application\Espo\Core\Job\JobFactory.php(54)
[2026-08-19 16:42:01] CRITICAL: (0) Failed job 6a85dc9d0fb6085c5. Job 'UpdateLicenses' not found. :: C:\inetpub\wwwroot\AssetFlowCRM\application\Espo\Core\Job\JobFactory.php(54)
[2026-08-19 16:45:01] CRITICAL: (0) Failed job 6a85dd51170502b8f. Job 'UpdateLicenses' not found. :: C:\inetpub\wwwroot\AssetFlowCRM\application\Espo\Core\Job\JobFactory.php(54)
[2026-08-19 16:48:01] CRITICAL: (0) Failed job 6a85de051a9016d39. Job 'UpdateLicenses' not found. :: C:\inetpub\wwwroot\AssetFlowCRM\application\Espo\Core\Job\JobFactory.php(54)
[2026-08-19 16:51:01] CRITICAL: (0) Failed job 6a85deb91e081ba78. Job 'UpdateLicenses' not found. :: C:\inetpub\wwwroot\AssetFlowCRM\application\Espo\Core\Job\JobFactory.php(54)
[2026-08-19 16:54:01] CRITICAL: (0) Failed job 6a85df6d265aa745e. Job 'UpdateLicenses' not found. :: C:\inetpub\wwwroot\AssetFlowCRM\application\Espo\Core\Job\JobFactory.php(54)
[2026-08-19 16:57:01] CRITICAL: (0) Failed job 6a85e021297e9ce0e. Job 'UpdateLicenses' not found. :: C:\inetpub\wwwroot\AssetFlowCRM\application\Espo\Core\Job\JobFactory.php(54)
[2026-08-19 17:00:01] CRITICAL: (0) Failed job 6a85e0d52ac95148c. Job 'UpdateLicenses' not found. :: C:\inetpub\wwwroot\AssetFlowCRM\application\Espo\Core\Job\JobFactory.php(54)
[2026-08-19 17:03:01] CRITICAL: (0) Failed job 6a85e189325a71098. Job 'UpdateLicenses' not found. :: C:\inetpub\wwwroot\AssetFlowCRM\application\Espo\Core\Job\JobFactory.php(54)
[2026-08-19 17:06:01] CRITICAL: (0) Failed job 6a85e23d37aaecc08. Job 'UpdateLicenses' not found. :: C:\inetpub\wwwroot\AssetFlowCRM\application\Espo\Core\Job\JobFactory.php(54)
[2026-08-19 17:08:33] WARNING: (400) Field validation failure; entityType: CHRRequest, field: dateDeDbut, type: required. :: POST /CHRRequest
[2026-08-19 17:09:00] WARNING: (400) Field validation failure; entityType: CHRRequest, field: dateDeDbut, type: required. :: POST /CHRRequest
[2026-08-19 17:09:01] CRITICAL: (0) Failed job 6a85e2f13c83c96db. Job 'UpdateLicenses' not found. :: C:\inetpub\wwwroot\AssetFlowCRM\application\Espo\Core\Job\JobFactory.php(54)
[2026-08-19 17:09:03] WARNING: (400) Field validation failure; entityType: CHRRequest, field: dateDeDbut, type: required. :: POST /CHRRequest
[2026-08-19 17:12:03] CRITICAL: (0) Failed job 6a85e3a53cc05adaf. Job 'UpdateLicenses' not found. :: C:\inetpub\wwwroot\AssetFlowCRM\application\Espo\Core\Job\JobFactory.php(54)
[2026-08-19 17:15:00] CRITICAL: (0) Failed job 6a85e459431bcc4f8. Job 'UpdateLicenses' not found. :: C:\inetpub\wwwroot\AssetFlowCRM\application\Espo\Core\Job\JobFactory.php(54)
[2026-08-19 17:18:00] CRITICAL: (0) Failed job 6a85e50c41cea8270. Job 'UpdateLicenses' not found. :: C:\inetpub\wwwroot\AssetFlowCRM\application\Espo\Core\Job\JobFactory.php(54)
[2026-08-19 17:21:00] CRITICAL: (0) Failed job 6a85e5c049487af11. Job 'UpdateLicenses' not found. :: C:\inetpub\wwwroot\AssetFlowCRM\application\Espo\Core\Job\JobFactory.php(54)
[2026-08-19 17:24:00] CRITICAL: (0) Failed job 6a85e6744ecaa8492. Job 'UpdateLicenses' not found. :: C:\inetpub\wwwroot\AssetFlowCRM\application\Espo\Core\Job\JobFactory.php(54)
[2026-08-19 17:27:00] CRITICAL: (0) Failed job 6a85e728584c9442d. Job 'UpdateLicenses' not found. :: C:\inetpub\wwwroot\AssetFlowCRM\application\Espo\Core\Job\JobFactory.php(54)
[2026-08-19 17:30:00] CRITICAL: (0) Failed job 6a85e7dc5c198f9aa. Job 'UpdateLicenses' not found. :: C:\inetpub\wwwroot\AssetFlowCRM\application\Espo\Core\Job\JobFactory.php(54)
[2026-08-19 17:33:00] CRITICAL: (0) Failed job 6a85e890653f3d051. Job 'UpdateLicenses' not found. :: C:\inetpub\wwwroot\AssetFlowCRM\application\Espo\Core\Job\JobFactory.php(54)
[2026-08-19 17:36:00] CRITICAL: (0) Failed job 6a85e9446aae15792. Job 'UpdateLicenses' not found. :: C:\inetpub\wwwroot\AssetFlowCRM\application\Espo\Core\Job\JobFactory.php(54)
[2026-08-19 17:39:00] CRITICAL: (0) Failed job 6a85e9f86bc252c82. Job 'UpdateLicenses' not found. :: C:\inetpub\wwwroot\AssetFlowCRM\application\Espo\Core\Job\JobFactory.php(54)
[2026-08-19 17:42:00] CRITICAL: (0) Failed job 6a85eaac70c5f885e. Job 'UpdateLicenses' not found. :: C:\inetpub\wwwroot\AssetFlowCRM\application\Espo\Core\Job\JobFactory.php(54)
[2026-08-19 17:45:00] CRITICAL: (0) Failed job 6a85eb607cb645da2. Job 'UpdateLicenses' not found. :: C:\inetpub\wwwroot\AssetFlowCRM\application\Espo\Core\Job\JobFactory.php(54)
[2026-08-19 17:48:00] CRITICAL: (0) Failed job 6a85ec1480b09c439. Job 'UpdateLicenses' not found. :: C:\inetpub\wwwroot\AssetFlowCRM\application\Espo\Core\Job\JobFactory.php(54)
[2026-08-19 17:51:00] CRITICAL: (0) Failed job 6a85ecc88618c8d5d. Job 'UpdateLicenses' not found. :: C:\inetpub\wwwroot\AssetFlowCRM\application\Espo\Core\Job\JobFactory.php(54)
[2026-08-19 17:54:00] CRITICAL: (0) Failed job 6a85ed7c84725b6a1. Job 'UpdateLicenses' not found. :: C:\inetpub\wwwroot\AssetFlowCRM\application\Espo\Core\Job\JobFactory.php(54)
[2026-08-19 17:57:00] CRITICAL: (0) Failed job 6a85ee308e0b623a7. Job 'UpdateLicenses' not found. :: C:\inetpub\wwwroot\AssetFlowCRM\application\Espo\Core\Job\JobFactory.php(54)
[2026-08-19 18:00:00] CRITICAL: (0) Failed job 6a85eee492fdd485f. Job 'UpdateLicenses' not found. :: C:\inetpub\wwwroot\AssetFlowCRM\application\Espo\Core\Job\JobFactory.php(54)
[2026-08-19 18:03:00] CRITICAL: (0) Failed job 6a85ef9899a0b8bd2. Job 'UpdateLicenses' not found. :: C:\inetpub\wwwroot\AssetFlowCRM\application\Espo\Core\Job\JobFactory.php(54)
[2026-08-19 18:06:00] CRITICAL: (0) Failed job 6a85f04c9ad443875. Job 'UpdateLicenses' not found. :: C:\inetpub\wwwroot\AssetFlowCRM\application\Espo\Core\Job\JobFactory.php(54)
[2026-08-19 18:09:00] CRITICAL: (0) Failed job 6a85f1009f701d3f8. Job 'UpdateLicenses' not found. :: C:\inetpub\wwwroot\AssetFlowCRM\application\Espo\Core\Job\JobFactory.php(54)
[2026-08-19 18:12:02] CRITICAL: (0) Failed job 6a85f1b4a65deda20. Job 'UpdateLicenses' not found. :: C:\inetpub\wwwroot\AssetFlowCRM\application\Espo\Core\Job\JobFactory.php(54)
[2026-08-19 18:15:00] CRITICAL: (0) Failed job 6a85f268b007eee43. Job 'UpdateLicenses' not found. :: C:\inetpub\wwwroot\AssetFlowCRM\application\Espo\Core\Job\JobFactory.php(54)
[2026-08-19 18:18:00] CRITICAL: (0) Failed job 6a85f31cb3258cc7a. Job 'UpdateLicenses' not found. :: C:\inetpub\wwwroot\AssetFlowCRM\application\Espo\Core\Job\JobFactory.php(54)
[2026-08-19 18:21:00] CRITICAL: (0) Failed job 6a85f3d0bef4563e6. Job 'UpdateLicenses' not found. :: C:\inetpub\wwwroot\AssetFlowCRM\application\Espo\Core\Job\JobFactory.php(54)
[2026-08-19 18:24:00] CRITICAL: (0) Failed job 6a85f484c3297c5c7. Job 'UpdateLicenses' not found. :: C:\inetpub\wwwroot\AssetFlowCRM\application\Espo\Core\Job\JobFactory.php(54)
[2026-08-19 18:27:00] CRITICAL: (0) Failed job 6a85f538c9cefc4d1. Job 'UpdateLicenses' not found. :: C:\inetpub\wwwroot\AssetFlowCRM\application\Espo\Core\Job\JobFactory.php(54)
[2026-08-19 18:30:01] CRITICAL: (0) Failed job 6a85f5eccdf2487ba. Job 'UpdateLicenses' not found. :: C:\inetpub\wwwroot\AssetFlowCRM\application\Espo\Core\Job\JobFactory.php(54)
[2026-08-19 18:33:00] CRITICAL: (0) Failed job 6a85f6a0d6c1cdeb0. Job 'UpdateLicenses' not found. :: C:\inetpub\wwwroot\AssetFlowCRM\application\Espo\Core\Job\JobFactory.php(54)
[2026-08-19 18:36:01] CRITICAL: (0) Failed job 6a85f754dca7f63a2. Job 'UpdateLicenses' not found. :: C:\inetpub\wwwroot\AssetFlowCRM\application\Espo\Core\Job\JobFactory.php(54)
[2026-08-19 18:39:00] CRITICAL: (0) Failed job 6a85f808e5d2e737d. Job 'UpdateLicenses' not found. :: C:\inetpub\wwwroot\AssetFlowCRM\application\Espo\Core\Job\JobFactory.php(54)
[2026-08-19 18:42:01] CRITICAL: (0) Failed job 6a85f8bce71e4fb37. Job 'UpdateLicenses' not found. :: C:\inetpub\wwwroot\AssetFlowCRM\application\Espo\Core\Job\JobFactory.php(54)
[2026-08-19 18:45:01] CRITICAL: (0) Failed job 6a85f970ef3431acb. Job 'UpdateLicenses' not found. :: C:\inetpub\wwwroot\AssetFlowCRM\application\Espo\Core\Job\JobFactory.php(54)
[2026-08-19 18:48:01] CRITICAL: (0) Failed job 6a85fa25022526994. Job 'UpdateLicenses' not found. :: C:\inetpub\wwwroot\AssetFlowCRM\application\Espo\Core\Job\JobFactory.php(54)
[2026-08-19 18:51:01] CRITICAL: (0) Failed job 6a85fad9074a62573. Job 'UpdateLicenses' not found. :: C:\inetpub\wwwroot\AssetFlowCRM\application\Espo\Core\Job\JobFactory.php(54)
[2026-08-19 18:54:01] CRITICAL: (0) Failed job 6a85fb8d0d2db9067. Job 'UpdateLicenses' not found. :: C:\inetpub\wwwroot\AssetFlowCRM\application\Espo\Core\Job\JobFactory.php(54)
[2026-08-19 18:57:01] CRITICAL: (0) Failed job 6a85fc411470d8089. Job 'UpdateLicenses' not found. :: C:\inetpub\wwwroot\AssetFlowCRM\application\Espo\Core\Job\JobFactory.php(54)
[2026-08-19 19:00:01] CRITICAL: (0) Failed job 6a85fcf51a192ea3f. Job 'UpdateLicenses' not found. :: C:\inetpub\wwwroot\AssetFlowCRM\application\Espo\Core\Job\JobFactory.php(54)
[2026-08-19 19:03:01] CRITICAL: (0) Failed job 6a85fda9233655fd9. Job 'UpdateLicenses' not found. :: C:\inetpub\wwwroot\AssetFlowCRM\application\Espo\Core\Job\JobFactory.php(54)
[2026-08-19 19:06:01] CRITICAL: (0) Failed job 6a85fe5d2c29a726e. Job 'UpdateLicenses' not found. :: C:\inetpub\wwwroot\AssetFlowCRM\application\Espo\Core\Job\JobFactory.php(54)
[2026-08-19 19:09:01] CRITICAL: (0) Failed job 6a85ff113020b713f. Job 'UpdateLicenses' not found. :: C:\inetpub\wwwroot\AssetFlowCRM\application\Espo\Core\Job\JobFactory.php(54)
[2026-08-19 19:12:01] CRITICAL: (0) Failed job 6a85ffc530ad20389. Job 'UpdateLicenses' not found. :: C:\inetpub\wwwroot\AssetFlowCRM\application\Espo\Core\Job\JobFactory.php(54)
[2026-08-19 19:15:01] CRITICAL: (0) Failed job 6a860079377a5d2ac. Job 'UpdateLicenses' not found. :: C:\inetpub\wwwroot\AssetFlowCRM\application\Espo\Core\Job\JobFactory.php(54)
[2026-08-19 19:18:01] CRITICAL: (0) Failed job 6a86012d3e5a2c663. Job 'UpdateLicenses' not found. :: C:\inetpub\wwwroot\AssetFlowCRM\application\Espo\Core\Job\JobFactory.php(54)
[2026-08-19 19:21:00] CRITICAL: (0) Failed job 6a8601e04972e1c7c. Job 'UpdateLicenses' not found. :: C:\inetpub\wwwroot\AssetFlowCRM\application\Espo\Core\Job\JobFactory.php(54)
[2026-08-19 19:24:00] CRITICAL: (0) Failed job 6a8602944d7e91808. Job 'UpdateLicenses' not found. :: C:\inetpub\wwwroot\AssetFlowCRM\application\Espo\Core\Job\JobFactory.php(54)
[2026-08-19 19:27:00] CRITICAL: (0) Failed job 6a86034853e0579ba. Job 'UpdateLicenses' not found. :: C:\inetpub\wwwroot\AssetFlowCRM\application\Espo\Core\Job\JobFactory.php(54)
[2026-08-19 19:30:00] CRITICAL: (0) Failed job 6a8603fc57b5eb334. Job 'UpdateLicenses' not found. :: C:\inetpub\wwwroot\AssetFlowCRM\application\Espo\Core\Job\JobFactory.php(54)
[2026-08-19 19:33:00] CRITICAL: (0) Failed job 6a8604b061f17dbd9. Job 'UpdateLicenses' not found. :: C:\inetpub\wwwroot\AssetFlowCRM\application\Espo\Core\Job\JobFactory.php(54)
[2026-08-19 19:36:00] CRITICAL: (0) Failed job 6a86056466e2bfa41. Job 'UpdateLicenses' not found. :: C:\inetpub\wwwroot\AssetFlowCRM\application\Espo\Core\Job\JobFactory.php(54)
[2026-08-19 19:39:00] CRITICAL: (0) Failed job 6a8606186f46a4816. Job 'UpdateLicenses' not found. :: C:\inetpub\wwwroot\AssetFlowCRM\application\Espo\Core\Job\JobFactory.php(54)
[2026-08-19 19:42:00] CRITICAL: (0) Failed job 6a8606cc72612d022. Job 'UpdateLicenses' not found. :: C:\inetpub\wwwroot\AssetFlowCRM\application\Espo\Core\Job\JobFactory.php(54)
[2026-08-19 19:45:00] CRITICAL: (0) Failed job 6a860780747e78ec4. Job 'UpdateLicenses' not found. :: C:\inetpub\wwwroot\AssetFlowCRM\application\Espo\Core\Job\JobFactory.php(54)
[2026-08-19 19:48:00] CRITICAL: (0) Failed job 6a8608347c839266a. Job 'UpdateLicenses' not found. :: C:\inetpub\wwwroot\AssetFlowCRM\application\Espo\Core\Job\JobFactory.php(54)
[2026-08-19 19:51:00] CRITICAL: (0) Failed job 6a8608e88ab582798. Job 'UpdateLicenses' not found. :: C:\inetpub\wwwroot\AssetFlowCRM\application\Espo\Core\Job\JobFactory.php(54)
[2026-08-19 19:54:00] CRITICAL: (0) Failed job 6a86099c86356b613. Job 'UpdateLicenses' not found. :: C:\inetpub\wwwroot\AssetFlowCRM\application\Espo\Core\Job\JobFactory.php(54)
[2026-08-19 19:57:00] CRITICAL: (0) Failed job 6a860a508f60cbb7a. Job 'UpdateLicenses' not found. :: C:\inetpub\wwwroot\AssetFlowCRM\application\Espo\Core\Job\JobFactory.php(54)
[2026-08-19 20:00:00] CRITICAL: (0) Failed job 6a860b049541a06b9. Job 'UpdateLicenses' not found. :: C:\inetpub\wwwroot\AssetFlowCRM\application\Espo\Core\Job\JobFactory.php(54)
[2026-08-19 20:03:00] CRITICAL: (0) Failed job 6a860bb89a08a93cf. Job 'UpdateLicenses' not found. :: C:\inetpub\wwwroot\AssetFlowCRM\application\Espo\Core\Job\JobFactory.php(54)
[2026-08-19 20:06:00] CRITICAL: (0) Failed job 6a860c6ca3e77ae40. Job 'UpdateLicenses' not found. :: C:\inetpub\wwwroot\AssetFlowCRM\application\Espo\Core\Job\JobFactory.php(54)
[2026-08-19 20:09:00] CRITICAL: (0) Failed job 6a860d20ae45e8a97. Job 'UpdateLicenses' not found. :: C:\inetpub\wwwroot\AssetFlowCRM\application\Espo\Core\Job\JobFactory.php(54)
[2026-08-19 20:12:00] CRITICAL: (0) Failed job 6a860dd4b59958261. Job 'UpdateLicenses' not found. :: C:\inetpub\wwwroot\AssetFlowCRM\application\Espo\Core\Job\JobFactory.php(54)
[2026-08-19 20:15:00] CRITICAL: (0) Failed job 6a860e88ba4d47cd3. Job 'UpdateLicenses' not found. :: C:\inetpub\wwwroot\AssetFlowCRM\application\Espo\Core\Job\JobFactory.php(54)
[2026-08-19 20:18:00] CRITICAL: (0) Failed job 6a860f3cc7c177b0f. Job 'UpdateLicenses' not found. :: C:\inetpub\wwwroot\AssetFlowCRM\application\Espo\Core\Job\JobFactory.php(54)
[2026-08-19 20:21:00] CRITICAL: (0) Failed job 6a860ff0c9968b93f. Job 'UpdateLicenses' not found. :: C:\inetpub\wwwroot\AssetFlowCRM\application\Espo\Core\Job\JobFactory.php(54)
[2026-08-19 20:24:00] CRITICAL: (0) Failed job 6a8610a4d2996c4eb. Job 'UpdateLicenses' not found. :: C:\inetpub\wwwroot\AssetFlowCRM\application\Espo\Core\Job\JobFactory.php(54)
[2026-08-19 20:27:00] CRITICAL: (0) Failed job 6a861158d73e189e8. Job 'UpdateLicenses' not found. :: C:\inetpub\wwwroot\AssetFlowCRM\application\Espo\Core\Job\JobFactory.php(54)
[2026-08-19 20:30:01] CRITICAL: (0) Failed job 6a86120cd6859c857. Job 'UpdateLicenses' not found. :: C:\inetpub\wwwroot\AssetFlowCRM\application\Espo\Core\Job\JobFactory.php(54)
[2026-08-19 20:33:00] CRITICAL: (0) Failed job 6a8612c0dbd9a7115. Job 'UpdateLicenses' not found. :: C:\inetpub\wwwroot\AssetFlowCRM\application\Espo\Core\Job\JobFactory.php(54)
[2026-08-19 20:36:01] CRITICAL: (0) Failed job 6a861374e1fd53baa. Job 'UpdateLicenses' not found. :: C:\inetpub\wwwroot\AssetFlowCRM\application\Espo\Core\Job\JobFactory.php(54)
[2026-08-19 20:39:01] CRITICAL: (0) Failed job 6a861428e5b2c3c59. Job 'UpdateLicenses' not found. :: C:\inetpub\wwwroot\AssetFlowCRM\application\Espo\Core\Job\JobFactory.php(54)
[2026-08-19 20:42:01] CRITICAL: (0) Failed job 6a8614dcead90acee. Job 'UpdateLicenses' not found. :: C:\inetpub\wwwroot\AssetFlowCRM\application\Espo\Core\Job\JobFactory.php(54)
[2026-08-19 20:45:01] CRITICAL: (0) Failed job 6a861590f2e3fb613. Job 'UpdateLicenses' not found. :: C:\inetpub\wwwroot\AssetFlowCRM\application\Espo\Core\Job\JobFactory.php(54)
[2026-08-19 20:48:01] CRITICAL: (0) Failed job 6a86164502659abd8. Job 'UpdateLicenses' not found. :: C:\inetpub\wwwroot\AssetFlowCRM\application\Espo\Core\Job\JobFactory.php(54)
[2026-08-19 20:51:01] CRITICAL: (0) Failed job 6a8616f90bdf06da6. Job 'UpdateLicenses' not found. :: C:\inetpub\wwwroot\AssetFlowCRM\application\Espo\Core\Job\JobFactory.php(54)
[2026-08-19 20:54:01] CRITICAL: (0) Failed job 6a8617ad0fd1651fa. Job 'UpdateLicenses' not found. :: C:\inetpub\wwwroot\AssetFlowCRM\application\Espo\Core\Job\JobFactory.php(54)
[2026-08-19 20:57:01] CRITICAL: (0) Failed job 6a86186115e415ada. Job 'UpdateLicenses' not found. :: C:\inetpub\wwwroot\AssetFlowCRM\application\Espo\Core\Job\JobFactory.php(54)
[2026-08-19 21:00:01] CRITICAL: (0) Failed job 6a86191518b1696ae. Job 'UpdateLicenses' not found. :: C:\inetpub\wwwroot\AssetFlowCRM\application\Espo\Core\Job\JobFactory.php(54)
[2026-08-19 21:03:01] CRITICAL: (0) Failed job 6a8619c91fc8a8777. Job 'UpdateLicenses' not found. :: C:\inetpub\wwwroot\AssetFlowCRM\application\Espo\Core\Job\JobFactory.php(54)
[2026-08-19 21:06:01] CRITICAL: (0) Failed job 6a861a7d21a853296. Job 'UpdateLicenses' not found. :: C:\inetpub\wwwroot\AssetFlowCRM\application\Espo\Core\Job\JobFactory.php(54)
[2026-08-19 21:09:01] CRITICAL: (0) Failed job 6a861b31299e0e553. Job 'UpdateLicenses' not found. :: C:\inetpub\wwwroot\AssetFlowCRM\application\Espo\Core\Job\JobFactory.php(54)
[2026-08-19 21:12:01] CRITICAL: (0) Failed job 6a861be52d07687fa. Job 'UpdateLicenses' not found. :: C:\inetpub\wwwroot\AssetFlowCRM\application\Espo\Core\Job\JobFactory.php(54)
[2026-08-19 21:15:01] CRITICAL: (0) Failed job 6a861c993593a7978. Job 'UpdateLicenses' not found. :: C:\inetpub\wwwroot\AssetFlowCRM\application\Espo\Core\Job\JobFactory.php(54)
[2026-08-19 21:18:01] CRITICAL: (0) Failed job 6a861d4d3a9a0b9d5. Job 'UpdateLicenses' not found. :: C:\inetpub\wwwroot\AssetFlowCRM\application\Espo\Core\Job\JobFactory.php(54)
[2026-08-19 21:21:00] CRITICAL: (0) Failed job 6a861e01409c59bcd. Job 'UpdateLicenses' not found. :: C:\inetpub\wwwroot\AssetFlowCRM\application\Espo\Core\Job\JobFactory.php(54)
[2026-08-19 21:24:00] CRITICAL: (0) Failed job 6a861eb444ebdd8ed. Job 'UpdateLicenses' not found. :: C:\inetpub\wwwroot\AssetFlowCRM\application\Espo\Core\Job\JobFactory.php(54)
[2026-08-19 21:27:00] CRITICAL: (0) Failed job 6a861f684a6f0e8c5. Job 'UpdateLicenses' not found. :: C:\inetpub\wwwroot\AssetFlowCRM\application\Espo\Core\Job\JobFactory.php(54)
[2026-08-19 21:30:00] CRITICAL: (0) Failed job 6a86201c512df054f. Job 'UpdateLicenses' not found. :: C:\inetpub\wwwroot\AssetFlowCRM\application\Espo\Core\Job\JobFactory.php(54)
[2026-08-19 21:33:00] CRITICAL: (0) Failed job 6a8620d05ad486802. Job 'UpdateLicenses' not found. :: C:\inetpub\wwwroot\AssetFlowCRM\application\Espo\Core\Job\JobFactory.php(54)
[2026-08-19 21:36:00] CRITICAL: (0) Failed job 6a8621845f38bee37. Job 'UpdateLicenses' not found. :: C:\inetpub\wwwroot\AssetFlowCRM\application\Espo\Core\Job\JobFactory.php(54)
[2026-08-19 21:39:00] CRITICAL: (0) Failed job 6a862238691ccb714. Job 'UpdateLicenses' not found. :: C:\inetpub\wwwroot\AssetFlowCRM\application\Espo\Core\Job\JobFactory.php(54)
[2026-08-19 21:42:00] CRITICAL: (0) Failed job 6a8622ec7128d88d2. Job 'UpdateLicenses' not found. :: C:\inetpub\wwwroot\AssetFlowCRM\application\Espo\Core\Job\JobFactory.php(54)
[2026-08-19 21:45:00] CRITICAL: (0) Failed job 6a8623a0780db039e. Job 'UpdateLicenses' not found. :: C:\inetpub\wwwroot\AssetFlowCRM\application\Espo\Core\Job\JobFactory.php(54)
[2026-08-19 21:48:00] CRITICAL: (0) Failed job 6a86245481fa9e8e9. Job 'UpdateLicenses' not found. :: C:\inetpub\wwwroot\AssetFlowCRM\application\Espo\Core\Job\JobFactory.php(54)
[2026-08-19 21:51:00] CRITICAL: (0) Failed job 6a86250882ade6fee. Job 'UpdateLicenses' not found. :: C:\inetpub\wwwroot\AssetFlowCRM\application\Espo\Core\Job\JobFactory.php(54)
[2026-08-19 21:54:00] CRITICAL: (0) Failed job 6a8625bc82ea5a761. Job 'UpdateLicenses' not found. :: C:\inetpub\wwwroot\AssetFlowCRM\application\Espo\Core\Job\JobFactory.php(54)
[2026-08-19 21:57:00] CRITICAL: (0) Failed job 6a8626708795c5c97. Job 'UpdateLicenses' not found. :: C:\inetpub\wwwroot\AssetFlowCRM\application\Espo\Core\Job\JobFactory.php(54)
[2026-08-19 22:00:00] CRITICAL: (0) Failed job 6a8627248c5d02540. Job 'UpdateLicenses' not found. :: C:\inetpub\wwwroot\AssetFlowCRM\application\Espo\Core\Job\JobFactory.php(54)
[2026-08-19 22:03:00] CRITICAL: (0) Failed job 6a8627d89575778db. Job 'UpdateLicenses' not found. :: C:\inetpub\wwwroot\AssetFlowCRM\application\Espo\Core\Job\JobFactory.php(54)
[2026-08-19 22:06:00] CRITICAL: (0) Failed job 6a86288c96fd40191. Job 'UpdateLicenses' not found. :: C:\inetpub\wwwroot\AssetFlowCRM\application\Espo\Core\Job\JobFactory.php(54)
[2026-08-19 22:09:00] CRITICAL: (0) Failed job 6a8629409c6323867. Job 'UpdateLicenses' not found. :: C:\inetpub\wwwroot\AssetFlowCRM\application\Espo\Core\Job\JobFactory.php(54)
[2026-08-19 22:12:00] CRITICAL: (0) Failed job 6a8629f49d3f599c2. Job 'UpdateLicenses' not found. :: C:\inetpub\wwwroot\AssetFlowCRM\application\Espo\Core\Job\JobFactory.php(54)
[2026-08-19 22:15:00] CRITICAL: (0) Failed job 6a862aa8a45b654b3. Job 'UpdateLicenses' not found. :: C:\inetpub\wwwroot\AssetFlowCRM\application\Espo\Core\Job\JobFactory.php(54)
[2026-08-19 22:18:00] CRITICAL: (0) Failed job 6a862b5ca5b8cfc7c. Job 'UpdateLicenses' not found. :: C:\inetpub\wwwroot\AssetFlowCRM\application\Espo\Core\Job\JobFactory.php(54)
[2026-08-19 22:21:00] CRITICAL: (0) Failed job 6a862c10ad37d1982. Job 'UpdateLicenses' not found. :: C:\inetpub\wwwroot\AssetFlowCRM\application\Espo\Core\Job\JobFactory.php(54)
[2026-08-19 22:24:00] CRITICAL: (0) Failed job 6a862cc4b05919f07. Job 'UpdateLicenses' not found. :: C:\inetpub\wwwroot\AssetFlowCRM\application\Espo\Core\Job\JobFactory.php(54)
[2026-08-19 22:27:00] CRITICAL: (0) Failed job 6a862d78b878fa96f. Job 'UpdateLicenses' not found. :: C:\inetpub\wwwroot\AssetFlowCRM\application\Espo\Core\Job\JobFactory.php(54)
[2026-08-19 22:30:00] CRITICAL: (0) Failed job 6a862e2cbc82f86ff. Job 'UpdateLicenses' not found. :: C:\inetpub\wwwroot\AssetFlowCRM\application\Espo\Core\Job\JobFactory.php(54)
[2026-08-19 22:33:00] CRITICAL: (0) Failed job 6a862ee0c4f94c793. Job 'UpdateLicenses' not found. :: C:\inetpub\wwwroot\AssetFlowCRM\application\Espo\Core\Job\JobFactory.php(54)
[2026-08-19 22:36:00] CRITICAL: (0) Failed job 6a862f94c8a99bd27. Job 'UpdateLicenses' not found. :: C:\inetpub\wwwroot\AssetFlowCRM\application\Espo\Core\Job\JobFactory.php(54)
[2026-08-19 22:39:00] CRITICAL: (0) Failed job 6a863048cf4a3fa72. Job 'UpdateLicenses' not found. :: C:\inetpub\wwwroot\AssetFlowCRM\application\Espo\Core\Job\JobFactory.php(54)
[2026-08-19 22:42:01] CRITICAL: (0) Failed job 6a8630fcd22905700. Job 'UpdateLicenses' not found. :: C:\inetpub\wwwroot\AssetFlowCRM\application\Espo\Core\Job\JobFactory.php(54)
[2026-08-19 22:45:00] CRITICAL: (0) Failed job 6a8631b0dc9a3d935. Job 'UpdateLicenses' not found. :: C:\inetpub\wwwroot\AssetFlowCRM\application\Espo\Core\Job\JobFactory.php(54)
[2026-08-19 22:48:01] CRITICAL: (0) Failed job 6a863264e1b2af621. Job 'UpdateLicenses' not found. :: C:\inetpub\wwwroot\AssetFlowCRM\application\Espo\Core\Job\JobFactory.php(54)
[2026-08-19 22:51:00] CRITICAL: (0) Failed job 6a863318e4b9b6100. Job 'UpdateLicenses' not found. :: C:\inetpub\wwwroot\AssetFlowCRM\application\Espo\Core\Job\JobFactory.php(54)
[2026-08-19 22:54:01] CRITICAL: (0) Failed job 6a8633cce4c5bcfde. Job 'UpdateLicenses' not found. :: C:\inetpub\wwwroot\AssetFlowCRM\application\Espo\Core\Job\JobFactory.php(54)
[2026-08-19 22:57:01] CRITICAL: (0) Failed job 6a863480ee8118a83. Job 'UpdateLicenses' not found. :: C:\inetpub\wwwroot\AssetFlowCRM\application\Espo\Core\Job\JobFactory.php(54)
[2026-08-19 23:00:01] CRITICAL: (0) Failed job 6a86353500fc5cfed. Job 'UpdateLicenses' not found. :: C:\inetpub\wwwroot\AssetFlowCRM\application\Espo\Core\Job\JobFactory.php(54)
[2026-08-19 23:03:01] CRITICAL: (0) Failed job 6a8635e90a66cf584. Job 'UpdateLicenses' not found. :: C:\inetpub\wwwroot\AssetFlowCRM\application\Espo\Core\Job\JobFactory.php(54)
[2026-08-19 23:06:01] CRITICAL: (0) Failed job 6a86369d104ee5308. Job 'UpdateLicenses' not found. :: C:\inetpub\wwwroot\AssetFlowCRM\application\Espo\Core\Job\JobFactory.php(54)
[2026-08-19 23:09:01] CRITICAL: (0) Failed job 6a8637510ef0a43d9. Job 'UpdateLicenses' not found. :: C:\inetpub\wwwroot\AssetFlowCRM\application\Espo\Core\Job\JobFactory.php(54)
[2026-08-19 23:12:01] CRITICAL: (0) Failed job 6a86380516294dc52. Job 'UpdateLicenses' not found. :: C:\inetpub\wwwroot\AssetFlowCRM\application\Espo\Core\Job\JobFactory.php(54)
[2026-08-19 23:15:01] CRITICAL: (0) Failed job 6a8638b91a2b50391. Job 'UpdateLicenses' not found. :: C:\inetpub\wwwroot\AssetFlowCRM\application\Espo\Core\Job\JobFactory.php(54)
[2026-08-19 23:18:01] CRITICAL: (0) Failed job 6a86396d1efeb8e9b. Job 'UpdateLicenses' not found. :: C:\inetpub\wwwroot\AssetFlowCRM\application\Espo\Core\Job\JobFactory.php(54)
[2026-08-19 23:21:01] CRITICAL: (0) Failed job 6a863a2127b98d0a5. Job 'UpdateLicenses' not found. :: C:\inetpub\wwwroot\AssetFlowCRM\application\Espo\Core\Job\JobFactory.php(54)
[2026-08-19 23:24:01] CRITICAL: (0) Failed job 6a863ad52b9b57095. Job 'UpdateLicenses' not found. :: C:\inetpub\wwwroot\AssetFlowCRM\application\Espo\Core\Job\JobFactory.php(54)
[2026-08-19 23:27:01] CRITICAL: (0) Failed job 6a863b8931c78d258. Job 'UpdateLicenses' not found. :: C:\inetpub\wwwroot\AssetFlowCRM\application\Espo\Core\Job\JobFactory.php(54)
[2026-08-19 23:30:01] CRITICAL: (0) Failed job 6a863c3d37be0dd26. Job 'UpdateLicenses' not found. :: C:\inetpub\wwwroot\AssetFlowCRM\application\Espo\Core\Job\JobFactory.php(54)
[2026-08-19 23:33:01] CRITICAL: (0) Failed job 6a863cf1430216465. Job 'UpdateLicenses' not found. :: C:\inetpub\wwwroot\AssetFlowCRM\application\Espo\Core\Job\JobFactory.php(54)
[2026-08-19 23:36:00] CRITICAL: (0) Failed job 6a863da4485f798ef. Job 'UpdateLicenses' not found. :: C:\inetpub\wwwroot\AssetFlowCRM\application\Espo\Core\Job\JobFactory.php(54)
[2026-08-19 23:39:00] CRITICAL: (0) Failed job 6a863e584d2aef1f5. Job 'UpdateLicenses' not found. :: C:\inetpub\wwwroot\AssetFlowCRM\application\Espo\Core\Job\JobFactory.php(54)
[2026-08-19 23:42:00] CRITICAL: (0) Failed job 6a863f0c543eab14c. Job 'UpdateLicenses' not found. :: C:\inetpub\wwwroot\AssetFlowCRM\application\Espo\Core\Job\JobFactory.php(54)
[2026-08-19 23:45:00] CRITICAL: (0) Failed job 6a863fc05baa23617. Job 'UpdateLicenses' not found. :: C:\inetpub\wwwroot\AssetFlowCRM\application\Espo\Core\Job\JobFactory.php(54)
[2026-08-19 23:48:00] CRITICAL: (0) Failed job 6a86407462db9997d. Job 'UpdateLicenses' not found. :: C:\inetpub\wwwroot\AssetFlowCRM\application\Espo\Core\Job\JobFactory.php(54)
[2026-08-19 23:51:00] CRITICAL: (0) Failed job 6a8641286e63a7971. Job 'UpdateLicenses' not found. :: C:\inetpub\wwwroot\AssetFlowCRM\application\Espo\Core\Job\JobFactory.php(54)
[2026-08-19 23:54:00] CRITICAL: (0) Failed job 6a8641dc719954763. Job 'UpdateLicenses' not found. :: C:\inetpub\wwwroot\AssetFlowCRM\application\Espo\Core\Job\JobFactory.php(54)
[2026-08-19 23:57:00] CRITICAL: (0) Failed job 6a86429078919dc0f. Job 'UpdateLicenses' not found. :: C:\inetpub\wwwroot\AssetFlowCRM\application\Espo\Core\Job\JobFactory.php(54)
