[2026-07-15 09:12:57] ERROR: (0) Uncaught Exception JsonException: "JSON syntax error in 'custom\Espo\Custom\Resources\metadata\entityDefs/CProduct.json'." at C:\xampp\htdocs\EspoCRM-9.2.0\application\Espo\Core\Utils\File\Unifier.php line 239 :: C:\xampp\htdocs\EspoCRM-9.2.0\application\Espo\Core\Utils\File\Unifier.php(239)
[2026-07-15 09:12:57] ERROR: (0) Uncaught Exception JsonException: "JSON syntax error in 'custom\Espo\Custom\Resources\metadata\entityDefs/CProduct.json'." at C:\xampp\htdocs\EspoCRM-9.2.0\application\Espo\Core\Utils\File\Unifier.php line 239 :: C:\xampp\htdocs\EspoCRM-9.2.0\application\Espo\Core\Utils\File\Unifier.php(239)
[2026-07-15 09:12:57] ERROR: (0) Uncaught Exception JsonException: "JSON syntax error in 'custom\Espo\Custom\Resources\metadata\entityDefs/CProduct.json'." at C:\xampp\htdocs\EspoCRM-9.2.0\application\Espo\Core\Utils\File\Unifier.php line 239 :: C:\xampp\htdocs\EspoCRM-9.2.0\application\Espo\Core\Utils\File\Unifier.php(239)
[2026-07-15 09:12:58] ERROR: (0) Uncaught Exception JsonException: "JSON syntax error in 'custom\Espo\Custom\Resources\metadata\entityDefs/CProduct.json'." at C:\xampp\htdocs\EspoCRM-9.2.0\application\Espo\Core\Utils\File\Unifier.php line 239 :: C:\xampp\htdocs\EspoCRM-9.2.0\application\Espo\Core\Utils\File\Unifier.php(239)
[2026-07-15 09:13:01] ERROR: (0) Uncaught Exception JsonException: "JSON syntax error in 'custom\Espo\Custom\Resources\metadata\entityDefs/CProduct.json'." at C:\xampp\htdocs\EspoCRM-9.2.0\application\Espo\Core\Utils\File\Unifier.php line 239 :: C:\xampp\htdocs\EspoCRM-9.2.0\application\Espo\Core\Utils\File\Unifier.php(239)
[2026-07-15 09:13:03] ERROR: (0) Uncaught Exception JsonException: "JSON syntax error in 'custom\Espo\Custom\Resources\metadata\entityDefs/CProduct.json'." at C:\xampp\htdocs\EspoCRM-9.2.0\application\Espo\Core\Utils\File\Unifier.php line 239 :: C:\xampp\htdocs\EspoCRM-9.2.0\application\Espo\Core\Utils\File\Unifier.php(239)
[2026-07-15 09:13:06] ERROR: (0) Uncaught Exception JsonException: "JSON syntax error in 'custom\Espo\Custom\Resources\metadata\entityDefs/CProduct.json'." at C:\xampp\htdocs\EspoCRM-9.2.0\application\Espo\Core\Utils\File\Unifier.php line 239 :: C:\xampp\htdocs\EspoCRM-9.2.0\application\Espo\Core\Utils\File\Unifier.php(239)
[2026-07-15 09:13:10] ERROR: (0) Uncaught Exception JsonException: "JSON syntax error in 'custom\Espo\Custom\Resources\metadata\entityDefs/CProduct.json'." at C:\xampp\htdocs\EspoCRM-9.2.0\application\Espo\Core\Utils\File\Unifier.php line 239 :: C:\xampp\htdocs\EspoCRM-9.2.0\application\Espo\Core\Utils\File\Unifier.php(239)
[2026-07-15 09:13:12] ERROR: (0) Uncaught Exception JsonException: "JSON syntax error in 'custom\Espo\Custom\Resources\metadata\entityDefs/CProduct.json'." at C:\xampp\htdocs\EspoCRM-9.2.0\application\Espo\Core\Utils\File\Unifier.php line 239 :: C:\xampp\htdocs\EspoCRM-9.2.0\application\Espo\Core\Utils\File\Unifier.php(239)
[2026-07-15 09:13:20] ERROR: (0) Uncaught Exception JsonException: "JSON syntax error in 'custom\Espo\Custom\Resources\metadata\entityDefs/CProduct.json'." at C:\xampp\htdocs\EspoCRM-9.2.0\application\Espo\Core\Utils\File\Unifier.php line 239 :: C:\xampp\htdocs\EspoCRM-9.2.0\application\Espo\Core\Utils\File\Unifier.php(239)
[2026-07-15 09:13:21] ERROR: (0) Uncaught Exception JsonException: "JSON syntax error in 'custom\Espo\Custom\Resources\metadata\entityDefs/CProduct.json'." at C:\xampp\htdocs\EspoCRM-9.2.0\application\Espo\Core\Utils\File\Unifier.php line 239 :: C:\xampp\htdocs\EspoCRM-9.2.0\application\Espo\Core\Utils\File\Unifier.php(239)
[2026-07-15 09:13:21] ERROR: (0) Uncaught Exception JsonException: "JSON syntax error in 'custom\Espo\Custom\Resources\metadata\entityDefs/CProduct.json'." at C:\xampp\htdocs\EspoCRM-9.2.0\application\Espo\Core\Utils\File\Unifier.php line 239 :: C:\xampp\htdocs\EspoCRM-9.2.0\application\Espo\Core\Utils\File\Unifier.php(239)
[2026-07-15 09:13:21] ERROR: (0) Uncaught Exception JsonException: "JSON syntax error in 'custom\Espo\Custom\Resources\metadata\entityDefs/CProduct.json'." at C:\xampp\htdocs\EspoCRM-9.2.0\application\Espo\Core\Utils\File\Unifier.php line 239 :: C:\xampp\htdocs\EspoCRM-9.2.0\application\Espo\Core\Utils\File\Unifier.php(239)
[2026-07-15 09:13:23] ERROR: (0) Uncaught Exception JsonException: "JSON syntax error in 'custom\Espo\Custom\Resources\metadata\entityDefs/CProduct.json'." at C:\xampp\htdocs\EspoCRM-9.2.0\application\Espo\Core\Utils\File\Unifier.php line 239 :: C:\xampp\htdocs\EspoCRM-9.2.0\application\Espo\Core\Utils\File\Unifier.php(239)
[2026-07-15 09:13:51] ERROR: (0) Uncaught Exception JsonException: "JSON syntax error in 'custom\Espo\Custom\Resources\metadata\entityDefs/CProduct.json'." at C:\xampp\htdocs\EspoCRM-9.2.0\application\Espo\Core\Utils\File\Unifier.php line 239 :: C:\xampp\htdocs\EspoCRM-9.2.0\application\Espo\Core\Utils\File\Unifier.php(239)
[2026-07-15 09:14:20] ERROR: (0) Uncaught Exception JsonException: "JSON syntax error in 'custom\Espo\Custom\Resources\metadata\entityDefs/CProduct.json'." at C:\xampp\htdocs\EspoCRM-9.2.0\application\Espo\Core\Utils\File\Unifier.php line 239 :: C:\xampp\htdocs\EspoCRM-9.2.0\application\Espo\Core\Utils\File\Unifier.php(239)
[2026-07-15 09:14:48] WARNING: E_WARNING: rename(data\tmp\tmpFA06.tmp,data/cache/application/classmapControllers.php): Access is denied (code: 5)
[2026-07-15 09:28:47] WARNING: E_WARNING: rename(data\tmp\tmpC60D.tmp,data/cache/application/acl/6a5532ae7d914663d.php): The system cannot find the path specified (code: 3)
[2026-07-15 09:28:47] WARNING: E_WARNING: rename(data\tmp\tmpC60D.tmp,data/cache/application/acl/6a5532ae7d914663d.php): The system cannot find the path specified (code: 3)
[2026-07-15 09:28:47] WARNING: E_WARNING: rename(data\tmp\tmpC60D.tmp,data/cache/application/acl/6a5532ae7d914663d.php): The system cannot find the path specified (code: 3)
[2026-07-15 09:28:47] WARNING: E_WARNING: rename(data\tmp\tmpC60D.tmp,data/cache/application/acl/6a5532ae7d914663d.php): The system cannot find the path specified (code: 3)
[2026-07-15 09:28:47] WARNING: E_WARNING: rename(data\tmp\tmpC60D.tmp,data/cache/application/acl/6a5532ae7d914663d.php): The system cannot find the path specified (code: 3)
[2026-07-15 09:28:48] WARNING: E_WARNING: rename(data\tmp\tmpC60D.tmp,data/cache/application/acl/6a5532ae7d914663d.php): The system cannot find the path specified (code: 3)
[2026-07-15 09:28:48] WARNING: E_WARNING: rename(data\tmp\tmpC60D.tmp,data/cache/application/acl/6a5532ae7d914663d.php): The system cannot find the path specified (code: 3)
[2026-07-15 09:28:48] WARNING: E_WARNING: rename(data\tmp\tmpC60D.tmp,data/cache/application/acl/6a5532ae7d914663d.php): The system cannot find the path specified (code: 3)
[2026-07-15 09:28:48] WARNING: E_WARNING: rename(data\tmp\tmpC60D.tmp,data/cache/application/acl/6a5532ae7d914663d.php): The system cannot find the path specified (code: 3)
[2026-07-15 09:28:48] WARNING: E_WARNING: rename(data\tmp\tmpC60D.tmp,data/cache/application/acl/6a5532ae7d914663d.php): The system cannot find the path specified (code: 3)
[2026-07-15 09:28:48] WARNING: E_WARNING: rename(data\tmp\tmpC60D.tmp,data/cache/application/acl/6a5532ae7d914663d.php): The system cannot find the path specified (code: 3)
[2026-07-15 09:28:48] WARNING: E_WARNING: file_put_contents(data/cache/application/acl/6a5532ae7d914663d.php): Failed to open stream: No such file or directory
[2026-07-15 09:28:48] CRITICAL: (0) Could not store 'acl/6a5532ae7d914663d'. :: GET /Notification/action/notReadCount :: C:\xampp\htdocs\EspoCRM-9.2.0\application\Espo\Core\Utils\DataCache.php(85)
[2026-07-15 09:43:20] WARNING: E_WARNING: rename(data\tmp\tmp17D8.tmp,data/cache/application/classmapEntities.php): Access is denied (code: 5)
[2026-07-15 09:47:28] ERROR: (0) Uncaught Exception JsonException: "JSON syntax error in 'custom\Espo\Custom\Resources\metadata\entityDefs/CProduct.json'." at C:\xampp\htdocs\EspoCRM-9.2.0\application\Espo\Core\Utils\File\Unifier.php line 239 :: C:\xampp\htdocs\EspoCRM-9.2.0\application\Espo\Core\Utils\File\Unifier.php(239)
[2026-07-15 09:47:28] ERROR: (0) Uncaught Exception JsonException: "JSON syntax error in 'custom\Espo\Custom\Resources\metadata\entityDefs/CProduct.json'." at C:\xampp\htdocs\EspoCRM-9.2.0\application\Espo\Core\Utils\File\Unifier.php line 239 :: C:\xampp\htdocs\EspoCRM-9.2.0\application\Espo\Core\Utils\File\Unifier.php(239)
[2026-07-15 09:47:28] ERROR: (0) Uncaught Exception JsonException: "JSON syntax error in 'custom\Espo\Custom\Resources\metadata\entityDefs/CProduct.json'." at C:\xampp\htdocs\EspoCRM-9.2.0\application\Espo\Core\Utils\File\Unifier.php line 239 :: C:\xampp\htdocs\EspoCRM-9.2.0\application\Espo\Core\Utils\File\Unifier.php(239)
[2026-07-15 09:47:29] ERROR: (0) Uncaught Exception JsonException: "JSON syntax error in 'custom\Espo\Custom\Resources\metadata\entityDefs/CProduct.json'." at C:\xampp\htdocs\EspoCRM-9.2.0\application\Espo\Core\Utils\File\Unifier.php line 239 :: C:\xampp\htdocs\EspoCRM-9.2.0\application\Espo\Core\Utils\File\Unifier.php(239)
[2026-07-15 09:47:30] ERROR: (0) Uncaught Exception JsonException: "JSON syntax error in 'custom\Espo\Custom\Resources\metadata\entityDefs/CProduct.json'." at C:\xampp\htdocs\EspoCRM-9.2.0\application\Espo\Core\Utils\File\Unifier.php line 239 :: C:\xampp\htdocs\EspoCRM-9.2.0\application\Espo\Core\Utils\File\Unifier.php(239)
[2026-07-15 09:47:34] ERROR: (0) Uncaught Exception JsonException: "JSON syntax error in 'custom\Espo\Custom\Resources\metadata\entityDefs/CProduct.json'." at C:\xampp\htdocs\EspoCRM-9.2.0\application\Espo\Core\Utils\File\Unifier.php line 239 :: C:\xampp\htdocs\EspoCRM-9.2.0\application\Espo\Core\Utils\File\Unifier.php(239)
[2026-07-15 09:47:37] ERROR: (0) Uncaught Exception JsonException: "JSON syntax error in 'custom\Espo\Custom\Resources\metadata\entityDefs/CProduct.json'." at C:\xampp\htdocs\EspoCRM-9.2.0\application\Espo\Core\Utils\File\Unifier.php line 239 :: C:\xampp\htdocs\EspoCRM-9.2.0\application\Espo\Core\Utils\File\Unifier.php(239)
[2026-07-15 09:47:39] ERROR: (0) Uncaught Exception JsonException: "JSON syntax error in 'custom\Espo\Custom\Resources\metadata\entityDefs/CProduct.json'." at C:\xampp\htdocs\EspoCRM-9.2.0\application\Espo\Core\Utils\File\Unifier.php line 239 :: C:\xampp\htdocs\EspoCRM-9.2.0\application\Espo\Core\Utils\File\Unifier.php(239)
[2026-07-15 09:47:41] ERROR: (0) Uncaught Exception JsonException: "JSON syntax error in 'custom\Espo\Custom\Resources\metadata\entityDefs/CProduct.json'." at C:\xampp\htdocs\EspoCRM-9.2.0\application\Espo\Core\Utils\File\Unifier.php line 239 :: C:\xampp\htdocs\EspoCRM-9.2.0\application\Espo\Core\Utils\File\Unifier.php(239)
[2026-07-15 09:47:44] ERROR: (0) Uncaught Exception JsonException: "JSON syntax error in 'custom\Espo\Custom\Resources\metadata\entityDefs/CProduct.json'." at C:\xampp\htdocs\EspoCRM-9.2.0\application\Espo\Core\Utils\File\Unifier.php line 239 :: C:\xampp\htdocs\EspoCRM-9.2.0\application\Espo\Core\Utils\File\Unifier.php(239)
[2026-07-15 10:55:25] WARNING: (400) Not existing attribute 'category' in where. :: GET /CProduct :: C:\xampp\htdocs\EspoCRM-9.2.0\application\Espo\Core\Select\Where\Checker.php(172)
[2026-07-15 11:04:30] ERROR: (409) Field 'name' already exists in 'CSoftware'. :: POST /Admin/fieldManager/CSoftware
[2026-07-15 11:09:19] ERROR: (409) Field 'quantity' already exists in 'CSoftware'. :: POST /Admin/fieldManager/CSoftware
[2026-07-15 11:11:44] ERROR: (409) Field 'quantityRemaining' already exists in 'CSoftware'. :: POST /Admin/fieldManager/CSoftware
[2026-07-15 11:23:53] CRITICAL: (500) Before-save formula script failed. Unknown function: date\diff :: C:\xampp\htdocs\EspoCRM-9.2.0\application\Espo\Core\Formula\FunctionFactory.php(87)
[2026-07-15 11:26:39] WARNING: E_WARNING: mkdir(): File exists
[2026-07-15 11:26:39] WARNING: E_WARNING: rename(data\tmp\tmpB141.tmp,data/cache/application/acl/6a5532ae7d914663d.php): Access is denied (code: 5)
[2026-07-15 11:26:39] WARNING: E_WARNING: rename(data\tmp\tmpB141.tmp,data/cache/application/acl/6a5532ae7d914663d.php): Access is denied (code: 5)
[2026-07-15 11:27:57] CRITICAL: (500) Before-save formula script failed. Unknown function: date\diff :: C:\xampp\htdocs\EspoCRM-9.2.0\application\Espo\Core\Formula\FunctionFactory.php(87)
[2026-07-15 11:38:59] CRITICAL: (500) Before-save formula script failed. Unknown function: date\diff :: C:\xampp\htdocs\EspoCRM-9.2.0\application\Espo\Core\Formula\FunctionFactory.php(87)
[2026-07-15 11:52:08] ERROR: (409) Field 'daysRemaining' already exists in 'CSoftware'. :: POST /Admin/fieldManager/CSoftware
[2026-07-15 11:54:17] CRITICAL: (500) Before-save formula script failed. Unknown function: DATEDIFF :: C:\xampp\htdocs\EspoCRM-9.2.0\application\Espo\Core\Formula\FunctionFactory.php(87)
[2026-07-15 11:54:28] CRITICAL: (500) Before-save formula script failed. Unknown function: DATEDIFF :: C:\xampp\htdocs\EspoCRM-9.2.0\application\Espo\Core\Formula\FunctionFactory.php(87)
[2026-07-15 11:55:40] CRITICAL: (500) Before-save formula script failed. Unknown function: DATEDIFF :: C:\xampp\htdocs\EspoCRM-9.2.0\application\Espo\Core\Formula\FunctionFactory.php(87)
[2026-07-15 11:59:28] CRITICAL: (500) Before-save formula script failed. Unknown function: DATEDIFF :: C:\xampp\htdocs\EspoCRM-9.2.0\application\Espo\Core\Formula\FunctionFactory.php(87)
[2026-07-15 12:02:47] CRITICAL: (500) Before-save formula script failed. Unknown function: DATEDIFF :: C:\xampp\htdocs\EspoCRM-9.2.0\application\Espo\Core\Formula\FunctionFactory.php(87)
[2026-07-15 12:08:39] CRITICAL: (500) Before-save formula script failed. Unknown function: DATEDIFF :: C:\xampp\htdocs\EspoCRM-9.2.0\application\Espo\Core\Formula\FunctionFactory.php(87)
[2026-07-15 12:09:18] CRITICAL: (500) Before-save formula script failed. Unknown function: DATEDIFF :: C:\xampp\htdocs\EspoCRM-9.2.0\application\Espo\Core\Formula\FunctionFactory.php(87)
[2026-07-15 12:13:29] CRITICAL: (500) Before-save formula script failed. Attribute name `license_expiry` contains not allowed characters. :: C:\xampp\htdocs\EspoCRM-9.2.0\application\Espo\Core\Formula\Exceptions\SyntaxError.php(48)
[2026-07-15 12:21:19] CRITICAL: (500) Before-save formula script failed. Attribute name `license_expiry` contains not allowed characters. :: C:\xampp\htdocs\EspoCRM-9.2.0\application\Espo\Core\Formula\Exceptions\SyntaxError.php(48)
[2026-07-15 12:23:46] CRITICAL: (500) Before-save formula script failed. Attribute name `license_expiry` contains not allowed characters. :: C:\xampp\htdocs\EspoCRM-9.2.0\application\Espo\Core\Formula\Exceptions\SyntaxError.php(48)
[2026-07-15 12:26:58] CRITICAL: (0) Failed job 6a577c49b383a2604. Call to undefined method Espo\Custom\Jobs\UpdateLicenses::getEntityManager() :: C:\xampp\htdocs\EspoCRM-9.2.0\custom\Espo\Custom\Jobs\UpdateLicenses.php(21)
[2026-07-15 12:28:03] CRITICAL: (500) Before-save formula script failed. Attribute name `license_expiry` contains not allowed characters. :: C:\xampp\htdocs\EspoCRM-9.2.0\application\Espo\Core\Formula\Exceptions\SyntaxError.php(48)
[2026-07-15 12:30:34] CRITICAL: (500) Before-save formula script failed. Attribute name `license_expiry` contains not allowed characters. :: C:\xampp\htdocs\EspoCRM-9.2.0\application\Espo\Core\Formula\Exceptions\SyntaxError.php(48)
[2026-07-15 12:32:44] WARNING: E_WARNING: mkdir(): File exists
[2026-07-15 12:32:44] WARNING: E_WARNING: mkdir(): File exists
[2026-07-15 12:32:51] WARNING: E_WARNING: rename(data\tmp\tmp4E7C.tmp,data/cache/application/classmapEntities.php): Access is denied (code: 5)
[2026-07-15 12:32:51] WARNING: E_WARNING: rename(data\tmp\tmp4E7D.tmp,data/cache/application/classmapEntities.php): Access is denied (code: 5)
[2026-07-15 12:32:53] WARNING: E_WARNING: rename(data\tmp\tmp5858.tmp,data/cache/application/classmapControllers.php): Access is denied (code: 5)
[2026-07-15 12:32:53] WARNING: E_WARNING: rename(data\tmp\tmp5857.tmp,data/cache/application/classmapControllers.php): Access is denied (code: 5)
[2026-07-15 12:32:54] WARNING: E_WARNING: rename(data\tmp\tmp5857.tmp,data/cache/application/classmapControllers.php): Access is denied (code: 5)
[2026-07-15 14:25:11] WARNING: E_WARNING: file_put_contents(data/cache/application/slim-routes.php): Failed to open stream: No such file or directory
[2026-07-15 14:25:31] WARNING: E_WARNING: rename(data\tmp\tmp7A35.tmp,data/cache/application/metadata.php): Access is denied (code: 5)
[2026-07-15 15:13:03] WARNING: E_WARNING: file_put_contents(data/cache/application/slim-routes.php): Failed to open stream: No such file or directory
[2026-07-15 15:13:08] ERROR: (0) Uncaught Exception RuntimeException: "Route collector cache file directory `data/cache/application` is not writable" at C:\xampp\htdocs\EspoCRM-9.2.0\vendor\slim\slim\Slim\Routing\RouteCollector.php line 146 :: C:\xampp\htdocs\EspoCRM-9.2.0\vendor\slim\slim\Slim\Routing\RouteCollector.php(146)
