[2026-07-20 10:36:38] WARNING: E_WARNING: rename(data\tmp\tmpC68D.tmp,data/cache/application/classmapControllers.php): Access is denied (code: 5)
[2026-07-20 10:36:38] WARNING: E_WARNING: rename(data\tmp\tmpC68D.tmp,data/cache/application/classmapControllers.php): Access is denied (code: 5)
[2026-07-20 10:58:17] CRITICAL: (HY000) SQLSTATE[HY000]: General error: 2006 MySQL server has gone away :: GET /PopupNotification/action/grouped :: C:\xampp\htdocs\EspoCRM-9.2.0\application\Espo\ORM\Executor\DefaultSqlExecutor.php(77)
[2026-07-20 10:58:17] CRITICAL: (HY000) SQLSTATE[HY000]: General error: 2006 MySQL server has gone away :: GET /Notification/action/notReadCount :: C:\xampp\htdocs\EspoCRM-9.2.0\application\Espo\ORM\Executor\DefaultSqlExecutor.php(77)
[2026-07-20 10:58:22] CRITICAL: (2002) SQLSTATE[HY000] [2002] No connection could be made because the target machine actively refused it :: GET /Settings :: C:\xampp\htdocs\EspoCRM-9.2.0\application\Espo\ORM\PDO\MysqlPDOFactory.php(73)
[2026-07-20 10:58:39] CRITICAL: (HY000) SQLSTATE[HY000]: General error: 2006 MySQL server has gone away :: GET /Settings :: C:\xampp\htdocs\EspoCRM-9.2.0\application\Espo\ORM\Executor\DefaultSqlExecutor.php(77)
[2026-07-20 10:58:48] CRITICAL: (2002) SQLSTATE[HY000] [2002] No connection could be made because the target machine actively refused it :: GET /Settings :: C:\xampp\htdocs\EspoCRM-9.2.0\application\Espo\ORM\PDO\MysqlPDOFactory.php(73)
[2026-07-20 11:01:28] WARNING: E_WARNING: DOMDocument::loadHTML(): Unexpected end tag : p in Entity, line: 1
[2026-07-20 11:01:28] WARNING: E_WARNING: DOMDocument::loadHTML(): Unexpected end tag : p in Entity, line: 1
[2026-07-20 12:32:53] WARNING: E_WARNING: Undefined array key "route"
[2026-07-20 12:32:53] WARNING: E_WARNING: Undefined array key "route"
[2026-07-20 12:32:53] ERROR: (0) Uncaught Exception TypeError: "Espo\Core\Utils\Route::adjustPath(): Argument #1 ($path) must be of type string, null given, called in C:\xampp\htdocs\EspoCRM-9.2.0\application\Espo\Core\Utils\Route.php on line 157" at C:\xampp\htdocs\EspoCRM-9.2.0\application\Espo\Core\Utils\Route.php line 178 :: C:\xampp\htdocs\EspoCRM-9.2.0\application\Espo\Core\Utils\Route.php(178)
[2026-07-20 12:32:53] ERROR: (0) Uncaught Exception TypeError: "Espo\Core\Utils\Route::adjustPath(): Argument #1 ($path) must be of type string, null given, called in C:\xampp\htdocs\EspoCRM-9.2.0\application\Espo\Core\Utils\Route.php on line 157" at C:\xampp\htdocs\EspoCRM-9.2.0\application\Espo\Core\Utils\Route.php line 178 :: C:\xampp\htdocs\EspoCRM-9.2.0\application\Espo\Core\Utils\Route.php(178)
[2026-07-20 12:32:54] WARNING: E_WARNING: Undefined array key "route"
[2026-07-20 12:32:54] ERROR: (0) Uncaught Exception TypeError: "Espo\Core\Utils\Route::adjustPath(): Argument #1 ($path) must be of type string, null given, called in C:\xampp\htdocs\EspoCRM-9.2.0\application\Espo\Core\Utils\Route.php on line 157" at C:\xampp\htdocs\EspoCRM-9.2.0\application\Espo\Core\Utils\Route.php line 178 :: C:\xampp\htdocs\EspoCRM-9.2.0\application\Espo\Core\Utils\Route.php(178)
[2026-07-20 12:32:58] WARNING: E_WARNING: Undefined array key "route"
[2026-07-20 12:32:58] ERROR: (0) Uncaught Exception TypeError: "Espo\Core\Utils\Route::adjustPath(): Argument #1 ($path) must be of type string, null given, called in C:\xampp\htdocs\EspoCRM-9.2.0\application\Espo\Core\Utils\Route.php on line 157" at C:\xampp\htdocs\EspoCRM-9.2.0\application\Espo\Core\Utils\Route.php line 178 :: C:\xampp\htdocs\EspoCRM-9.2.0\application\Espo\Core\Utils\Route.php(178)
[2026-07-20 12:32:58] WARNING: E_WARNING: Undefined array key "route"
[2026-07-20 12:32:58] ERROR: (0) Uncaught Exception TypeError: "Espo\Core\Utils\Route::adjustPath(): Argument #1 ($path) must be of type string, null given, called in C:\xampp\htdocs\EspoCRM-9.2.0\application\Espo\Core\Utils\Route.php on line 157" at C:\xampp\htdocs\EspoCRM-9.2.0\application\Espo\Core\Utils\Route.php line 178 :: C:\xampp\htdocs\EspoCRM-9.2.0\application\Espo\Core\Utils\Route.php(178)
[2026-07-20 12:32:59] WARNING: E_WARNING: Undefined array key "route"
[2026-07-20 12:32:59] ERROR: (0) Uncaught Exception TypeError: "Espo\Core\Utils\Route::adjustPath(): Argument #1 ($path) must be of type string, null given, called in C:\xampp\htdocs\EspoCRM-9.2.0\application\Espo\Core\Utils\Route.php on line 157" at C:\xampp\htdocs\EspoCRM-9.2.0\application\Espo\Core\Utils\Route.php line 178 :: C:\xampp\htdocs\EspoCRM-9.2.0\application\Espo\Core\Utils\Route.php(178)
[2026-07-20 12:32:59] WARNING: E_WARNING: Undefined array key "route"
[2026-07-20 12:32:59] ERROR: (0) Uncaught Exception TypeError: "Espo\Core\Utils\Route::adjustPath(): Argument #1 ($path) must be of type string, null given, called in C:\xampp\htdocs\EspoCRM-9.2.0\application\Espo\Core\Utils\Route.php on line 157" at C:\xampp\htdocs\EspoCRM-9.2.0\application\Espo\Core\Utils\Route.php line 178 :: C:\xampp\htdocs\EspoCRM-9.2.0\application\Espo\Core\Utils\Route.php(178)
[2026-07-20 12:32:59] WARNING: E_WARNING: Undefined array key "route"
[2026-07-20 12:32:59] ERROR: (0) Uncaught Exception TypeError: "Espo\Core\Utils\Route::adjustPath(): Argument #1 ($path) must be of type string, null given, called in C:\xampp\htdocs\EspoCRM-9.2.0\application\Espo\Core\Utils\Route.php on line 157" at C:\xampp\htdocs\EspoCRM-9.2.0\application\Espo\Core\Utils\Route.php line 178 :: C:\xampp\htdocs\EspoCRM-9.2.0\application\Espo\Core\Utils\Route.php(178)
[2026-07-20 12:32:59] WARNING: E_WARNING: Undefined array key "route"
[2026-07-20 12:32:59] ERROR: (0) Uncaught Exception TypeError: "Espo\Core\Utils\Route::adjustPath(): Argument #1 ($path) must be of type string, null given, called in C:\xampp\htdocs\EspoCRM-9.2.0\application\Espo\Core\Utils\Route.php on line 157" at C:\xampp\htdocs\EspoCRM-9.2.0\application\Espo\Core\Utils\Route.php line 178 :: C:\xampp\htdocs\EspoCRM-9.2.0\application\Espo\Core\Utils\Route.php(178)
[2026-07-20 12:32:59] WARNING: E_WARNING: Undefined array key "route"
[2026-07-20 12:32:59] ERROR: (0) Uncaught Exception TypeError: "Espo\Core\Utils\Route::adjustPath(): Argument #1 ($path) must be of type string, null given, called in C:\xampp\htdocs\EspoCRM-9.2.0\application\Espo\Core\Utils\Route.php on line 157" at C:\xampp\htdocs\EspoCRM-9.2.0\application\Espo\Core\Utils\Route.php line 178 :: C:\xampp\htdocs\EspoCRM-9.2.0\application\Espo\Core\Utils\Route.php(178)
[2026-07-20 12:33:03] WARNING: E_WARNING: Undefined array key "route"
[2026-07-20 12:33:03] ERROR: (0) Uncaught Exception TypeError: "Espo\Core\Utils\Route::adjustPath(): Argument #1 ($path) must be of type string, null given, called in C:\xampp\htdocs\EspoCRM-9.2.0\application\Espo\Core\Utils\Route.php on line 157" at C:\xampp\htdocs\EspoCRM-9.2.0\application\Espo\Core\Utils\Route.php line 178 :: C:\xampp\htdocs\EspoCRM-9.2.0\application\Espo\Core\Utils\Route.php(178)
[2026-07-20 12:33:09] WARNING: E_WARNING: Undefined array key "route"
[2026-07-20 12:33:09] WARNING: E_WARNING: Undefined array key "route"
[2026-07-20 12:33:09] ERROR: (0) Uncaught Exception TypeError: "Espo\Core\Utils\Route::adjustPath(): Argument #1 ($path) must be of type string, null given, called in C:\xampp\htdocs\EspoCRM-9.2.0\application\Espo\Core\Utils\Route.php on line 157" at C:\xampp\htdocs\EspoCRM-9.2.0\application\Espo\Core\Utils\Route.php line 178 :: C:\xampp\htdocs\EspoCRM-9.2.0\application\Espo\Core\Utils\Route.php(178)
[2026-07-20 12:33:09] ERROR: (0) Uncaught Exception TypeError: "Espo\Core\Utils\Route::adjustPath(): Argument #1 ($path) must be of type string, null given, called in C:\xampp\htdocs\EspoCRM-9.2.0\application\Espo\Core\Utils\Route.php on line 157" at C:\xampp\htdocs\EspoCRM-9.2.0\application\Espo\Core\Utils\Route.php line 178 :: C:\xampp\htdocs\EspoCRM-9.2.0\application\Espo\Core\Utils\Route.php(178)
[2026-07-20 12:33:19] WARNING: E_WARNING: Undefined array key "route"
[2026-07-20 12:33:19] ERROR: (0) Uncaught Exception TypeError: "Espo\Core\Utils\Route::adjustPath(): Argument #1 ($path) must be of type string, null given, called in C:\xampp\htdocs\EspoCRM-9.2.0\application\Espo\Core\Utils\Route.php on line 157" at C:\xampp\htdocs\EspoCRM-9.2.0\application\Espo\Core\Utils\Route.php line 178 :: C:\xampp\htdocs\EspoCRM-9.2.0\application\Espo\Core\Utils\Route.php(178)
[2026-07-20 12:33:24] WARNING: E_WARNING: Undefined array key "route"
[2026-07-20 12:33:24] ERROR: (0) Uncaught Exception TypeError: "Espo\Core\Utils\Route::adjustPath(): Argument #1 ($path) must be of type string, null given, called in C:\xampp\htdocs\EspoCRM-9.2.0\application\Espo\Core\Utils\Route.php on line 157" at C:\xampp\htdocs\EspoCRM-9.2.0\application\Espo\Core\Utils\Route.php line 178 :: C:\xampp\htdocs\EspoCRM-9.2.0\application\Espo\Core\Utils\Route.php(178)
[2026-07-20 12:33:29] WARNING: E_WARNING: Undefined array key "route"
[2026-07-20 12:33:29] ERROR: (0) Uncaught Exception TypeError: "Espo\Core\Utils\Route::adjustPath(): Argument #1 ($path) must be of type string, null given, called in C:\xampp\htdocs\EspoCRM-9.2.0\application\Espo\Core\Utils\Route.php on line 157" at C:\xampp\htdocs\EspoCRM-9.2.0\application\Espo\Core\Utils\Route.php line 178 :: C:\xampp\htdocs\EspoCRM-9.2.0\application\Espo\Core\Utils\Route.php(178)
[2026-07-20 12:33:40] WARNING: E_WARNING: Undefined array key "route"
[2026-07-20 12:33:40] WARNING: E_WARNING: Undefined array key "route"
[2026-07-20 12:33:40] ERROR: (0) Uncaught Exception TypeError: "Espo\Core\Utils\Route::adjustPath(): Argument #1 ($path) must be of type string, null given, called in C:\xampp\htdocs\EspoCRM-9.2.0\application\Espo\Core\Utils\Route.php on line 157" at C:\xampp\htdocs\EspoCRM-9.2.0\application\Espo\Core\Utils\Route.php line 178 :: C:\xampp\htdocs\EspoCRM-9.2.0\application\Espo\Core\Utils\Route.php(178)
[2026-07-20 12:33:40] ERROR: (0) Uncaught Exception TypeError: "Espo\Core\Utils\Route::adjustPath(): Argument #1 ($path) must be of type string, null given, called in C:\xampp\htdocs\EspoCRM-9.2.0\application\Espo\Core\Utils\Route.php on line 157" at C:\xampp\htdocs\EspoCRM-9.2.0\application\Espo\Core\Utils\Route.php line 178 :: C:\xampp\htdocs\EspoCRM-9.2.0\application\Espo\Core\Utils\Route.php(178)
[2026-07-20 12:33:51] WARNING: E_WARNING: Undefined array key "route"
[2026-07-20 12:33:51] ERROR: (0) Uncaught Exception TypeError: "Espo\Core\Utils\Route::adjustPath(): Argument #1 ($path) must be of type string, null given, called in C:\xampp\htdocs\EspoCRM-9.2.0\application\Espo\Core\Utils\Route.php on line 157" at C:\xampp\htdocs\EspoCRM-9.2.0\application\Espo\Core\Utils\Route.php line 178 :: C:\xampp\htdocs\EspoCRM-9.2.0\application\Espo\Core\Utils\Route.php(178)
[2026-07-20 12:33:55] WARNING: E_WARNING: Undefined array key "route"
[2026-07-20 12:33:55] ERROR: (0) Uncaught Exception TypeError: "Espo\Core\Utils\Route::adjustPath(): Argument #1 ($path) must be of type string, null given, called in C:\xampp\htdocs\EspoCRM-9.2.0\application\Espo\Core\Utils\Route.php on line 157" at C:\xampp\htdocs\EspoCRM-9.2.0\application\Espo\Core\Utils\Route.php line 178 :: C:\xampp\htdocs\EspoCRM-9.2.0\application\Espo\Core\Utils\Route.php(178)
[2026-07-20 12:34:01] WARNING: E_WARNING: Undefined array key "route"
[2026-07-20 12:34:01] ERROR: (0) Uncaught Exception TypeError: "Espo\Core\Utils\Route::adjustPath(): Argument #1 ($path) must be of type string, null given, called in C:\xampp\htdocs\EspoCRM-9.2.0\application\Espo\Core\Utils\Route.php on line 157" at C:\xampp\htdocs\EspoCRM-9.2.0\application\Espo\Core\Utils\Route.php line 178 :: C:\xampp\htdocs\EspoCRM-9.2.0\application\Espo\Core\Utils\Route.php(178)
[2026-07-20 12:34:11] WARNING: E_WARNING: Undefined array key "route"
[2026-07-20 12:34:11] ERROR: (0) Uncaught Exception TypeError: "Espo\Core\Utils\Route::adjustPath(): Argument #1 ($path) must be of type string, null given, called in C:\xampp\htdocs\EspoCRM-9.2.0\application\Espo\Core\Utils\Route.php on line 157" at C:\xampp\htdocs\EspoCRM-9.2.0\application\Espo\Core\Utils\Route.php line 178 :: C:\xampp\htdocs\EspoCRM-9.2.0\application\Espo\Core\Utils\Route.php(178)
[2026-07-20 12:34:12] WARNING: E_WARNING: Undefined array key "route"
[2026-07-20 12:34:12] ERROR: (0) Uncaught Exception TypeError: "Espo\Core\Utils\Route::adjustPath(): Argument #1 ($path) must be of type string, null given, called in C:\xampp\htdocs\EspoCRM-9.2.0\application\Espo\Core\Utils\Route.php on line 157" at C:\xampp\htdocs\EspoCRM-9.2.0\application\Espo\Core\Utils\Route.php line 178 :: C:\xampp\htdocs\EspoCRM-9.2.0\application\Espo\Core\Utils\Route.php(178)
[2026-07-20 12:34:22] WARNING: E_WARNING: Undefined array key "route"
[2026-07-20 12:34:22] ERROR: (0) Uncaught Exception TypeError: "Espo\Core\Utils\Route::adjustPath(): Argument #1 ($path) must be of type string, null given, called in C:\xampp\htdocs\EspoCRM-9.2.0\application\Espo\Core\Utils\Route.php on line 157" at C:\xampp\htdocs\EspoCRM-9.2.0\application\Espo\Core\Utils\Route.php line 178 :: C:\xampp\htdocs\EspoCRM-9.2.0\application\Espo\Core\Utils\Route.php(178)
[2026-07-20 12:34:26] WARNING: E_WARNING: Undefined array key "route"
[2026-07-20 12:34:26] ERROR: (0) Uncaught Exception TypeError: "Espo\Core\Utils\Route::adjustPath(): Argument #1 ($path) must be of type string, null given, called in C:\xampp\htdocs\EspoCRM-9.2.0\application\Espo\Core\Utils\Route.php on line 157" at C:\xampp\htdocs\EspoCRM-9.2.0\application\Espo\Core\Utils\Route.php line 178 :: C:\xampp\htdocs\EspoCRM-9.2.0\application\Espo\Core\Utils\Route.php(178)
[2026-07-20 12:34:54] WARNING: E_WARNING: Undefined array key "route"
[2026-07-20 12:34:54] ERROR: (0) Uncaught Exception TypeError: "Espo\Core\Utils\Route::adjustPath(): Argument #1 ($path) must be of type string, null given, called in C:\xampp\htdocs\EspoCRM-9.2.0\application\Espo\Core\Utils\Route.php on line 157" at C:\xampp\htdocs\EspoCRM-9.2.0\application\Espo\Core\Utils\Route.php line 178 :: C:\xampp\htdocs\EspoCRM-9.2.0\application\Espo\Core\Utils\Route.php(178)
[2026-07-20 12:34:54] WARNING: E_WARNING: Undefined array key "route"
[2026-07-20 12:34:54] ERROR: (0) Uncaught Exception TypeError: "Espo\Core\Utils\Route::adjustPath(): Argument #1 ($path) must be of type string, null given, called in C:\xampp\htdocs\EspoCRM-9.2.0\application\Espo\Core\Utils\Route.php on line 157" at C:\xampp\htdocs\EspoCRM-9.2.0\application\Espo\Core\Utils\Route.php line 178 :: C:\xampp\htdocs\EspoCRM-9.2.0\application\Espo\Core\Utils\Route.php(178)
[2026-07-20 12:35:04] WARNING: E_WARNING: Undefined array key "route"
[2026-07-20 12:35:04] ERROR: (0) Uncaught Exception TypeError: "Espo\Core\Utils\Route::adjustPath(): Argument #1 ($path) must be of type string, null given, called in C:\xampp\htdocs\EspoCRM-9.2.0\application\Espo\Core\Utils\Route.php on line 157" at C:\xampp\htdocs\EspoCRM-9.2.0\application\Espo\Core\Utils\Route.php line 178 :: C:\xampp\htdocs\EspoCRM-9.2.0\application\Espo\Core\Utils\Route.php(178)
[2026-07-20 12:35:08] WARNING: E_WARNING: Undefined array key "route"
[2026-07-20 12:35:08] ERROR: (0) Uncaught Exception TypeError: "Espo\Core\Utils\Route::adjustPath(): Argument #1 ($path) must be of type string, null given, called in C:\xampp\htdocs\EspoCRM-9.2.0\application\Espo\Core\Utils\Route.php on line 157" at C:\xampp\htdocs\EspoCRM-9.2.0\application\Espo\Core\Utils\Route.php line 178 :: C:\xampp\htdocs\EspoCRM-9.2.0\application\Espo\Core\Utils\Route.php(178)
[2026-07-20 12:35:14] WARNING: E_WARNING: Undefined array key "route"
[2026-07-20 12:35:14] ERROR: (0) Uncaught Exception TypeError: "Espo\Core\Utils\Route::adjustPath(): Argument #1 ($path) must be of type string, null given, called in C:\xampp\htdocs\EspoCRM-9.2.0\application\Espo\Core\Utils\Route.php on line 157" at C:\xampp\htdocs\EspoCRM-9.2.0\application\Espo\Core\Utils\Route.php line 178 :: C:\xampp\htdocs\EspoCRM-9.2.0\application\Espo\Core\Utils\Route.php(178)
[2026-07-20 12:35:23] WARNING: E_WARNING: Undefined array key "route"
[2026-07-20 12:35:23] ERROR: (0) Uncaught Exception TypeError: "Espo\Core\Utils\Route::adjustPath(): Argument #1 ($path) must be of type string, null given, called in C:\xampp\htdocs\EspoCRM-9.2.0\application\Espo\Core\Utils\Route.php on line 157" at C:\xampp\htdocs\EspoCRM-9.2.0\application\Espo\Core\Utils\Route.php line 178 :: C:\xampp\htdocs\EspoCRM-9.2.0\application\Espo\Core\Utils\Route.php(178)
[2026-07-20 12:35:24] WARNING: E_WARNING: Undefined array key "route"
[2026-07-20 12:35:24] ERROR: (0) Uncaught Exception TypeError: "Espo\Core\Utils\Route::adjustPath(): Argument #1 ($path) must be of type string, null given, called in C:\xampp\htdocs\EspoCRM-9.2.0\application\Espo\Core\Utils\Route.php on line 157" at C:\xampp\htdocs\EspoCRM-9.2.0\application\Espo\Core\Utils\Route.php line 178 :: C:\xampp\htdocs\EspoCRM-9.2.0\application\Espo\Core\Utils\Route.php(178)
[2026-07-20 12:35:34] WARNING: E_WARNING: Undefined array key "route"
[2026-07-20 12:35:34] ERROR: (0) Uncaught Exception TypeError: "Espo\Core\Utils\Route::adjustPath(): Argument #1 ($path) must be of type string, null given, called in C:\xampp\htdocs\EspoCRM-9.2.0\application\Espo\Core\Utils\Route.php on line 157" at C:\xampp\htdocs\EspoCRM-9.2.0\application\Espo\Core\Utils\Route.php line 178 :: C:\xampp\htdocs\EspoCRM-9.2.0\application\Espo\Core\Utils\Route.php(178)
[2026-07-20 12:35:38] WARNING: E_WARNING: Undefined array key "route"
[2026-07-20 12:35:38] ERROR: (0) Uncaught Exception TypeError: "Espo\Core\Utils\Route::adjustPath(): Argument #1 ($path) must be of type string, null given, called in C:\xampp\htdocs\EspoCRM-9.2.0\application\Espo\Core\Utils\Route.php on line 157" at C:\xampp\htdocs\EspoCRM-9.2.0\application\Espo\Core\Utils\Route.php line 178 :: C:\xampp\htdocs\EspoCRM-9.2.0\application\Espo\Core\Utils\Route.php(178)
[2026-07-20 12:35:44] WARNING: E_WARNING: Undefined array key "route"
[2026-07-20 12:35:44] ERROR: (0) Uncaught Exception TypeError: "Espo\Core\Utils\Route::adjustPath(): Argument #1 ($path) must be of type string, null given, called in C:\xampp\htdocs\EspoCRM-9.2.0\application\Espo\Core\Utils\Route.php on line 157" at C:\xampp\htdocs\EspoCRM-9.2.0\application\Espo\Core\Utils\Route.php line 178 :: C:\xampp\htdocs\EspoCRM-9.2.0\application\Espo\Core\Utils\Route.php(178)
[2026-07-20 12:35:54] WARNING: E_WARNING: Undefined array key "route"
[2026-07-20 12:35:54] ERROR: (0) Uncaught Exception TypeError: "Espo\Core\Utils\Route::adjustPath(): Argument #1 ($path) must be of type string, null given, called in C:\xampp\htdocs\EspoCRM-9.2.0\application\Espo\Core\Utils\Route.php on line 157" at C:\xampp\htdocs\EspoCRM-9.2.0\application\Espo\Core\Utils\Route.php line 178 :: C:\xampp\htdocs\EspoCRM-9.2.0\application\Espo\Core\Utils\Route.php(178)
[2026-07-20 12:35:55] WARNING: E_WARNING: Undefined array key "route"
[2026-07-20 12:35:55] ERROR: (0) Uncaught Exception TypeError: "Espo\Core\Utils\Route::adjustPath(): Argument #1 ($path) must be of type string, null given, called in C:\xampp\htdocs\EspoCRM-9.2.0\application\Espo\Core\Utils\Route.php on line 157" at C:\xampp\htdocs\EspoCRM-9.2.0\application\Espo\Core\Utils\Route.php line 178 :: C:\xampp\htdocs\EspoCRM-9.2.0\application\Espo\Core\Utils\Route.php(178)
[2026-07-20 12:36:06] WARNING: E_WARNING: Undefined array key "route"
[2026-07-20 12:36:06] ERROR: (0) Uncaught Exception TypeError: "Espo\Core\Utils\Route::adjustPath(): Argument #1 ($path) must be of type string, null given, called in C:\xampp\htdocs\EspoCRM-9.2.0\application\Espo\Core\Utils\Route.php on line 157" at C:\xampp\htdocs\EspoCRM-9.2.0\application\Espo\Core\Utils\Route.php line 178 :: C:\xampp\htdocs\EspoCRM-9.2.0\application\Espo\Core\Utils\Route.php(178)
[2026-07-20 12:36:10] WARNING: E_WARNING: Undefined array key "route"
[2026-07-20 12:36:10] ERROR: (0) Uncaught Exception TypeError: "Espo\Core\Utils\Route::adjustPath(): Argument #1 ($path) must be of type string, null given, called in C:\xampp\htdocs\EspoCRM-9.2.0\application\Espo\Core\Utils\Route.php on line 157" at C:\xampp\htdocs\EspoCRM-9.2.0\application\Espo\Core\Utils\Route.php line 178 :: C:\xampp\htdocs\EspoCRM-9.2.0\application\Espo\Core\Utils\Route.php(178)
[2026-07-20 12:36:16] WARNING: E_WARNING: Undefined array key "route"
[2026-07-20 12:36:16] ERROR: (0) Uncaught Exception TypeError: "Espo\Core\Utils\Route::adjustPath(): Argument #1 ($path) must be of type string, null given, called in C:\xampp\htdocs\EspoCRM-9.2.0\application\Espo\Core\Utils\Route.php on line 157" at C:\xampp\htdocs\EspoCRM-9.2.0\application\Espo\Core\Utils\Route.php line 178 :: C:\xampp\htdocs\EspoCRM-9.2.0\application\Espo\Core\Utils\Route.php(178)
[2026-07-20 12:36:25] WARNING: E_WARNING: Undefined array key "route"
[2026-07-20 12:36:25] ERROR: (0) Uncaught Exception TypeError: "Espo\Core\Utils\Route::adjustPath(): Argument #1 ($path) must be of type string, null given, called in C:\xampp\htdocs\EspoCRM-9.2.0\application\Espo\Core\Utils\Route.php on line 157" at C:\xampp\htdocs\EspoCRM-9.2.0\application\Espo\Core\Utils\Route.php line 178 :: C:\xampp\htdocs\EspoCRM-9.2.0\application\Espo\Core\Utils\Route.php(178)
[2026-07-20 12:36:27] WARNING: E_WARNING: Undefined array key "route"
[2026-07-20 12:36:27] ERROR: (0) Uncaught Exception TypeError: "Espo\Core\Utils\Route::adjustPath(): Argument #1 ($path) must be of type string, null given, called in C:\xampp\htdocs\EspoCRM-9.2.0\application\Espo\Core\Utils\Route.php on line 157" at C:\xampp\htdocs\EspoCRM-9.2.0\application\Espo\Core\Utils\Route.php line 178 :: C:\xampp\htdocs\EspoCRM-9.2.0\application\Espo\Core\Utils\Route.php(178)
[2026-07-20 12:36:37] WARNING: E_WARNING: Undefined array key "route"
[2026-07-20 12:36:37] ERROR: (0) Uncaught Exception TypeError: "Espo\Core\Utils\Route::adjustPath(): Argument #1 ($path) must be of type string, null given, called in C:\xampp\htdocs\EspoCRM-9.2.0\application\Espo\Core\Utils\Route.php on line 157" at C:\xampp\htdocs\EspoCRM-9.2.0\application\Espo\Core\Utils\Route.php line 178 :: C:\xampp\htdocs\EspoCRM-9.2.0\application\Espo\Core\Utils\Route.php(178)
[2026-07-20 12:36:40] WARNING: E_WARNING: Undefined array key "route"
[2026-07-20 12:36:40] ERROR: (0) Uncaught Exception TypeError: "Espo\Core\Utils\Route::adjustPath(): Argument #1 ($path) must be of type string, null given, called in C:\xampp\htdocs\EspoCRM-9.2.0\application\Espo\Core\Utils\Route.php on line 157" at C:\xampp\htdocs\EspoCRM-9.2.0\application\Espo\Core\Utils\Route.php line 178 :: C:\xampp\htdocs\EspoCRM-9.2.0\application\Espo\Core\Utils\Route.php(178)
[2026-07-20 12:36:47] WARNING: E_WARNING: Undefined array key "route"
[2026-07-20 12:36:47] ERROR: (0) Uncaught Exception TypeError: "Espo\Core\Utils\Route::adjustPath(): Argument #1 ($path) must be of type string, null given, called in C:\xampp\htdocs\EspoCRM-9.2.0\application\Espo\Core\Utils\Route.php on line 157" at C:\xampp\htdocs\EspoCRM-9.2.0\application\Espo\Core\Utils\Route.php line 178 :: C:\xampp\htdocs\EspoCRM-9.2.0\application\Espo\Core\Utils\Route.php(178)
[2026-07-20 12:36:56] WARNING: E_WARNING: Undefined array key "route"
[2026-07-20 12:36:56] ERROR: (0) Uncaught Exception TypeError: "Espo\Core\Utils\Route::adjustPath(): Argument #1 ($path) must be of type string, null given, called in C:\xampp\htdocs\EspoCRM-9.2.0\application\Espo\Core\Utils\Route.php on line 157" at C:\xampp\htdocs\EspoCRM-9.2.0\application\Espo\Core\Utils\Route.php line 178 :: C:\xampp\htdocs\EspoCRM-9.2.0\application\Espo\Core\Utils\Route.php(178)
[2026-07-20 12:36:58] WARNING: E_WARNING: Undefined array key "route"
[2026-07-20 12:36:58] ERROR: (0) Uncaught Exception TypeError: "Espo\Core\Utils\Route::adjustPath(): Argument #1 ($path) must be of type string, null given, called in C:\xampp\htdocs\EspoCRM-9.2.0\application\Espo\Core\Utils\Route.php on line 157" at C:\xampp\htdocs\EspoCRM-9.2.0\application\Espo\Core\Utils\Route.php line 178 :: C:\xampp\htdocs\EspoCRM-9.2.0\application\Espo\Core\Utils\Route.php(178)
[2026-07-20 12:37:08] WARNING: E_WARNING: Undefined array key "route"
[2026-07-20 12:37:08] ERROR: (0) Uncaught Exception TypeError: "Espo\Core\Utils\Route::adjustPath(): Argument #1 ($path) must be of type string, null given, called in C:\xampp\htdocs\EspoCRM-9.2.0\application\Espo\Core\Utils\Route.php on line 157" at C:\xampp\htdocs\EspoCRM-9.2.0\application\Espo\Core\Utils\Route.php line 178 :: C:\xampp\htdocs\EspoCRM-9.2.0\application\Espo\Core\Utils\Route.php(178)
[2026-07-20 12:37:11] WARNING: E_WARNING: Undefined array key "route"
[2026-07-20 12:37:11] ERROR: (0) Uncaught Exception TypeError: "Espo\Core\Utils\Route::adjustPath(): Argument #1 ($path) must be of type string, null given, called in C:\xampp\htdocs\EspoCRM-9.2.0\application\Espo\Core\Utils\Route.php on line 157" at C:\xampp\htdocs\EspoCRM-9.2.0\application\Espo\Core\Utils\Route.php line 178 :: C:\xampp\htdocs\EspoCRM-9.2.0\application\Espo\Core\Utils\Route.php(178)
[2026-07-20 12:37:19] WARNING: E_WARNING: Undefined array key "route"
[2026-07-20 12:37:19] ERROR: (0) Uncaught Exception TypeError: "Espo\Core\Utils\Route::adjustPath(): Argument #1 ($path) must be of type string, null given, called in C:\xampp\htdocs\EspoCRM-9.2.0\application\Espo\Core\Utils\Route.php on line 157" at C:\xampp\htdocs\EspoCRM-9.2.0\application\Espo\Core\Utils\Route.php line 178 :: C:\xampp\htdocs\EspoCRM-9.2.0\application\Espo\Core\Utils\Route.php(178)
[2026-07-20 12:37:26] WARNING: E_WARNING: Undefined array key "route"
[2026-07-20 12:37:26] ERROR: (0) Uncaught Exception TypeError: "Espo\Core\Utils\Route::adjustPath(): Argument #1 ($path) must be of type string, null given, called in C:\xampp\htdocs\EspoCRM-9.2.0\application\Espo\Core\Utils\Route.php on line 157" at C:\xampp\htdocs\EspoCRM-9.2.0\application\Espo\Core\Utils\Route.php line 178 :: C:\xampp\htdocs\EspoCRM-9.2.0\application\Espo\Core\Utils\Route.php(178)
[2026-07-20 12:37:29] WARNING: E_WARNING: Undefined array key "route"
[2026-07-20 12:37:29] ERROR: (0) Uncaught Exception TypeError: "Espo\Core\Utils\Route::adjustPath(): Argument #1 ($path) must be of type string, null given, called in C:\xampp\htdocs\EspoCRM-9.2.0\application\Espo\Core\Utils\Route.php on line 157" at C:\xampp\htdocs\EspoCRM-9.2.0\application\Espo\Core\Utils\Route.php line 178 :: C:\xampp\htdocs\EspoCRM-9.2.0\application\Espo\Core\Utils\Route.php(178)
[2026-07-20 12:37:39] WARNING: E_WARNING: Undefined array key "route"
[2026-07-20 12:37:39] ERROR: (0) Uncaught Exception TypeError: "Espo\Core\Utils\Route::adjustPath(): Argument #1 ($path) must be of type string, null given, called in C:\xampp\htdocs\EspoCRM-9.2.0\application\Espo\Core\Utils\Route.php on line 157" at C:\xampp\htdocs\EspoCRM-9.2.0\application\Espo\Core\Utils\Route.php line 178 :: C:\xampp\htdocs\EspoCRM-9.2.0\application\Espo\Core\Utils\Route.php(178)
[2026-07-20 12:37:42] WARNING: E_WARNING: Undefined array key "route"
[2026-07-20 12:37:42] ERROR: (0) Uncaught Exception TypeError: "Espo\Core\Utils\Route::adjustPath(): Argument #1 ($path) must be of type string, null given, called in C:\xampp\htdocs\EspoCRM-9.2.0\application\Espo\Core\Utils\Route.php on line 157" at C:\xampp\htdocs\EspoCRM-9.2.0\application\Espo\Core\Utils\Route.php line 178 :: C:\xampp\htdocs\EspoCRM-9.2.0\application\Espo\Core\Utils\Route.php(178)
[2026-07-20 12:37:49] WARNING: E_WARNING: Undefined array key "route"
[2026-07-20 12:37:49] ERROR: (0) Uncaught Exception TypeError: "Espo\Core\Utils\Route::adjustPath(): Argument #1 ($path) must be of type string, null given, called in C:\xampp\htdocs\EspoCRM-9.2.0\application\Espo\Core\Utils\Route.php on line 157" at C:\xampp\htdocs\EspoCRM-9.2.0\application\Espo\Core\Utils\Route.php line 178 :: C:\xampp\htdocs\EspoCRM-9.2.0\application\Espo\Core\Utils\Route.php(178)
[2026-07-20 12:37:58] WARNING: E_WARNING: Undefined array key "route"
[2026-07-20 12:37:58] ERROR: (0) Uncaught Exception TypeError: "Espo\Core\Utils\Route::adjustPath(): Argument #1 ($path) must be of type string, null given, called in C:\xampp\htdocs\EspoCRM-9.2.0\application\Espo\Core\Utils\Route.php on line 157" at C:\xampp\htdocs\EspoCRM-9.2.0\application\Espo\Core\Utils\Route.php line 178 :: C:\xampp\htdocs\EspoCRM-9.2.0\application\Espo\Core\Utils\Route.php(178)
[2026-07-20 12:37:59] WARNING: E_WARNING: Undefined array key "route"
[2026-07-20 12:37:59] ERROR: (0) Uncaught Exception TypeError: "Espo\Core\Utils\Route::adjustPath(): Argument #1 ($path) must be of type string, null given, called in C:\xampp\htdocs\EspoCRM-9.2.0\application\Espo\Core\Utils\Route.php on line 157" at C:\xampp\htdocs\EspoCRM-9.2.0\application\Espo\Core\Utils\Route.php line 178 :: C:\xampp\htdocs\EspoCRM-9.2.0\application\Espo\Core\Utils\Route.php(178)
[2026-07-20 12:38:10] WARNING: E_WARNING: Undefined array key "route"
[2026-07-20 12:38:10] ERROR: (0) Uncaught Exception TypeError: "Espo\Core\Utils\Route::adjustPath(): Argument #1 ($path) must be of type string, null given, called in C:\xampp\htdocs\EspoCRM-9.2.0\application\Espo\Core\Utils\Route.php on line 157" at C:\xampp\htdocs\EspoCRM-9.2.0\application\Espo\Core\Utils\Route.php line 178 :: C:\xampp\htdocs\EspoCRM-9.2.0\application\Espo\Core\Utils\Route.php(178)
[2026-07-20 12:38:13] WARNING: E_WARNING: Undefined array key "route"
[2026-07-20 12:38:13] ERROR: (0) Uncaught Exception TypeError: "Espo\Core\Utils\Route::adjustPath(): Argument #1 ($path) must be of type string, null given, called in C:\xampp\htdocs\EspoCRM-9.2.0\application\Espo\Core\Utils\Route.php on line 157" at C:\xampp\htdocs\EspoCRM-9.2.0\application\Espo\Core\Utils\Route.php line 178 :: C:\xampp\htdocs\EspoCRM-9.2.0\application\Espo\Core\Utils\Route.php(178)
[2026-07-20 12:38:20] WARNING: E_WARNING: Undefined array key "route"
[2026-07-20 12:38:20] ERROR: (0) Uncaught Exception TypeError: "Espo\Core\Utils\Route::adjustPath(): Argument #1 ($path) must be of type string, null given, called in C:\xampp\htdocs\EspoCRM-9.2.0\application\Espo\Core\Utils\Route.php on line 157" at C:\xampp\htdocs\EspoCRM-9.2.0\application\Espo\Core\Utils\Route.php line 178 :: C:\xampp\htdocs\EspoCRM-9.2.0\application\Espo\Core\Utils\Route.php(178)
[2026-07-20 12:38:29] WARNING: E_WARNING: Undefined array key "route"
[2026-07-20 12:38:29] ERROR: (0) Uncaught Exception TypeError: "Espo\Core\Utils\Route::adjustPath(): Argument #1 ($path) must be of type string, null given, called in C:\xampp\htdocs\EspoCRM-9.2.0\application\Espo\Core\Utils\Route.php on line 157" at C:\xampp\htdocs\EspoCRM-9.2.0\application\Espo\Core\Utils\Route.php line 178 :: C:\xampp\htdocs\EspoCRM-9.2.0\application\Espo\Core\Utils\Route.php(178)
[2026-07-20 12:38:31] WARNING: E_WARNING: Undefined array key "route"
[2026-07-20 12:38:31] ERROR: (0) Uncaught Exception TypeError: "Espo\Core\Utils\Route::adjustPath(): Argument #1 ($path) must be of type string, null given, called in C:\xampp\htdocs\EspoCRM-9.2.0\application\Espo\Core\Utils\Route.php on line 157" at C:\xampp\htdocs\EspoCRM-9.2.0\application\Espo\Core\Utils\Route.php line 178 :: C:\xampp\htdocs\EspoCRM-9.2.0\application\Espo\Core\Utils\Route.php(178)
[2026-07-20 12:39:00] WARNING: E_WARNING: Undefined array key "route"
[2026-07-20 12:39:00] ERROR: (0) Uncaught Exception TypeError: "Espo\Core\Utils\Route::adjustPath(): Argument #1 ($path) must be of type string, null given, called in C:\xampp\htdocs\EspoCRM-9.2.0\application\Espo\Core\Utils\Route.php on line 157" at C:\xampp\htdocs\EspoCRM-9.2.0\application\Espo\Core\Utils\Route.php line 178 :: C:\xampp\htdocs\EspoCRM-9.2.0\application\Espo\Core\Utils\Route.php(178)
[2026-07-20 12:39:00] WARNING: E_WARNING: Undefined array key "route"
[2026-07-20 12:39:00] ERROR: (0) Uncaught Exception TypeError: "Espo\Core\Utils\Route::adjustPath(): Argument #1 ($path) must be of type string, null given, called in C:\xampp\htdocs\EspoCRM-9.2.0\application\Espo\Core\Utils\Route.php on line 157" at C:\xampp\htdocs\EspoCRM-9.2.0\application\Espo\Core\Utils\Route.php line 178 :: C:\xampp\htdocs\EspoCRM-9.2.0\application\Espo\Core\Utils\Route.php(178)
[2026-07-20 12:40:00] WARNING: E_WARNING: Undefined array key "route"
[2026-07-20 12:40:00] ERROR: (0) Uncaught Exception TypeError: "Espo\Core\Utils\Route::adjustPath(): Argument #1 ($path) must be of type string, null given, called in C:\xampp\htdocs\EspoCRM-9.2.0\application\Espo\Core\Utils\Route.php on line 157" at C:\xampp\htdocs\EspoCRM-9.2.0\application\Espo\Core\Utils\Route.php line 178 :: C:\xampp\htdocs\EspoCRM-9.2.0\application\Espo\Core\Utils\Route.php(178)
[2026-07-20 12:40:00] WARNING: E_WARNING: Undefined array key "route"
[2026-07-20 12:40:00] ERROR: (0) Uncaught Exception TypeError: "Espo\Core\Utils\Route::adjustPath(): Argument #1 ($path) must be of type string, null given, called in C:\xampp\htdocs\EspoCRM-9.2.0\application\Espo\Core\Utils\Route.php on line 157" at C:\xampp\htdocs\EspoCRM-9.2.0\application\Espo\Core\Utils\Route.php line 178 :: C:\xampp\htdocs\EspoCRM-9.2.0\application\Espo\Core\Utils\Route.php(178)
[2026-07-20 12:41:00] WARNING: E_WARNING: Undefined array key "route"
[2026-07-20 12:41:00] WARNING: E_WARNING: Undefined array key "route"
[2026-07-20 12:41:00] ERROR: (0) Uncaught Exception TypeError: "Espo\Core\Utils\Route::adjustPath(): Argument #1 ($path) must be of type string, null given, called in C:\xampp\htdocs\EspoCRM-9.2.0\application\Espo\Core\Utils\Route.php on line 157" at C:\xampp\htdocs\EspoCRM-9.2.0\application\Espo\Core\Utils\Route.php line 178 :: C:\xampp\htdocs\EspoCRM-9.2.0\application\Espo\Core\Utils\Route.php(178)
[2026-07-20 12:41:00] ERROR: (0) Uncaught Exception TypeError: "Espo\Core\Utils\Route::adjustPath(): Argument #1 ($path) must be of type string, null given, called in C:\xampp\htdocs\EspoCRM-9.2.0\application\Espo\Core\Utils\Route.php on line 157" at C:\xampp\htdocs\EspoCRM-9.2.0\application\Espo\Core\Utils\Route.php line 178 :: C:\xampp\htdocs\EspoCRM-9.2.0\application\Espo\Core\Utils\Route.php(178)
[2026-07-20 15:19:21] CRITICAL: (HY000) SQLSTATE[HY000]: General error: 2006 MySQL server has gone away :: GET /CITRequest/layout/list :: C:\xampp\htdocs\EspoCRM-9.2.0\application\Espo\ORM\Executor\DefaultSqlExecutor.php(77)
[2026-07-20 15:46:28] ERROR: (500) It's not an Installation package. :: POST /Extension/action/upload :: C:\xampp\htdocs\EspoCRM-9.2.0\application\Espo\Core\Upgrades\Actions\Base.php(187)
[2026-07-20 15:49:06] ERROR: (500) It's not an Installation package. :: POST /Extension/action/upload :: C:\xampp\htdocs\EspoCRM-9.2.0\application\Espo\Core\Upgrades\Actions\Base.php(187)
[2026-07-20 15:55:21] CRITICAL: (2002) SQLSTATE[HY000] [2002] No connection could be made because the target machine actively refused it :: GET /Settings :: C:\xampp\htdocs\EspoCRM-9.2.0\application\Espo\ORM\PDO\MysqlPDOFactory.php(73)
[2026-07-20 16:00:44] CRITICAL: (HY000) SQLSTATE[HY000]: General error: 2006 MySQL server has gone away :: GET /Settings :: C:\xampp\htdocs\EspoCRM-9.2.0\application\Espo\ORM\Executor\DefaultSqlExecutor.php(77)
[2026-07-20 16:29:27] WARNING: E_WARNING: rename(data\tmp\tmpCB99.tmp,data/cache/application/classmapEntryPoints.php): Access is denied (code: 5)
