[2026-07-14 08:59:55] WARNING: E_WARNING: rename(data\tmp\tmpCF.tmp,data/cache/application/ormMetadata.php): Access is denied (code: 5)
[2026-07-14 08:59:55] WARNING: E_WARNING: rename(data\tmp\tmpD0.tmp,data/cache/application/ormMetadata.php): Access is denied (code: 5)
[2026-07-14 08:59:58] WARNING: E_WARNING: rename(data\tmp\tmp1067.tmp,data/cache/application/classmapEntities.php): Access is denied (code: 5)
[2026-07-14 11:28:24] WARNING: E_WARNING: rename(data\tmp\tmpF479.tmp,data/cache/application/metadata.php): Access is denied (code: 5)
[2026-07-14 11:31:21] WARNING: (403) No access to scope Account. :: GET /Account/layout/listSmall :: C:\xampp\htdocs\EspoCRM-9.2.0\application\Espo\Tools\Layout\Service.php(106)
[2026-07-14 11:31:21] WARNING: (403) No access to scope Account. :: GET /Account/layout/filters :: C:\xampp\htdocs\EspoCRM-9.2.0\application\Espo\Tools\Layout\Service.php(106)
[2026-07-14 11:31:22] WARNING: (403) No access to scope Account. :: GET /Account/layout/filters :: C:\xampp\htdocs\EspoCRM-9.2.0\application\Espo\Tools\Layout\Service.php(106)
[2026-07-14 11:31:22] WARNING: (403) No access to scope Account. :: GET /Account/layout/listSmall :: C:\xampp\htdocs\EspoCRM-9.2.0\application\Espo\Tools\Layout\Service.php(106)
[2026-07-14 11:31:23] WARNING: (403) No access to scope Account. :: GET /Account/layout/filters :: C:\xampp\htdocs\EspoCRM-9.2.0\application\Espo\Tools\Layout\Service.php(106)
[2026-07-14 11:31:23] WARNING: (403) No access to scope Account. :: GET /Account/layout/listSmall :: C:\xampp\htdocs\EspoCRM-9.2.0\application\Espo\Tools\Layout\Service.php(106)
[2026-07-14 11:55:02] WARNING: (403) No access to scope Contact. :: GET /Contact/layout/filters :: C:\xampp\htdocs\EspoCRM-9.2.0\application\Espo\Tools\Layout\Service.php(106)
[2026-07-14 11:55:02] WARNING: (403) No access to scope Contact. :: GET /Contact/layout/listSmall :: C:\xampp\htdocs\EspoCRM-9.2.0\application\Espo\Tools\Layout\Service.php(106)
[2026-07-14 11:55:03] WARNING: (403) No access to scope Account. :: GET /Account/layout/listSmall :: C:\xampp\htdocs\EspoCRM-9.2.0\application\Espo\Tools\Layout\Service.php(106)
[2026-07-14 11:55:03] WARNING: (403) No access to scope Account. :: GET /Account/layout/filters :: C:\xampp\htdocs\EspoCRM-9.2.0\application\Espo\Tools\Layout\Service.php(106)
[2026-07-14 11:55:04] WARNING: (403) No access to scope Account. :: GET /Account/layout/listSmall :: C:\xampp\htdocs\EspoCRM-9.2.0\application\Espo\Tools\Layout\Service.php(106)
[2026-07-14 11:55:04] WARNING: (403) No access to scope Account. :: GET /Account/layout/filters :: C:\xampp\htdocs\EspoCRM-9.2.0\application\Espo\Tools\Layout\Service.php(106)
[2026-07-14 12:12:35] WARNING: E_WARNING: rename(data\tmp\tmp6A21.tmp,data/cache/application/classmapEntryPoints.php): Access is denied (code: 5)
[2026-07-14 12:38:29] WARNING: (403) No stream access. :: GET /Case/6a562d8b1407f0dfd/stream :: C:\xampp\htdocs\EspoCRM-9.2.0\application\Espo\Tools\Stream\RecordService.php(427)
[2026-07-14 12:41:07] WARNING: (403) No access to scope CProduct. :: GET /CProduct/layout/filters :: C:\xampp\htdocs\EspoCRM-9.2.0\application\Espo\Tools\Layout\Service.php(106)
[2026-07-14 12:41:07] WARNING: (403) No access to scope CProduct. :: GET /CProduct/layout/listSmall :: C:\xampp\htdocs\EspoCRM-9.2.0\application\Espo\Tools\Layout\Service.php(106)
[2026-07-14 12:41:08] WARNING: (403) No access to scope CProduct. :: GET /CProduct/layout/listSmall :: C:\xampp\htdocs\EspoCRM-9.2.0\application\Espo\Tools\Layout\Service.php(106)
[2026-07-14 12:41:08] WARNING: (403) No access to scope CProduct. :: GET /CProduct/layout/filters :: C:\xampp\htdocs\EspoCRM-9.2.0\application\Espo\Tools\Layout\Service.php(106)
[2026-07-14 12:41:09] WARNING: (403) No access to scope CProduct. :: GET /CProduct/layout/filters :: C:\xampp\htdocs\EspoCRM-9.2.0\application\Espo\Tools\Layout\Service.php(106)
[2026-07-14 12:41:09] WARNING: (403) No access to scope CProduct. :: GET /CProduct/layout/listSmall :: C:\xampp\htdocs\EspoCRM-9.2.0\application\Espo\Tools\Layout\Service.php(106)
[2026-07-14 12:41:10] WARNING: (403) No access to scope CProduct. :: GET /CProduct/layout/filters :: C:\xampp\htdocs\EspoCRM-9.2.0\application\Espo\Tools\Layout\Service.php(106)
[2026-07-14 12:41:10] WARNING: (403) No access to scope CProduct. :: GET /CProduct/layout/listSmall :: C:\xampp\htdocs\EspoCRM-9.2.0\application\Espo\Tools\Layout\Service.php(106)
[2026-07-14 13:57:50] WARNING: E_WARNING: mkdir(): File exists
[2026-07-14 13:57:51] WARNING: E_WARNING: rename(data\tmp\tmpCADB.tmp,data/cache/application/classmapEntities.php): Access is denied (code: 5)
[2026-07-14 15:10:16] WARNING: (400) No primary filter 'f221269' for 'CProduct'. :: GET /CProduct :: C:\xampp\htdocs\EspoCRM-9.2.0\application\Espo\Core\Select\Primary\Applier.php(70)
[2026-07-14 15:10:30] WARNING: (400) No primary filter 'f221269' for 'CProduct'. :: GET /CProduct :: C:\xampp\htdocs\EspoCRM-9.2.0\application\Espo\Core\Select\Primary\Applier.php(70)
[2026-07-14 15:12:00] WARNING: (400) No primary filter 'f221269' for 'CProduct'. :: GET /CProduct :: C:\xampp\htdocs\EspoCRM-9.2.0\application\Espo\Core\Select\Primary\Applier.php(70)
[2026-07-14 15:25:40] ERROR: (409) Field CProduct::category already exists. :: POST /EntityManager/action/createLink :: C:\xampp\htdocs\EspoCRM-9.2.0\application\Espo\Tools\LinkManager\LinkManager.php(260)
[2026-07-14 15:27:25] WARNING: (400) Not existing attribute 'category' in where. :: GET /CProduct :: C:\xampp\htdocs\EspoCRM-9.2.0\application\Espo\Core\Select\Where\Checker.php(172)
[2026-07-14 15:27:31] WARNING: (400) Not existing attribute 'category' in where. :: GET /CProduct :: C:\xampp\htdocs\EspoCRM-9.2.0\application\Espo\Core\Select\Where\Checker.php(172)
[2026-07-14 15:27:32] WARNING: (400) Not existing attribute 'category' in where. :: GET /CProduct :: C:\xampp\htdocs\EspoCRM-9.2.0\application\Espo\Core\Select\Where\Checker.php(172)
[2026-07-14 15:27:33] WARNING: (400) Not existing attribute 'category' in where. :: GET /CProduct :: C:\xampp\htdocs\EspoCRM-9.2.0\application\Espo\Core\Select\Where\Checker.php(172)
[2026-07-14 15:42:02] WARNING: (403) No access to scope CCategory. :: GET /CCategory/layout/listSmall :: C:\xampp\htdocs\EspoCRM-9.2.0\application\Espo\Tools\Layout\Service.php(106)
[2026-07-14 15:42:02] WARNING: (403) No access to scope CCategory. :: GET /CCategory/layout/filters :: C:\xampp\htdocs\EspoCRM-9.2.0\application\Espo\Tools\Layout\Service.php(106)
[2026-07-14 15:42:03] WARNING: (403) No access to scope CCategory. :: GET /CCategory/layout/listSmall :: C:\xampp\htdocs\EspoCRM-9.2.0\application\Espo\Tools\Layout\Service.php(106)
[2026-07-14 15:42:03] WARNING: (403) No access to scope CCategory. :: GET /CCategory/layout/filters :: C:\xampp\htdocs\EspoCRM-9.2.0\application\Espo\Tools\Layout\Service.php(106)
[2026-07-14 15:45:44] WARNING: (400) Not existing attribute 'category' in where. :: GET /CProduct :: C:\xampp\htdocs\EspoCRM-9.2.0\application\Espo\Core\Select\Where\Checker.php(172)
[2026-07-14 15:45:48] WARNING: (400) Not existing attribute 'category' in where. :: GET /CProduct :: C:\xampp\htdocs\EspoCRM-9.2.0\application\Espo\Core\Select\Where\Checker.php(172)
[2026-07-14 16:23:12] WARNING: (400) Not existing attribute 'category' in where. :: GET /CProduct :: C:\xampp\htdocs\EspoCRM-9.2.0\application\Espo\Core\Select\Where\Checker.php(172)
[2026-07-14 16:23:16] WARNING: (400) Not existing attribute 'category' in where. :: GET /CProduct :: C:\xampp\htdocs\EspoCRM-9.2.0\application\Espo\Core\Select\Where\Checker.php(172)
[2026-07-14 16:23:46] WARNING: (400) Not existing attribute 'category' in where. :: GET /CProduct :: C:\xampp\htdocs\EspoCRM-9.2.0\application\Espo\Core\Select\Where\Checker.php(172)
[2026-07-14 16:24:22] WARNING: (400) Not existing attribute 'category' in where. :: GET /CProduct :: C:\xampp\htdocs\EspoCRM-9.2.0\application\Espo\Core\Select\Where\Checker.php(172)
[2026-07-14 16:40:55] WARNING: E_WARNING: rename(data\tmp\tmp1372.tmp,data/cache/application/acl/6a5532ae7d914663d.php): Access is denied (code: 5)
[2026-07-14 16:56:44] WARNING: E_WARNING: rename(data\tmp\tmp90E6.tmp,data/cache/application/classmapEntities.php): Access is denied (code: 5)
