[2026-07-28 11:21:40] WARNING: E_WARNING: rename(data\tmp\tmp1CF3.tmp,data/cache/application/classmapEntities.php): Access is denied (code: 5)
[2026-07-28 11:21:40] CRITICAL: (42000) SQLSTATE[42000]: Syntax error or access violation: 1142 SELECT command denied to user 'espo_user'@'localhost' for table `espocrm_db`.`user` :: GET /I18n :: C:\inetpub\wwwroot\AssetFlowCRM\application\Espo\ORM\Executor\DefaultSqlExecutor.php(77)
[2026-07-28 11:21:40] CRITICAL: (42000) SQLSTATE[42000]: Syntax error or access violation: 1142 SELECT command denied to user 'espo_user'@'localhost' for table `espocrm_db`.`user` :: GET /I18n :: C:\inetpub\wwwroot\AssetFlowCRM\application\Espo\ORM\Executor\DefaultSqlExecutor.php(77)
[2026-07-28 11:21:40] CRITICAL: (42000) SQLSTATE[42000]: Syntax error or access violation: 1142 SELECT command denied to user 'espo_user'@'localhost' for table `espocrm_db`.`user` :: GET /Settings :: C:\inetpub\wwwroot\AssetFlowCRM\application\Espo\ORM\Executor\DefaultSqlExecutor.php(77)
[2026-07-28 11:21:40] CRITICAL: (42000) SQLSTATE[42000]: Syntax error or access violation: 1142 SELECT command denied to user 'espo_user'@'localhost' for table `espocrm_db`.`user` :: GET /Settings :: C:\inetpub\wwwroot\AssetFlowCRM\application\Espo\ORM\Executor\DefaultSqlExecutor.php(77)
[2026-07-28 11:21:45] CRITICAL: (42000) SQLSTATE[42000]: Syntax error or access violation: 1142 SELECT command denied to user 'espo_user'@'localhost' for table `espocrm_db`.`user` :: GET /Settings :: C:\inetpub\wwwroot\AssetFlowCRM\application\Espo\ORM\Executor\DefaultSqlExecutor.php(77)
[2026-07-28 11:21:45] CRITICAL: (42000) SQLSTATE[42000]: Syntax error or access violation: 1142 SELECT command denied to user 'espo_user'@'localhost' for table `espocrm_db`.`user` :: GET /I18n :: C:\inetpub\wwwroot\AssetFlowCRM\application\Espo\ORM\Executor\DefaultSqlExecutor.php(77)
[2026-07-28 11:22:41] CRITICAL: (42000) SQLSTATE[42000]: Syntax error or access violation: 1142 SELECT command denied to user 'espo_user'@'localhost' for table `espocrm_db`.`user` :: GET /Settings :: C:\inetpub\wwwroot\AssetFlowCRM\application\Espo\ORM\Executor\DefaultSqlExecutor.php(77)
[2026-07-28 11:22:41] CRITICAL: (42000) SQLSTATE[42000]: Syntax error or access violation: 1142 SELECT command denied to user 'espo_user'@'localhost' for table `espocrm_db`.`user` :: GET /I18n :: C:\inetpub\wwwroot\AssetFlowCRM\application\Espo\ORM\Executor\DefaultSqlExecutor.php(77)
[2026-07-28 11:22:42] CRITICAL: (42000) SQLSTATE[42000]: Syntax error or access violation: 1142 SELECT command denied to user 'espo_user'@'localhost' for table `espocrm_db`.`user` :: GET /I18n :: C:\inetpub\wwwroot\AssetFlowCRM\application\Espo\ORM\Executor\DefaultSqlExecutor.php(77)
[2026-07-28 11:22:42] CRITICAL: (42000) SQLSTATE[42000]: Syntax error or access violation: 1142 SELECT command denied to user 'espo_user'@'localhost' for table `espocrm_db`.`user` :: GET /Settings :: C:\inetpub\wwwroot\AssetFlowCRM\application\Espo\ORM\Executor\DefaultSqlExecutor.php(77)
[2026-07-28 11:23:06] CRITICAL: (42000) SQLSTATE[42000]: Syntax error or access violation: 1142 SELECT command denied to user 'espo_user'@'localhost' for table `espocrm_db`.`user` :: GET /I18n :: C:\inetpub\wwwroot\AssetFlowCRM\application\Espo\ORM\Executor\DefaultSqlExecutor.php(77)
[2026-07-28 11:23:06] CRITICAL: (42000) SQLSTATE[42000]: Syntax error or access violation: 1142 SELECT command denied to user 'espo_user'@'localhost' for table `espocrm_db`.`user` :: GET /Settings :: C:\inetpub\wwwroot\AssetFlowCRM\application\Espo\ORM\Executor\DefaultSqlExecutor.php(77)
[2026-07-28 11:25:34] CRITICAL: (42000) SQLSTATE[42000]: Syntax error or access violation: 1142 SELECT command denied to user 'espo_user'@'localhost' for table `espocrm_db`.`user` :: GET /Settings :: C:\inetpub\wwwroot\AssetFlowCRM\application\Espo\ORM\Executor\DefaultSqlExecutor.php(77)
[2026-07-28 11:25:34] CRITICAL: (42000) SQLSTATE[42000]: Syntax error or access violation: 1142 SELECT command denied to user 'espo_user'@'localhost' for table `espocrm_db`.`user` :: GET /I18n :: C:\inetpub\wwwroot\AssetFlowCRM\application\Espo\ORM\Executor\DefaultSqlExecutor.php(77)
[2026-07-28 11:25:35] CRITICAL: (42000) SQLSTATE[42000]: Syntax error or access violation: 1142 SELECT command denied to user 'espo_user'@'localhost' for table `espocrm_db`.`user` :: GET /Settings :: C:\inetpub\wwwroot\AssetFlowCRM\application\Espo\ORM\Executor\DefaultSqlExecutor.php(77)
[2026-07-28 11:25:35] CRITICAL: (42000) SQLSTATE[42000]: Syntax error or access violation: 1142 SELECT command denied to user 'espo_user'@'localhost' for table `espocrm_db`.`user` :: GET /I18n :: C:\inetpub\wwwroot\AssetFlowCRM\application\Espo\ORM\Executor\DefaultSqlExecutor.php(77)
[2026-07-28 11:25:35] CRITICAL: (42000) SQLSTATE[42000]: Syntax error or access violation: 1142 SELECT command denied to user 'espo_user'@'localhost' for table `espocrm_db`.`user` :: GET /I18n :: C:\inetpub\wwwroot\AssetFlowCRM\application\Espo\ORM\Executor\DefaultSqlExecutor.php(77)
[2026-07-28 11:25:35] CRITICAL: (42000) SQLSTATE[42000]: Syntax error or access violation: 1142 SELECT command denied to user 'espo_user'@'localhost' for table `espocrm_db`.`user` :: GET /Settings :: C:\inetpub\wwwroot\AssetFlowCRM\application\Espo\ORM\Executor\DefaultSqlExecutor.php(77)
[2026-07-28 11:25:36] CRITICAL: (42000) SQLSTATE[42000]: Syntax error or access violation: 1142 SELECT command denied to user 'espo_user'@'localhost' for table `espocrm_db`.`user` :: GET /I18n :: C:\inetpub\wwwroot\AssetFlowCRM\application\Espo\ORM\Executor\DefaultSqlExecutor.php(77)
[2026-07-28 11:25:36] CRITICAL: (42000) SQLSTATE[42000]: Syntax error or access violation: 1142 SELECT command denied to user 'espo_user'@'localhost' for table `espocrm_db`.`user` :: GET /Settings :: C:\inetpub\wwwroot\AssetFlowCRM\application\Espo\ORM\Executor\DefaultSqlExecutor.php(77)
[2026-07-28 11:25:46] CRITICAL: (42000) SQLSTATE[42000]: Syntax error or access violation: 1142 SELECT command denied to user 'espo_user'@'localhost' for table `espocrm_db`.`user` :: GET /Settings :: C:\inetpub\wwwroot\AssetFlowCRM\application\Espo\ORM\Executor\DefaultSqlExecutor.php(77)
[2026-07-28 11:25:46] CRITICAL: (42000) SQLSTATE[42000]: Syntax error or access violation: 1142 SELECT command denied to user 'espo_user'@'localhost' for table `espocrm_db`.`user` :: GET /I18n :: C:\inetpub\wwwroot\AssetFlowCRM\application\Espo\ORM\Executor\DefaultSqlExecutor.php(77)
[2026-07-28 11:58:34] CRITICAL: (42000) SQLSTATE[42000]: Syntax error or access violation: 1142 SELECT command denied to user 'espo_user'@'localhost' for table `espocrm_db`.`user` :: GET /I18n :: C:\inetpub\wwwroot\AssetFlowCRM\application\Espo\ORM\Executor\DefaultSqlExecutor.php(77)
[2026-07-28 11:58:34] CRITICAL: (42000) SQLSTATE[42000]: Syntax error or access violation: 1142 SELECT command denied to user 'espo_user'@'localhost' for table `espocrm_db`.`user` :: GET /Settings :: C:\inetpub\wwwroot\AssetFlowCRM\application\Espo\ORM\Executor\DefaultSqlExecutor.php(77)
[2026-07-28 11:58:39] CRITICAL: (42000) SQLSTATE[42000]: Syntax error or access violation: 1142 SELECT command denied to user 'espo_user'@'localhost' for table `espocrm_db`.`user` :: GET /Settings :: C:\inetpub\wwwroot\AssetFlowCRM\application\Espo\ORM\Executor\DefaultSqlExecutor.php(77)
[2026-07-28 11:58:39] CRITICAL: (42000) SQLSTATE[42000]: Syntax error or access violation: 1142 SELECT command denied to user 'espo_user'@'localhost' for table `espocrm_db`.`user` :: GET /I18n :: C:\inetpub\wwwroot\AssetFlowCRM\application\Espo\ORM\Executor\DefaultSqlExecutor.php(77)
[2026-07-28 11:58:39] CRITICAL: (42000) SQLSTATE[42000]: Syntax error or access violation: 1142 SELECT command denied to user 'espo_user'@'localhost' for table `espocrm_db`.`user` :: GET /Settings :: C:\inetpub\wwwroot\AssetFlowCRM\application\Espo\ORM\Executor\DefaultSqlExecutor.php(77)
[2026-07-28 11:58:39] CRITICAL: (42000) SQLSTATE[42000]: Syntax error or access violation: 1142 SELECT command denied to user 'espo_user'@'localhost' for table `espocrm_db`.`user` :: GET /I18n :: C:\inetpub\wwwroot\AssetFlowCRM\application\Espo\ORM\Executor\DefaultSqlExecutor.php(77)
[2026-07-28 11:58:40] CRITICAL: (42000) SQLSTATE[42000]: Syntax error or access violation: 1142 SELECT command denied to user 'espo_user'@'localhost' for table `espocrm_db`.`user` :: GET /I18n :: C:\inetpub\wwwroot\AssetFlowCRM\application\Espo\ORM\Executor\DefaultSqlExecutor.php(77)
[2026-07-28 11:58:40] CRITICAL: (42000) SQLSTATE[42000]: Syntax error or access violation: 1142 SELECT command denied to user 'espo_user'@'localhost' for table `espocrm_db`.`user` :: GET /Settings :: C:\inetpub\wwwroot\AssetFlowCRM\application\Espo\ORM\Executor\DefaultSqlExecutor.php(77)
[2026-07-28 11:58:40] CRITICAL: (42000) SQLSTATE[42000]: Syntax error or access violation: 1142 SELECT command denied to user 'espo_user'@'localhost' for table `espocrm_db`.`user` :: GET /I18n :: C:\inetpub\wwwroot\AssetFlowCRM\application\Espo\ORM\Executor\DefaultSqlExecutor.php(77)
[2026-07-28 11:58:40] CRITICAL: (42000) SQLSTATE[42000]: Syntax error or access violation: 1142 SELECT command denied to user 'espo_user'@'localhost' for table `espocrm_db`.`user` :: GET /Settings :: C:\inetpub\wwwroot\AssetFlowCRM\application\Espo\ORM\Executor\DefaultSqlExecutor.php(77)
[2026-07-28 11:58:41] CRITICAL: (42000) SQLSTATE[42000]: Syntax error or access violation: 1142 SELECT command denied to user 'espo_user'@'localhost' for table `espocrm_db`.`user` :: GET /Settings :: C:\inetpub\wwwroot\AssetFlowCRM\application\Espo\ORM\Executor\DefaultSqlExecutor.php(77)
[2026-07-28 11:58:41] CRITICAL: (42000) SQLSTATE[42000]: Syntax error or access violation: 1142 SELECT command denied to user 'espo_user'@'localhost' for table `espocrm_db`.`user` :: GET /I18n :: C:\inetpub\wwwroot\AssetFlowCRM\application\Espo\ORM\Executor\DefaultSqlExecutor.php(77)
[2026-07-28 11:58:41] CRITICAL: (42000) SQLSTATE[42000]: Syntax error or access violation: 1142 SELECT command denied to user 'espo_user'@'localhost' for table `espocrm_db`.`user` :: GET /I18n :: C:\inetpub\wwwroot\AssetFlowCRM\application\Espo\ORM\Executor\DefaultSqlExecutor.php(77)
[2026-07-28 11:58:41] CRITICAL: (42000) SQLSTATE[42000]: Syntax error or access violation: 1142 SELECT command denied to user 'espo_user'@'localhost' for table `espocrm_db`.`user` :: GET /Settings :: C:\inetpub\wwwroot\AssetFlowCRM\application\Espo\ORM\Executor\DefaultSqlExecutor.php(77)
[2026-07-28 11:58:41] CRITICAL: (42000) SQLSTATE[42000]: Syntax error or access violation: 1142 SELECT command denied to user 'espo_user'@'localhost' for table `espocrm_db`.`user` :: GET /Settings :: C:\inetpub\wwwroot\AssetFlowCRM\application\Espo\ORM\Executor\DefaultSqlExecutor.php(77)
[2026-07-28 11:58:41] CRITICAL: (42000) SQLSTATE[42000]: Syntax error or access violation: 1142 SELECT command denied to user 'espo_user'@'localhost' for table `espocrm_db`.`user` :: GET /I18n :: C:\inetpub\wwwroot\AssetFlowCRM\application\Espo\ORM\Executor\DefaultSqlExecutor.php(77)
[2026-07-28 11:58:41] CRITICAL: (42000) SQLSTATE[42000]: Syntax error or access violation: 1142 SELECT command denied to user 'espo_user'@'localhost' for table `espocrm_db`.`user` :: GET /I18n :: C:\inetpub\wwwroot\AssetFlowCRM\application\Espo\ORM\Executor\DefaultSqlExecutor.php(77)
[2026-07-28 11:58:41] CRITICAL: (42000) SQLSTATE[42000]: Syntax error or access violation: 1142 SELECT command denied to user 'espo_user'@'localhost' for table `espocrm_db`.`user` :: GET /Settings :: C:\inetpub\wwwroot\AssetFlowCRM\application\Espo\ORM\Executor\DefaultSqlExecutor.php(77)
[2026-07-28 11:58:41] CRITICAL: (42000) SQLSTATE[42000]: Syntax error or access violation: 1142 SELECT command denied to user 'espo_user'@'localhost' for table `espocrm_db`.`user` :: GET /I18n :: C:\inetpub\wwwroot\AssetFlowCRM\application\Espo\ORM\Executor\DefaultSqlExecutor.php(77)
[2026-07-28 11:58:41] CRITICAL: (42000) SQLSTATE[42000]: Syntax error or access violation: 1142 SELECT command denied to user 'espo_user'@'localhost' for table `espocrm_db`.`user` :: GET /Settings :: C:\inetpub\wwwroot\AssetFlowCRM\application\Espo\ORM\Executor\DefaultSqlExecutor.php(77)
[2026-07-28 11:59:36] CRITICAL: (42000) SQLSTATE[42000]: Syntax error or access violation: 1142 SELECT command denied to user 'espo_user'@'localhost' for table `espocrm_db`.`user` :: GET /Settings :: C:\inetpub\wwwroot\AssetFlowCRM\application\Espo\ORM\Executor\DefaultSqlExecutor.php(77)
[2026-07-28 11:59:36] CRITICAL: (42000) SQLSTATE[42000]: Syntax error or access violation: 1142 SELECT command denied to user 'espo_user'@'localhost' for table `espocrm_db`.`user` :: GET /I18n :: C:\inetpub\wwwroot\AssetFlowCRM\application\Espo\ORM\Executor\DefaultSqlExecutor.php(77)
[2026-07-28 12:02:28] CRITICAL: (42000) SQLSTATE[42000]: Syntax error or access violation: 1142 SELECT command denied to user 'espo_user'@'localhost' for table `espocrm_db`.`user` :: GET /Settings :: C:\inetpub\wwwroot\AssetFlowCRM\application\Espo\ORM\Executor\DefaultSqlExecutor.php(77)
[2026-07-28 12:02:28] CRITICAL: (42000) SQLSTATE[42000]: Syntax error or access violation: 1142 SELECT command denied to user 'espo_user'@'localhost' for table `espocrm_db`.`user` :: GET /I18n :: C:\inetpub\wwwroot\AssetFlowCRM\application\Espo\ORM\Executor\DefaultSqlExecutor.php(77)
[2026-07-28 12:02:30] CRITICAL: (42000) SQLSTATE[42000]: Syntax error or access violation: 1142 SELECT command denied to user 'espo_user'@'localhost' for table `espocrm_db`.`user` :: GET /Settings :: C:\inetpub\wwwroot\AssetFlowCRM\application\Espo\ORM\Executor\DefaultSqlExecutor.php(77)
[2026-07-28 12:02:30] CRITICAL: (42000) SQLSTATE[42000]: Syntax error or access violation: 1142 SELECT command denied to user 'espo_user'@'localhost' for table `espocrm_db`.`user` :: GET /I18n :: C:\inetpub\wwwroot\AssetFlowCRM\application\Espo\ORM\Executor\DefaultSqlExecutor.php(77)
[2026-07-28 12:02:30] CRITICAL: (42000) SQLSTATE[42000]: Syntax error or access violation: 1142 SELECT command denied to user 'espo_user'@'localhost' for table `espocrm_db`.`user` :: GET /Settings :: C:\inetpub\wwwroot\AssetFlowCRM\application\Espo\ORM\Executor\DefaultSqlExecutor.php(77)
[2026-07-28 12:02:30] CRITICAL: (42000) SQLSTATE[42000]: Syntax error or access violation: 1142 SELECT command denied to user 'espo_user'@'localhost' for table `espocrm_db`.`user` :: GET /I18n :: C:\inetpub\wwwroot\AssetFlowCRM\application\Espo\ORM\Executor\DefaultSqlExecutor.php(77)
[2026-07-28 12:02:30] CRITICAL: (42000) SQLSTATE[42000]: Syntax error or access violation: 1142 SELECT command denied to user 'espo_user'@'localhost' for table `espocrm_db`.`user` :: GET /I18n :: C:\inetpub\wwwroot\AssetFlowCRM\application\Espo\ORM\Executor\DefaultSqlExecutor.php(77)
[2026-07-28 12:02:30] CRITICAL: (42000) SQLSTATE[42000]: Syntax error or access violation: 1142 SELECT command denied to user 'espo_user'@'localhost' for table `espocrm_db`.`user` :: GET /Settings :: C:\inetpub\wwwroot\AssetFlowCRM\application\Espo\ORM\Executor\DefaultSqlExecutor.php(77)
[2026-07-28 12:02:30] CRITICAL: (42000) SQLSTATE[42000]: Syntax error or access violation: 1142 SELECT command denied to user 'espo_user'@'localhost' for table `espocrm_db`.`user` :: GET /I18n :: C:\inetpub\wwwroot\AssetFlowCRM\application\Espo\ORM\Executor\DefaultSqlExecutor.php(77)
[2026-07-28 12:02:30] CRITICAL: (42000) SQLSTATE[42000]: Syntax error or access violation: 1142 SELECT command denied to user 'espo_user'@'localhost' for table `espocrm_db`.`user` :: GET /Settings :: C:\inetpub\wwwroot\AssetFlowCRM\application\Espo\ORM\Executor\DefaultSqlExecutor.php(77)
[2026-07-28 12:02:31] CRITICAL: (42000) SQLSTATE[42000]: Syntax error or access violation: 1142 SELECT command denied to user 'espo_user'@'localhost' for table `espocrm_db`.`user` :: GET /I18n :: C:\inetpub\wwwroot\AssetFlowCRM\application\Espo\ORM\Executor\DefaultSqlExecutor.php(77)
[2026-07-28 12:02:31] CRITICAL: (42000) SQLSTATE[42000]: Syntax error or access violation: 1142 SELECT command denied to user 'espo_user'@'localhost' for table `espocrm_db`.`user` :: GET /Settings :: C:\inetpub\wwwroot\AssetFlowCRM\application\Espo\ORM\Executor\DefaultSqlExecutor.php(77)
[2026-07-28 12:02:31] CRITICAL: (42000) SQLSTATE[42000]: Syntax error or access violation: 1142 SELECT command denied to user 'espo_user'@'localhost' for table `espocrm_db`.`user` :: GET /I18n :: C:\inetpub\wwwroot\AssetFlowCRM\application\Espo\ORM\Executor\DefaultSqlExecutor.php(77)
[2026-07-28 12:02:31] CRITICAL: (42000) SQLSTATE[42000]: Syntax error or access violation: 1142 SELECT command denied to user 'espo_user'@'localhost' for table `espocrm_db`.`user` :: GET /Settings :: C:\inetpub\wwwroot\AssetFlowCRM\application\Espo\ORM\Executor\DefaultSqlExecutor.php(77)
[2026-07-28 12:02:38] CRITICAL: (42000) SQLSTATE[42000]: Syntax error or access violation: 1142 SELECT command denied to user 'espo_user'@'localhost' for table `espocrm_db`.`user` :: GET /Settings :: C:\inetpub\wwwroot\AssetFlowCRM\application\Espo\ORM\Executor\DefaultSqlExecutor.php(77)
[2026-07-28 12:02:38] CRITICAL: (42000) SQLSTATE[42000]: Syntax error or access violation: 1142 SELECT command denied to user 'espo_user'@'localhost' for table `espocrm_db`.`user` :: GET /I18n :: C:\inetpub\wwwroot\AssetFlowCRM\application\Espo\ORM\Executor\DefaultSqlExecutor.php(77)
[2026-07-28 12:03:27] CRITICAL: (42000) SQLSTATE[42000]: Syntax error or access violation: 1142 SELECT command denied to user 'espo_user'@'localhost' for table `espocrm_db`.`user` :: GET /Settings :: C:\inetpub\wwwroot\AssetFlowCRM\application\Espo\ORM\Executor\DefaultSqlExecutor.php(77)
[2026-07-28 12:03:27] CRITICAL: (42000) SQLSTATE[42000]: Syntax error or access violation: 1142 SELECT command denied to user 'espo_user'@'localhost' for table `espocrm_db`.`user` :: GET /I18n :: C:\inetpub\wwwroot\AssetFlowCRM\application\Espo\ORM\Executor\DefaultSqlExecutor.php(77)
[2026-07-28 12:03:28] CRITICAL: (42000) SQLSTATE[42000]: Syntax error or access violation: 1142 SELECT command denied to user 'espo_user'@'localhost' for table `espocrm_db`.`user` :: GET /I18n :: C:\inetpub\wwwroot\AssetFlowCRM\application\Espo\ORM\Executor\DefaultSqlExecutor.php(77)
[2026-07-28 12:03:28] CRITICAL: (42000) SQLSTATE[42000]: Syntax error or access violation: 1142 SELECT command denied to user 'espo_user'@'localhost' for table `espocrm_db`.`user` :: GET /Settings :: C:\inetpub\wwwroot\AssetFlowCRM\application\Espo\ORM\Executor\DefaultSqlExecutor.php(77)
[2026-07-28 12:03:28] CRITICAL: (42000) SQLSTATE[42000]: Syntax error or access violation: 1142 SELECT command denied to user 'espo_user'@'localhost' for table `espocrm_db`.`user` :: GET /I18n :: C:\inetpub\wwwroot\AssetFlowCRM\application\Espo\ORM\Executor\DefaultSqlExecutor.php(77)
[2026-07-28 12:03:28] CRITICAL: (42000) SQLSTATE[42000]: Syntax error or access violation: 1142 SELECT command denied to user 'espo_user'@'localhost' for table `espocrm_db`.`user` :: GET /Settings :: C:\inetpub\wwwroot\AssetFlowCRM\application\Espo\ORM\Executor\DefaultSqlExecutor.php(77)
[2026-07-28 12:03:28] CRITICAL: (42000) SQLSTATE[42000]: Syntax error or access violation: 1142 SELECT command denied to user 'espo_user'@'localhost' for table `espocrm_db`.`user` :: GET /I18n :: C:\inetpub\wwwroot\AssetFlowCRM\application\Espo\ORM\Executor\DefaultSqlExecutor.php(77)
[2026-07-28 12:03:28] CRITICAL: (42000) SQLSTATE[42000]: Syntax error or access violation: 1142 SELECT command denied to user 'espo_user'@'localhost' for table `espocrm_db`.`user` :: GET /Settings :: C:\inetpub\wwwroot\AssetFlowCRM\application\Espo\ORM\Executor\DefaultSqlExecutor.php(77)
[2026-07-28 12:03:28] CRITICAL: (42000) SQLSTATE[42000]: Syntax error or access violation: 1142 SELECT command denied to user 'espo_user'@'localhost' for table `espocrm_db`.`user` :: GET /Settings :: C:\inetpub\wwwroot\AssetFlowCRM\application\Espo\ORM\Executor\DefaultSqlExecutor.php(77)
[2026-07-28 12:03:28] CRITICAL: (42000) SQLSTATE[42000]: Syntax error or access violation: 1142 SELECT command denied to user 'espo_user'@'localhost' for table `espocrm_db`.`user` :: GET /I18n :: C:\inetpub\wwwroot\AssetFlowCRM\application\Espo\ORM\Executor\DefaultSqlExecutor.php(77)
[2026-07-28 12:03:29] CRITICAL: (42000) SQLSTATE[42000]: Syntax error or access violation: 1142 SELECT command denied to user 'espo_user'@'localhost' for table `espocrm_db`.`user` :: GET /Settings :: C:\inetpub\wwwroot\AssetFlowCRM\application\Espo\ORM\Executor\DefaultSqlExecutor.php(77)
[2026-07-28 12:03:29] CRITICAL: (42000) SQLSTATE[42000]: Syntax error or access violation: 1142 SELECT command denied to user 'espo_user'@'localhost' for table `espocrm_db`.`user` :: GET /I18n :: C:\inetpub\wwwroot\AssetFlowCRM\application\Espo\ORM\Executor\DefaultSqlExecutor.php(77)
[2026-07-28 12:03:29] CRITICAL: (42000) SQLSTATE[42000]: Syntax error or access violation: 1142 SELECT command denied to user 'espo_user'@'localhost' for table `espocrm_db`.`user` :: GET /Settings :: C:\inetpub\wwwroot\AssetFlowCRM\application\Espo\ORM\Executor\DefaultSqlExecutor.php(77)
[2026-07-28 12:03:29] CRITICAL: (42000) SQLSTATE[42000]: Syntax error or access violation: 1142 SELECT command denied to user 'espo_user'@'localhost' for table `espocrm_db`.`user` :: GET /I18n :: C:\inetpub\wwwroot\AssetFlowCRM\application\Espo\ORM\Executor\DefaultSqlExecutor.php(77)
[2026-07-28 13:48:05] CRITICAL: (42000) SQLSTATE[42000]: Syntax error or access violation: 1142 SELECT command denied to user 'espo_user'@'localhost' for table `espocrm_db`.`user` :: GET /Settings :: C:\inetpub\wwwroot\AssetFlowCRM\application\Espo\ORM\Executor\DefaultSqlExecutor.php(77)
[2026-07-28 13:48:05] CRITICAL: (42000) SQLSTATE[42000]: Syntax error or access violation: 1142 SELECT command denied to user 'espo_user'@'localhost' for table `espocrm_db`.`user` :: GET /I18n :: C:\inetpub\wwwroot\AssetFlowCRM\application\Espo\ORM\Executor\DefaultSqlExecutor.php(77)
[2026-07-28 13:48:08] CRITICAL: (42000) SQLSTATE[42000]: Syntax error or access violation: 1142 SELECT command denied to user 'espo_user'@'localhost' for table `espocrm_db`.`user` :: GET /Settings :: C:\inetpub\wwwroot\AssetFlowCRM\application\Espo\ORM\Executor\DefaultSqlExecutor.php(77)
[2026-07-28 13:48:08] CRITICAL: (42000) SQLSTATE[42000]: Syntax error or access violation: 1142 SELECT command denied to user 'espo_user'@'localhost' for table `espocrm_db`.`user` :: GET /I18n :: C:\inetpub\wwwroot\AssetFlowCRM\application\Espo\ORM\Executor\DefaultSqlExecutor.php(77)
[2026-07-28 13:53:57] CRITICAL: (42000) SQLSTATE[42000]: Syntax error or access violation: 1142 SELECT command denied to user 'espo_user'@'localhost' for table `espocrm_db`.`user` :: GET /I18n :: C:\inetpub\wwwroot\AssetFlowCRM\application\Espo\ORM\Executor\DefaultSqlExecutor.php(77)
[2026-07-28 13:53:57] CRITICAL: (42000) SQLSTATE[42000]: Syntax error or access violation: 1142 SELECT command denied to user 'espo_user'@'localhost' for table `espocrm_db`.`user` :: GET /Settings :: C:\inetpub\wwwroot\AssetFlowCRM\application\Espo\ORM\Executor\DefaultSqlExecutor.php(77)
[2026-07-28 13:54:01] CRITICAL: (42000) SQLSTATE[42000]: Syntax error or access violation: 1142 SELECT command denied to user 'espo_user'@'localhost' for table `espocrm_db`.`user` :: GET /I18n :: C:\inetpub\wwwroot\AssetFlowCRM\application\Espo\ORM\Executor\DefaultSqlExecutor.php(77)
[2026-07-28 13:54:01] CRITICAL: (42000) SQLSTATE[42000]: Syntax error or access violation: 1142 SELECT command denied to user 'espo_user'@'localhost' for table `espocrm_db`.`user` :: GET /Settings :: C:\inetpub\wwwroot\AssetFlowCRM\application\Espo\ORM\Executor\DefaultSqlExecutor.php(77)
[2026-07-28 14:15:54] WARNING: E_WARNING: rename(data\tmp\tmpA1BD.tmp,data/cache/application/entityAcl.php): Access is denied (code: 5)
[2026-07-28 14:15:56] WARNING: E_WARNING: mkdir(): File exists
[2026-07-28 14:15:56] WARNING: E_WARNING: rename(data\tmp\tmpA8E2.tmp,data/cache/application/languages/en_US.php): Access is denied (code: 5)
[2026-07-28 14:15:56] WARNING: E_WARNING: rename(data\tmp\tmpA8E2.tmp,data/cache/application/languages/en_US.php): Access is denied (code: 5)
[2026-07-28 14:15:57] CRITICAL: (42000) SQLSTATE[42000]: Syntax error or access violation: 1142 SELECT command denied to user 'espo_user'@'localhost' for table `espocrm_db`.`attachment` :: GET / :: C:\inetpub\wwwroot\AssetFlowCRM\application\Espo\ORM\Executor\DefaultSqlExecutor.php(77)
[2026-07-28 14:57:48] CRITICAL: (42000) SQLSTATE[42000]: Syntax error or access violation: 1142 SELECT command denied to user 'espo_user'@'localhost' for table `espocrm_db`.`attachment` :: GET / :: C:\inetpub\wwwroot\AssetFlowCRM\application\Espo\ORM\Executor\DefaultSqlExecutor.php(77)
[2026-07-28 14:58:20] CRITICAL: (42000) SQLSTATE[42000]: Syntax error or access violation: 1142 SELECT command denied to user 'espo_user'@'localhost' for table `espocrm_db`.`auth_log_record` :: GET /App/user :: C:\inetpub\wwwroot\AssetFlowCRM\application\Espo\ORM\Executor\DefaultSqlExecutor.php(77)
[2026-07-28 14:58:27] CRITICAL: (42000) SQLSTATE[42000]: Syntax error or access violation: 1142 SELECT command denied to user 'espo_user'@'localhost' for table `espocrm_db`.`auth_log_record` :: GET /App/user :: C:\inetpub\wwwroot\AssetFlowCRM\application\Espo\ORM\Executor\DefaultSqlExecutor.php(77)
[2026-07-28 14:58:27] CRITICAL: (42000) SQLSTATE[42000]: Syntax error or access violation: 1142 SELECT command denied to user 'espo_user'@'localhost' for table `espocrm_db`.`auth_log_record` :: GET /App/user :: C:\inetpub\wwwroot\AssetFlowCRM\application\Espo\ORM\Executor\DefaultSqlExecutor.php(77)
[2026-07-28 14:58:28] CRITICAL: (42000) SQLSTATE[42000]: Syntax error or access violation: 1142 SELECT command denied to user 'espo_user'@'localhost' for table `espocrm_db`.`auth_log_record` :: GET /App/user :: C:\inetpub\wwwroot\AssetFlowCRM\application\Espo\ORM\Executor\DefaultSqlExecutor.php(77)
[2026-07-28 14:58:28] CRITICAL: (42000) SQLSTATE[42000]: Syntax error or access violation: 1142 SELECT command denied to user 'espo_user'@'localhost' for table `espocrm_db`.`auth_log_record` :: GET /App/user :: C:\inetpub\wwwroot\AssetFlowCRM\application\Espo\ORM\Executor\DefaultSqlExecutor.php(77)
[2026-07-28 14:58:29] CRITICAL: (42000) SQLSTATE[42000]: Syntax error or access violation: 1142 SELECT command denied to user 'espo_user'@'localhost' for table `espocrm_db`.`auth_log_record` :: GET /App/user :: C:\inetpub\wwwroot\AssetFlowCRM\application\Espo\ORM\Executor\DefaultSqlExecutor.php(77)
[2026-07-28 15:10:31] CRITICAL: (42000) SQLSTATE[42000]: Syntax error or access violation: 1142 SELECT command denied to user 'espo_user'@'localhost' for table `espocrm_db`.`attachment` :: GET / :: C:\inetpub\wwwroot\AssetFlowCRM\application\Espo\ORM\Executor\DefaultSqlExecutor.php(77)
[2026-07-28 15:11:02] CRITICAL: (42000) SQLSTATE[42000]: Syntax error or access violation: 1142 SELECT command denied to user 'espo_user'@'localhost' for table `espocrm_db`.`auth_log_record` :: GET /App/user :: C:\inetpub\wwwroot\AssetFlowCRM\application\Espo\ORM\Executor\DefaultSqlExecutor.php(77)
[2026-07-28 15:18:36] CRITICAL: (42000) SQLSTATE[42000]: Syntax error or access violation: 1142 SELECT command denied to user 'espo_user'@'localhost' for table `espocrm_db`.`attachment` :: GET / :: C:\inetpub\wwwroot\AssetFlowCRM\application\Espo\ORM\Executor\DefaultSqlExecutor.php(77)
[2026-07-28 15:18:39] CRITICAL: (42000) SQLSTATE[42000]: Syntax error or access violation: 1142 SELECT command denied to user 'espo_user'@'localhost' for table `espocrm_db`.`attachment` :: GET / :: C:\inetpub\wwwroot\AssetFlowCRM\application\Espo\ORM\Executor\DefaultSqlExecutor.php(77)
[2026-07-28 15:19:22] CRITICAL: (42000) SQLSTATE[42000]: Syntax error or access violation: 1142 SELECT command denied to user 'espo_user'@'localhost' for table `espocrm_db`.`auth_log_record` :: GET /App/user :: C:\inetpub\wwwroot\AssetFlowCRM\application\Espo\ORM\Executor\DefaultSqlExecutor.php(77)
[2026-07-28 15:19:22] CRITICAL: (42000) SQLSTATE[42000]: Syntax error or access violation: 1142 SELECT command denied to user 'espo_user'@'localhost' for table `espocrm_db`.`auth_log_record` :: GET /App/user :: C:\inetpub\wwwroot\AssetFlowCRM\application\Espo\ORM\Executor\DefaultSqlExecutor.php(77)
[2026-07-28 15:19:47] CRITICAL: (42000) SQLSTATE[42000]: Syntax error or access violation: 1142 SELECT command denied to user 'espo_user'@'localhost' for table `espocrm_db`.`attachment` :: GET / :: C:\inetpub\wwwroot\AssetFlowCRM\application\Espo\ORM\Executor\DefaultSqlExecutor.php(77)
[2026-07-28 15:19:47] CRITICAL: (42000) SQLSTATE[42000]: Syntax error or access violation: 1142 SELECT command denied to user 'espo_user'@'localhost' for table `espocrm_db`.`attachment` :: GET / :: C:\inetpub\wwwroot\AssetFlowCRM\application\Espo\ORM\Executor\DefaultSqlExecutor.php(77)
[2026-07-28 15:19:47] CRITICAL: (42000) SQLSTATE[42000]: Syntax error or access violation: 1142 SELECT command denied to user 'espo_user'@'localhost' for table `espocrm_db`.`attachment` :: GET / :: C:\inetpub\wwwroot\AssetFlowCRM\application\Espo\ORM\Executor\DefaultSqlExecutor.php(77)
[2026-07-28 15:22:13] CRITICAL: (42000) SQLSTATE[42000]: Syntax error or access violation: 1142 SELECT command denied to user 'espo_user'@'localhost' for table `espocrm_db`.`attachment` :: GET / :: C:\inetpub\wwwroot\AssetFlowCRM\application\Espo\ORM\Executor\DefaultSqlExecutor.php(77)
[2026-07-28 15:22:14] CRITICAL: (42000) SQLSTATE[42000]: Syntax error or access violation: 1142 SELECT command denied to user 'espo_user'@'localhost' for table `espocrm_db`.`attachment` :: GET / :: C:\inetpub\wwwroot\AssetFlowCRM\application\Espo\ORM\Executor\DefaultSqlExecutor.php(77)
[2026-07-28 15:22:55] CRITICAL: (42000) SQLSTATE[42000]: Syntax error or access violation: 1142 SELECT command denied to user 'espo_user'@'localhost' for table `espocrm_db`.`attachment` :: GET / :: C:\inetpub\wwwroot\AssetFlowCRM\application\Espo\ORM\Executor\DefaultSqlExecutor.php(77)
[2026-07-28 15:23:10] CRITICAL: (42000) SQLSTATE[42000]: Syntax error or access violation: 1142 SELECT command denied to user 'espo_user'@'localhost' for table `espocrm_db`.`auth_log_record` :: GET /App/user :: C:\inetpub\wwwroot\AssetFlowCRM\application\Espo\ORM\Executor\DefaultSqlExecutor.php(77)
[2026-07-28 15:23:20] CRITICAL: (42000) SQLSTATE[42000]: Syntax error or access violation: 1142 SELECT command denied to user 'espo_user'@'localhost' for table `espocrm_db`.`attachment` :: GET / :: C:\inetpub\wwwroot\AssetFlowCRM\application\Espo\ORM\Executor\DefaultSqlExecutor.php(77)
[2026-07-28 15:23:21] CRITICAL: (42000) SQLSTATE[42000]: Syntax error or access violation: 1142 SELECT command denied to user 'espo_user'@'localhost' for table `espocrm_db`.`attachment` :: GET / :: C:\inetpub\wwwroot\AssetFlowCRM\application\Espo\ORM\Executor\DefaultSqlExecutor.php(77)
[2026-07-28 15:23:21] CRITICAL: (42000) SQLSTATE[42000]: Syntax error or access violation: 1142 SELECT command denied to user 'espo_user'@'localhost' for table `espocrm_db`.`attachment` :: GET / :: C:\inetpub\wwwroot\AssetFlowCRM\application\Espo\ORM\Executor\DefaultSqlExecutor.php(77)
[2026-07-28 15:23:23] CRITICAL: (42000) SQLSTATE[42000]: Syntax error or access violation: 1142 SELECT command denied to user 'espo_user'@'localhost' for table `espocrm_db`.`auth_log_record` :: GET /App/user :: C:\inetpub\wwwroot\AssetFlowCRM\application\Espo\ORM\Executor\DefaultSqlExecutor.php(77)
[2026-07-28 15:23:24] CRITICAL: (42000) SQLSTATE[42000]: Syntax error or access violation: 1142 SELECT command denied to user 'espo_user'@'localhost' for table `espocrm_db`.`auth_log_record` :: GET /App/user :: C:\inetpub\wwwroot\AssetFlowCRM\application\Espo\ORM\Executor\DefaultSqlExecutor.php(77)
[2026-07-28 15:23:24] CRITICAL: (42000) SQLSTATE[42000]: Syntax error or access violation: 1142 SELECT command denied to user 'espo_user'@'localhost' for table `espocrm_db`.`auth_log_record` :: GET /App/user :: C:\inetpub\wwwroot\AssetFlowCRM\application\Espo\ORM\Executor\DefaultSqlExecutor.php(77)
[2026-07-28 15:24:05] CRITICAL: (42000) SQLSTATE[42000]: Syntax error or access violation: 1142 SELECT command denied to user 'espo_user'@'localhost' for table `espocrm_db`.`attachment` :: GET / :: C:\inetpub\wwwroot\AssetFlowCRM\application\Espo\ORM\Executor\DefaultSqlExecutor.php(77)
[2026-07-28 15:24:10] CRITICAL: (42000) SQLSTATE[42000]: Syntax error or access violation: 1142 SELECT command denied to user 'espo_user'@'localhost' for table `espocrm_db`.`auth_log_record` :: GET /App/user :: C:\inetpub\wwwroot\AssetFlowCRM\application\Espo\ORM\Executor\DefaultSqlExecutor.php(77)
[2026-07-28 15:24:19] CRITICAL: (42000) SQLSTATE[42000]: Syntax error or access violation: 1142 SELECT command denied to user 'espo_user'@'localhost' for table `espocrm_db`.`attachment` :: GET / :: C:\inetpub\wwwroot\AssetFlowCRM\application\Espo\ORM\Executor\DefaultSqlExecutor.php(77)
[2026-07-28 15:25:45] CRITICAL: (42000) SQLSTATE[42000]: Syntax error or access violation: 1142 SELECT command denied to user 'espo_user'@'localhost' for table `espocrm_db`.`attachment` :: GET / :: C:\inetpub\wwwroot\AssetFlowCRM\application\Espo\ORM\Executor\DefaultSqlExecutor.php(77)
[2026-07-28 15:26:09] CRITICAL: (42000) SQLSTATE[42000]: Syntax error or access violation: 1142 SELECT command denied to user 'espo_user'@'localhost' for table `espocrm_db`.`auth_log_record` :: GET /App/user :: C:\inetpub\wwwroot\AssetFlowCRM\application\Espo\ORM\Executor\DefaultSqlExecutor.php(77)
[2026-07-28 15:26:10] CRITICAL: (42000) SQLSTATE[42000]: Syntax error or access violation: 1142 SELECT command denied to user 'espo_user'@'localhost' for table `espocrm_db`.`auth_log_record` :: GET /App/user :: C:\inetpub\wwwroot\AssetFlowCRM\application\Espo\ORM\Executor\DefaultSqlExecutor.php(77)
[2026-07-28 15:26:10] CRITICAL: (42000) SQLSTATE[42000]: Syntax error or access violation: 1142 SELECT command denied to user 'espo_user'@'localhost' for table `espocrm_db`.`auth_log_record` :: GET /App/user :: C:\inetpub\wwwroot\AssetFlowCRM\application\Espo\ORM\Executor\DefaultSqlExecutor.php(77)
[2026-07-28 15:26:39] CRITICAL: (42000) SQLSTATE[42000]: Syntax error or access violation: 1142 SELECT command denied to user 'espo_user'@'localhost' for table `espocrm_db`.`auth_log_record` :: GET /App/user :: C:\inetpub\wwwroot\AssetFlowCRM\application\Espo\ORM\Executor\DefaultSqlExecutor.php(77)
[2026-07-28 15:26:39] CRITICAL: (42000) SQLSTATE[42000]: Syntax error or access violation: 1142 SELECT command denied to user 'espo_user'@'localhost' for table `espocrm_db`.`auth_log_record` :: GET /App/user :: C:\inetpub\wwwroot\AssetFlowCRM\application\Espo\ORM\Executor\DefaultSqlExecutor.php(77)
[2026-07-28 15:26:45] CRITICAL: (42000) SQLSTATE[42000]: Syntax error or access violation: 1142 SELECT command denied to user 'espo_user'@'localhost' for table `espocrm_db`.`auth_log_record` :: GET /App/user :: C:\inetpub\wwwroot\AssetFlowCRM\application\Espo\ORM\Executor\DefaultSqlExecutor.php(77)
[2026-07-28 15:30:01] CRITICAL: (42000) SQLSTATE[42000]: Syntax error or access violation: 1142 SELECT command denied to user 'espo_user'@'localhost' for table `espocrm_db`.`attachment` :: GET / :: C:\inetpub\wwwroot\AssetFlowCRM\application\Espo\ORM\Executor\DefaultSqlExecutor.php(77)
[2026-07-28 15:30:02] CRITICAL: (42000) SQLSTATE[42000]: Syntax error or access violation: 1142 SELECT command denied to user 'espo_user'@'localhost' for table `espocrm_db`.`attachment` :: GET / :: C:\inetpub\wwwroot\AssetFlowCRM\application\Espo\ORM\Executor\DefaultSqlExecutor.php(77)
[2026-07-28 15:30:05] CRITICAL: (42000) SQLSTATE[42000]: Syntax error or access violation: 1142 SELECT command denied to user 'espo_user'@'localhost' for table `espocrm_db`.`auth_log_record` :: GET /App/user :: C:\inetpub\wwwroot\AssetFlowCRM\application\Espo\ORM\Executor\DefaultSqlExecutor.php(77)
[2026-07-28 15:30:05] CRITICAL: (42000) SQLSTATE[42000]: Syntax error or access violation: 1142 SELECT command denied to user 'espo_user'@'localhost' for table `espocrm_db`.`auth_log_record` :: GET /App/user :: C:\inetpub\wwwroot\AssetFlowCRM\application\Espo\ORM\Executor\DefaultSqlExecutor.php(77)
[2026-07-28 15:30:06] CRITICAL: (42000) SQLSTATE[42000]: Syntax error or access violation: 1142 SELECT command denied to user 'espo_user'@'localhost' for table `espocrm_db`.`auth_log_record` :: GET /App/user :: C:\inetpub\wwwroot\AssetFlowCRM\application\Espo\ORM\Executor\DefaultSqlExecutor.php(77)
[2026-07-28 15:30:06] CRITICAL: (42000) SQLSTATE[42000]: Syntax error or access violation: 1142 SELECT command denied to user 'espo_user'@'localhost' for table `espocrm_db`.`auth_log_record` :: GET /App/user :: C:\inetpub\wwwroot\AssetFlowCRM\application\Espo\ORM\Executor\DefaultSqlExecutor.php(77)
[2026-07-28 15:30:06] CRITICAL: (42000) SQLSTATE[42000]: Syntax error or access violation: 1142 SELECT command denied to user 'espo_user'@'localhost' for table `espocrm_db`.`auth_log_record` :: GET /App/user :: C:\inetpub\wwwroot\AssetFlowCRM\application\Espo\ORM\Executor\DefaultSqlExecutor.php(77)
[2026-07-28 15:30:06] CRITICAL: (42000) SQLSTATE[42000]: Syntax error or access violation: 1142 SELECT command denied to user 'espo_user'@'localhost' for table `espocrm_db`.`auth_log_record` :: GET /App/user :: C:\inetpub\wwwroot\AssetFlowCRM\application\Espo\ORM\Executor\DefaultSqlExecutor.php(77)
[2026-07-28 15:30:06] CRITICAL: (42000) SQLSTATE[42000]: Syntax error or access violation: 1142 SELECT command denied to user 'espo_user'@'localhost' for table `espocrm_db`.`auth_log_record` :: GET /App/user :: C:\inetpub\wwwroot\AssetFlowCRM\application\Espo\ORM\Executor\DefaultSqlExecutor.php(77)
[2026-07-28 15:30:07] CRITICAL: (42000) SQLSTATE[42000]: Syntax error or access violation: 1142 SELECT command denied to user 'espo_user'@'localhost' for table `espocrm_db`.`auth_log_record` :: GET /App/user :: C:\inetpub\wwwroot\AssetFlowCRM\application\Espo\ORM\Executor\DefaultSqlExecutor.php(77)
[2026-07-28 15:30:07] CRITICAL: (42000) SQLSTATE[42000]: Syntax error or access violation: 1142 SELECT command denied to user 'espo_user'@'localhost' for table `espocrm_db`.`auth_log_record` :: GET /App/user :: C:\inetpub\wwwroot\AssetFlowCRM\application\Espo\ORM\Executor\DefaultSqlExecutor.php(77)
[2026-07-28 15:43:06] CRITICAL: (42000) SQLSTATE[42000]: Syntax error or access violation: 1142 SELECT command denied to user 'espo_user'@'localhost' for table `espocrm_db`.`attachment` :: GET / :: C:\inetpub\wwwroot\AssetFlowCRM\application\Espo\ORM\Executor\DefaultSqlExecutor.php(77)
[2026-07-28 15:43:15] CRITICAL: (42000) SQLSTATE[42000]: Syntax error or access violation: 1142 SELECT command denied to user 'espo_user'@'localhost' for table `espocrm_db`.`auth_log_record` :: GET /App/user :: C:\inetpub\wwwroot\AssetFlowCRM\application\Espo\ORM\Executor\DefaultSqlExecutor.php(77)
[2026-07-28 15:43:16] CRITICAL: (42000) SQLSTATE[42000]: Syntax error or access violation: 1142 SELECT command denied to user 'espo_user'@'localhost' for table `espocrm_db`.`auth_log_record` :: GET /App/user :: C:\inetpub\wwwroot\AssetFlowCRM\application\Espo\ORM\Executor\DefaultSqlExecutor.php(77)
[2026-07-28 15:43:55] CRITICAL: (42000) SQLSTATE[42000]: Syntax error or access violation: 1142 SELECT command denied to user 'espo_user'@'localhost' for table `espocrm_db`.`attachment` :: GET / :: C:\inetpub\wwwroot\AssetFlowCRM\application\Espo\ORM\Executor\DefaultSqlExecutor.php(77)
[2026-07-28 15:43:56] CRITICAL: (42000) SQLSTATE[42000]: Syntax error or access violation: 1142 SELECT command denied to user 'espo_user'@'localhost' for table `espocrm_db`.`attachment` :: GET / :: C:\inetpub\wwwroot\AssetFlowCRM\application\Espo\ORM\Executor\DefaultSqlExecutor.php(77)
[2026-07-28 15:43:56] CRITICAL: (42000) SQLSTATE[42000]: Syntax error or access violation: 1142 SELECT command denied to user 'espo_user'@'localhost' for table `espocrm_db`.`attachment` :: GET / :: C:\inetpub\wwwroot\AssetFlowCRM\application\Espo\ORM\Executor\DefaultSqlExecutor.php(77)
[2026-07-28 15:44:01] CRITICAL: (42000) SQLSTATE[42000]: Syntax error or access violation: 1142 SELECT command denied to user 'espo_user'@'localhost' for table `espocrm_db`.`attachment` :: GET / :: C:\inetpub\wwwroot\AssetFlowCRM\application\Espo\ORM\Executor\DefaultSqlExecutor.php(77)
[2026-07-28 15:44:02] CRITICAL: (42000) SQLSTATE[42000]: Syntax error or access violation: 1142 SELECT command denied to user 'espo_user'@'localhost' for table `espocrm_db`.`attachment` :: GET / :: C:\inetpub\wwwroot\AssetFlowCRM\application\Espo\ORM\Executor\DefaultSqlExecutor.php(77)
[2026-07-28 15:49:09] CRITICAL: (42000) SQLSTATE[42000]: Syntax error or access violation: 1142 SELECT command denied to user 'espo_user'@'localhost' for table `espocrm_db`.`attachment` :: GET / :: C:\inetpub\wwwroot\AssetFlowCRM\application\Espo\ORM\Executor\DefaultSqlExecutor.php(77)
[2026-07-28 15:56:04] CRITICAL: (42000) SQLSTATE[42000]: Syntax error or access violation: 1142 SELECT command denied to user 'espo_user'@'localhost' for table `espocrm_db`.`attachment` :: GET / :: C:\inetpub\wwwroot\AssetFlowCRM\application\Espo\ORM\Executor\DefaultSqlExecutor.php(77)
[2026-07-28 16:13:56] CRITICAL: (42000) SQLSTATE[42000]: Syntax error or access violation: 1142 SELECT command denied to user 'espo_user'@'localhost' for table `espocrm_db`.`attachment` :: GET / :: C:\inetpub\wwwroot\AssetFlowCRM\application\Espo\ORM\Executor\DefaultSqlExecutor.php(77)
[2026-07-28 16:14:29] CRITICAL: (42000) SQLSTATE[42000]: Syntax error or access violation: 1142 SELECT command denied to user 'espo_user'@'localhost' for table `espocrm_db`.`auth_log_record` :: GET /App/user :: C:\inetpub\wwwroot\AssetFlowCRM\application\Espo\ORM\Executor\DefaultSqlExecutor.php(77)
[2026-07-28 16:15:03] CRITICAL: (42000) SQLSTATE[42000]: Syntax error or access violation: 1142 SELECT command denied to user 'espo_user'@'localhost' for table `espocrm_db`.`auth_log_record` :: GET /App/user :: C:\inetpub\wwwroot\AssetFlowCRM\application\Espo\ORM\Executor\DefaultSqlExecutor.php(77)
[2026-07-28 16:17:35] CRITICAL: (42000) SQLSTATE[42000]: Syntax error or access violation: 1142 SELECT command denied to user 'espo_user'@'localhost' for table `espocrm_db`.`attachment` :: GET / :: C:\inetpub\wwwroot\AssetFlowCRM\application\Espo\ORM\Executor\DefaultSqlExecutor.php(77)
[2026-07-28 16:21:07] CRITICAL: (42000) SQLSTATE[42000]: Syntax error or access violation: 1142 SELECT command denied to user 'espo_user'@'localhost' for table `espocrm_db`.`attachment` :: GET / :: C:\inetpub\wwwroot\AssetFlowCRM\application\Espo\ORM\Executor\DefaultSqlExecutor.php(77)
[2026-07-28 16:21:10] CRITICAL: (42000) SQLSTATE[42000]: Syntax error or access violation: 1142 SELECT command denied to user 'espo_user'@'localhost' for table `espocrm_db`.`auth_log_record` :: GET /App/user :: C:\inetpub\wwwroot\AssetFlowCRM\application\Espo\ORM\Executor\DefaultSqlExecutor.php(77)
[2026-07-28 16:21:10] CRITICAL: (42000) SQLSTATE[42000]: Syntax error or access violation: 1142 SELECT command denied to user 'espo_user'@'localhost' for table `espocrm_db`.`auth_log_record` :: GET /App/user :: C:\inetpub\wwwroot\AssetFlowCRM\application\Espo\ORM\Executor\DefaultSqlExecutor.php(77)
[2026-07-28 16:21:10] CRITICAL: (42000) SQLSTATE[42000]: Syntax error or access violation: 1142 SELECT command denied to user 'espo_user'@'localhost' for table `espocrm_db`.`auth_log_record` :: GET /App/user :: C:\inetpub\wwwroot\AssetFlowCRM\application\Espo\ORM\Executor\DefaultSqlExecutor.php(77)
[2026-07-28 16:21:10] CRITICAL: (42000) SQLSTATE[42000]: Syntax error or access violation: 1142 SELECT command denied to user 'espo_user'@'localhost' for table `espocrm_db`.`auth_log_record` :: GET /App/user :: C:\inetpub\wwwroot\AssetFlowCRM\application\Espo\ORM\Executor\DefaultSqlExecutor.php(77)
[2026-07-28 16:21:11] CRITICAL: (42000) SQLSTATE[42000]: Syntax error or access violation: 1142 SELECT command denied to user 'espo_user'@'localhost' for table `espocrm_db`.`auth_log_record` :: GET /App/user :: C:\inetpub\wwwroot\AssetFlowCRM\application\Espo\ORM\Executor\DefaultSqlExecutor.php(77)
[2026-07-28 16:21:11] CRITICAL: (42000) SQLSTATE[42000]: Syntax error or access violation: 1142 SELECT command denied to user 'espo_user'@'localhost' for table `espocrm_db`.`auth_log_record` :: GET /App/user :: C:\inetpub\wwwroot\AssetFlowCRM\application\Espo\ORM\Executor\DefaultSqlExecutor.php(77)
[2026-07-28 16:21:11] CRITICAL: (42000) SQLSTATE[42000]: Syntax error or access violation: 1142 SELECT command denied to user 'espo_user'@'localhost' for table `espocrm_db`.`auth_log_record` :: GET /App/user :: C:\inetpub\wwwroot\AssetFlowCRM\application\Espo\ORM\Executor\DefaultSqlExecutor.php(77)
[2026-07-28 16:21:11] CRITICAL: (42000) SQLSTATE[42000]: Syntax error or access violation: 1142 SELECT command denied to user 'espo_user'@'localhost' for table `espocrm_db`.`auth_log_record` :: GET /App/user :: C:\inetpub\wwwroot\AssetFlowCRM\application\Espo\ORM\Executor\DefaultSqlExecutor.php(77)
[2026-07-28 16:21:12] CRITICAL: (42000) SQLSTATE[42000]: Syntax error or access violation: 1142 SELECT command denied to user 'espo_user'@'localhost' for table `espocrm_db`.`auth_log_record` :: GET /App/user :: C:\inetpub\wwwroot\AssetFlowCRM\application\Espo\ORM\Executor\DefaultSqlExecutor.php(77)
[2026-07-28 16:21:12] CRITICAL: (42000) SQLSTATE[42000]: Syntax error or access violation: 1142 SELECT command denied to user 'espo_user'@'localhost' for table `espocrm_db`.`auth_log_record` :: GET /App/user :: C:\inetpub\wwwroot\AssetFlowCRM\application\Espo\ORM\Executor\DefaultSqlExecutor.php(77)
[2026-07-28 16:21:12] CRITICAL: (42000) SQLSTATE[42000]: Syntax error or access violation: 1142 SELECT command denied to user 'espo_user'@'localhost' for table `espocrm_db`.`auth_log_record` :: GET /App/user :: C:\inetpub\wwwroot\AssetFlowCRM\application\Espo\ORM\Executor\DefaultSqlExecutor.php(77)
[2026-07-28 16:21:19] CRITICAL: (42000) SQLSTATE[42000]: Syntax error or access violation: 1142 SELECT command denied to user 'espo_user'@'localhost' for table `espocrm_db`.`attachment` :: GET / :: C:\inetpub\wwwroot\AssetFlowCRM\application\Espo\ORM\Executor\DefaultSqlExecutor.php(77)
[2026-07-28 16:21:22] CRITICAL: (42000) SQLSTATE[42000]: Syntax error or access violation: 1142 SELECT command denied to user 'espo_user'@'localhost' for table `espocrm_db`.`auth_log_record` :: GET /App/user :: C:\inetpub\wwwroot\AssetFlowCRM\application\Espo\ORM\Executor\DefaultSqlExecutor.php(77)
[2026-07-28 16:21:23] CRITICAL: (42000) SQLSTATE[42000]: Syntax error or access violation: 1142 SELECT command denied to user 'espo_user'@'localhost' for table `espocrm_db`.`auth_log_record` :: GET /App/user :: C:\inetpub\wwwroot\AssetFlowCRM\application\Espo\ORM\Executor\DefaultSqlExecutor.php(77)
[2026-07-28 16:21:23] CRITICAL: (42000) SQLSTATE[42000]: Syntax error or access violation: 1142 SELECT command denied to user 'espo_user'@'localhost' for table `espocrm_db`.`auth_log_record` :: GET /App/user :: C:\inetpub\wwwroot\AssetFlowCRM\application\Espo\ORM\Executor\DefaultSqlExecutor.php(77)
[2026-07-28 16:21:23] CRITICAL: (42000) SQLSTATE[42000]: Syntax error or access violation: 1142 SELECT command denied to user 'espo_user'@'localhost' for table `espocrm_db`.`auth_log_record` :: GET /App/user :: C:\inetpub\wwwroot\AssetFlowCRM\application\Espo\ORM\Executor\DefaultSqlExecutor.php(77)
[2026-07-28 16:21:23] CRITICAL: (42000) SQLSTATE[42000]: Syntax error or access violation: 1142 SELECT command denied to user 'espo_user'@'localhost' for table `espocrm_db`.`auth_log_record` :: GET /App/user :: C:\inetpub\wwwroot\AssetFlowCRM\application\Espo\ORM\Executor\DefaultSqlExecutor.php(77)
[2026-07-28 16:21:23] CRITICAL: (42000) SQLSTATE[42000]: Syntax error or access violation: 1142 SELECT command denied to user 'espo_user'@'localhost' for table `espocrm_db`.`auth_log_record` :: GET /App/user :: C:\inetpub\wwwroot\AssetFlowCRM\application\Espo\ORM\Executor\DefaultSqlExecutor.php(77)
[2026-07-28 16:21:24] CRITICAL: (42000) SQLSTATE[42000]: Syntax error or access violation: 1142 SELECT command denied to user 'espo_user'@'localhost' for table `espocrm_db`.`auth_log_record` :: GET /App/user :: C:\inetpub\wwwroot\AssetFlowCRM\application\Espo\ORM\Executor\DefaultSqlExecutor.php(77)
[2026-07-28 16:21:24] CRITICAL: (42000) SQLSTATE[42000]: Syntax error or access violation: 1142 SELECT command denied to user 'espo_user'@'localhost' for table `espocrm_db`.`auth_log_record` :: GET /App/user :: C:\inetpub\wwwroot\AssetFlowCRM\application\Espo\ORM\Executor\DefaultSqlExecutor.php(77)
[2026-07-28 16:21:24] CRITICAL: (42000) SQLSTATE[42000]: Syntax error or access violation: 1142 SELECT command denied to user 'espo_user'@'localhost' for table `espocrm_db`.`auth_log_record` :: GET /App/user :: C:\inetpub\wwwroot\AssetFlowCRM\application\Espo\ORM\Executor\DefaultSqlExecutor.php(77)
[2026-07-28 16:21:25] CRITICAL: (42000) SQLSTATE[42000]: Syntax error or access violation: 1142 SELECT command denied to user 'espo_user'@'localhost' for table `espocrm_db`.`auth_log_record` :: GET /App/user :: C:\inetpub\wwwroot\AssetFlowCRM\application\Espo\ORM\Executor\DefaultSqlExecutor.php(77)
[2026-07-28 16:21:25] CRITICAL: (42000) SQLSTATE[42000]: Syntax error or access violation: 1142 SELECT command denied to user 'espo_user'@'localhost' for table `espocrm_db`.`auth_log_record` :: GET /App/user :: C:\inetpub\wwwroot\AssetFlowCRM\application\Espo\ORM\Executor\DefaultSqlExecutor.php(77)
[2026-07-28 16:21:25] CRITICAL: (42000) SQLSTATE[42000]: Syntax error or access violation: 1142 SELECT command denied to user 'espo_user'@'localhost' for table `espocrm_db`.`auth_log_record` :: GET /App/user :: C:\inetpub\wwwroot\AssetFlowCRM\application\Espo\ORM\Executor\DefaultSqlExecutor.php(77)
[2026-07-28 16:21:25] CRITICAL: (42000) SQLSTATE[42000]: Syntax error or access violation: 1142 SELECT command denied to user 'espo_user'@'localhost' for table `espocrm_db`.`auth_log_record` :: GET /App/user :: C:\inetpub\wwwroot\AssetFlowCRM\application\Espo\ORM\Executor\DefaultSqlExecutor.php(77)
[2026-07-28 16:26:49] CRITICAL: (42000) SQLSTATE[42000]: Syntax error or access violation: 1142 SELECT command denied to user 'espo_user'@'localhost' for table `espocrm_db`.`auth_log_record` :: GET /App/user :: C:\inetpub\wwwroot\AssetFlowCRM\application\Espo\ORM\Executor\DefaultSqlExecutor.php(77)
[2026-07-28 16:31:59] CRITICAL: (42000) SQLSTATE[42000]: Syntax error or access violation: 1142 SELECT command denied to user 'espo_user'@'localhost' for table `espocrm_db`.`attachment` :: GET / :: C:\inetpub\wwwroot\AssetFlowCRM\application\Espo\ORM\Executor\DefaultSqlExecutor.php(77)
[2026-07-28 16:36:04] CRITICAL: (42000) SQLSTATE[42000]: Syntax error or access violation: 1142 SELECT command denied to user 'espo_user'@'localhost' for table `espocrm_db`.`attachment` :: GET / :: C:\inetpub\wwwroot\AssetFlowCRM\application\Espo\ORM\Executor\DefaultSqlExecutor.php(77)
[2026-07-28 16:36:10] CRITICAL: (42000) SQLSTATE[42000]: Syntax error or access violation: 1142 SELECT command denied to user 'espo_user'@'localhost' for table `espocrm_db`.`auth_log_record` :: GET /App/user :: C:\inetpub\wwwroot\AssetFlowCRM\application\Espo\ORM\Executor\DefaultSqlExecutor.php(77)
[2026-07-28 16:36:10] CRITICAL: (42000) SQLSTATE[42000]: Syntax error or access violation: 1142 SELECT command denied to user 'espo_user'@'localhost' for table `espocrm_db`.`auth_log_record` :: GET /App/user :: C:\inetpub\wwwroot\AssetFlowCRM\application\Espo\ORM\Executor\DefaultSqlExecutor.php(77)
[2026-07-28 16:36:10] CRITICAL: (42000) SQLSTATE[42000]: Syntax error or access violation: 1142 SELECT command denied to user 'espo_user'@'localhost' for table `espocrm_db`.`auth_log_record` :: GET /App/user :: C:\inetpub\wwwroot\AssetFlowCRM\application\Espo\ORM\Executor\DefaultSqlExecutor.php(77)
[2026-07-28 16:37:32] CRITICAL: (42000) SQLSTATE[42000]: Syntax error or access violation: 1142 SELECT command denied to user 'espo_user'@'localhost' for table `espocrm_db`.`attachment` :: GET / :: C:\inetpub\wwwroot\AssetFlowCRM\application\Espo\ORM\Executor\DefaultSqlExecutor.php(77)
[2026-07-28 16:37:34] CRITICAL: (42000) SQLSTATE[42000]: Syntax error or access violation: 1142 SELECT command denied to user 'espo_user'@'localhost' for table `espocrm_db`.`auth_log_record` :: GET /App/user :: C:\inetpub\wwwroot\AssetFlowCRM\application\Espo\ORM\Executor\DefaultSqlExecutor.php(77)
[2026-07-28 16:46:50] WARNING: E_WARNING: Undefined array key "REQUEST_URI"
[2026-07-28 16:46:50] WARNING: E_WARNING: Undefined array key "REQUEST_URI"
[2026-07-28 16:46:50] ERROR: 404 Not Found Type: Slim\Exception\HttpNotFoundException Code: 404 Message: Not found. File: C:\inetpub\wwwroot\AssetFlowCRM\vendor\slim\slim\Slim\Middleware\RoutingMiddleware.php Line: 76 Trace: #0 C:\inetpub\wwwroot\AssetFlowCRM\vendor\slim\slim\Slim\Middleware\RoutingMiddleware.php(44): Slim\Middleware\RoutingMiddleware->performRouting() #1 C:\inetpub\wwwroot\AssetFlowCRM\vendor\slim\slim\Slim\MiddlewareDispatcher.php(129): Slim\Middleware\RoutingMiddleware->process() #2 C:\inetpub\wwwroot\AssetFlowCRM\vendor\slim\slim\Slim\Middleware\ErrorMiddleware.php(77): Psr\Http\Server\RequestHandlerInterface@anonymous->handle() #3 C:\inetpub\wwwroot\AssetFlowCRM\vendor\slim\slim\Slim\MiddlewareDispatcher.php(129): Slim\Middleware\ErrorMiddleware->process() #4 C:\inetpub\wwwroot\AssetFlowCRM\vendor\slim\slim\Slim\MiddlewareDispatcher.php(73): Psr\Http\Server\RequestHandlerInterface@anonymous->handle() #5 C:\inetpub\wwwroot\AssetFlowCRM\vendor\slim\slim\Slim\App.php(209): Slim\MiddlewareDispatcher->handle() #6 C:\inetpub\wwwroot\AssetFlowCRM\vendor\slim\slim\Slim\App.php(193): Slim\App->handle() #7 C:\inetpub\wwwroot\AssetFlowCRM\application\Espo\Core\Api\Starter.php(84): Slim\App->run() #8 C:\inetpub\wwwroot\AssetFlowCRM\application\Espo\Core\ApplicationRunners\Api.php(45): Espo\Core\Api\Starter->start() #9 C:\inetpub\wwwroot\AssetFlowCRM\application\Espo\Core\Application\RunnerRunner.php(84): Espo\Core\ApplicationRunners\Api->run() #10 C:\inetpub\wwwroot\AssetFlowCRM\application\Espo\Core\Application.php(86): Espo\Core\Application\RunnerRunner->run() #11 C:\inetpub\wwwroot\AssetFlowCRM\public\api\v1\index.php(35): Espo\Core\Application->run() #12 {main} Tips: To display error details in HTTP response set "displayErrorDetails" to true in the ErrorHandler constructor.
[2026-07-28 16:47:41] CRITICAL: (42000) SQLSTATE[42000]: Syntax error or access violation: 1142 SELECT command denied to user 'espo_user'@'localhost' for table `espocrm_db`.`auth_log_record` :: GET /App/user :: C:\inetpub\wwwroot\AssetFlowCRM\application\Espo\ORM\Executor\DefaultSqlExecutor.php(77)
[2026-07-28 16:47:46] CRITICAL: (42000) SQLSTATE[42000]: Syntax error or access violation: 1142 SELECT command denied to user 'espo_user'@'localhost' for table `espocrm_db`.`attachment` :: GET / :: C:\inetpub\wwwroot\AssetFlowCRM\application\Espo\ORM\Executor\DefaultSqlExecutor.php(77)
[2026-07-28 16:47:47] CRITICAL: (42000) SQLSTATE[42000]: Syntax error or access violation: 1142 SELECT command denied to user 'espo_user'@'localhost' for table `espocrm_db`.`auth_log_record` :: GET /App/user :: C:\inetpub\wwwroot\AssetFlowCRM\application\Espo\ORM\Executor\DefaultSqlExecutor.php(77)
[2026-07-28 16:50:00] CRITICAL: (42000) SQLSTATE[42000]: Syntax error or access violation: 1142 SELECT command denied to user 'espo_user'@'localhost' for table `espocrm_db`.`auth_log_record` :: GET /App/user :: C:\inetpub\wwwroot\AssetFlowCRM\application\Espo\ORM\Executor\DefaultSqlExecutor.php(77)
[2026-07-28 16:54:13] CRITICAL: (42000) SQLSTATE[42000]: Syntax error or access violation: 1142 SELECT command denied to user 'espo_user'@'localhost' for table `espocrm_db`.`attachment` :: GET / :: C:\inetpub\wwwroot\AssetFlowCRM\application\Espo\ORM\Executor\DefaultSqlExecutor.php(77)
[2026-07-28 16:54:14] CRITICAL: (42000) SQLSTATE[42000]: Syntax error or access violation: 1142 SELECT command denied to user 'espo_user'@'localhost' for table `espocrm_db`.`auth_log_record` :: GET /App/user :: C:\inetpub\wwwroot\AssetFlowCRM\application\Espo\ORM\Executor\DefaultSqlExecutor.php(77)
[2026-07-28 16:54:55] CRITICAL: (42000) SQLSTATE[42000]: Syntax error or access violation: 1142 SELECT command denied to user 'espo_user'@'localhost' for table `espocrm_db`.`attachment` :: GET / :: C:\inetpub\wwwroot\AssetFlowCRM\application\Espo\ORM\Executor\DefaultSqlExecutor.php(77)
