[2026-08-12 11:33:27] WARNING: E_WARNING: rename(data\tmp\tmp2391.tmp,data/cache/application/classmapEntryPoints.php): Access is denied (code: 5)
[2026-08-12 14:08:37] WARNING: (400) Field validation failure; entityType: CHRRequest, field: motifDeLaDemande, type: required. :: POST /CHRRequest
[2026-08-12 14:11:07] WARNING: (400) Field validation failure; entityType: CHRRequest, field: motifDeLaDemande, type: required. :: POST /CHRRequest
[2026-08-12 14:14:22] WARNING: E_WARNING: rename(data\tmp\tmp75CF.tmp,data/cache/application/entityAcl.php): Access is denied (code: 5)
[2026-08-12 14:14:41] WARNING: (400) Field validation failure; entityType: CHRRequest, field: motifDeLaDemande, type: required. :: POST /CHRRequest
[2026-08-12 14:16:29] WARNING: (400) Field validation failure; entityType: CHRRequest, field: motifDeLaDemande, type: required. :: POST /CHRRequest
[2026-08-12 14:18:18] WARNING: E_WARNING: rename(data\tmp\tmp10EF.tmp,data/cache/application/entityAcl.php): Access is denied (code: 5)
[2026-08-12 14:18:18] WARNING: E_WARNING: rename(data\tmp\tmp10EF.tmp,data/cache/application/entityAcl.php): Access is denied (code: 5)
[2026-08-12 14:19:29] WARNING: (400) Field validation failure; entityType: CHRRequest, field: motifDeLaDemande, type: required. :: POST /CHRRequest
[2026-08-12 14:20:18] WARNING: (400) Field validation failure; entityType: CHRRequest, field: motifDeLaDemande, type: required. :: POST /CHRRequest
[2026-08-12 14:20:47] WARNING: (400) Field validation failure; entityType: CHRRequest, field: motifDeLaDemande, type: required. :: POST /CHRRequest
[2026-08-12 14:31:57] WARNING: (400) Field validation failure; entityType: CHRRequest, field: motifDeLaDemande, type: required. :: POST /CHRRequest
[2026-08-12 14:33:23] WARNING: E_WARNING: rename(data\tmp\tmpE1FC.tmp,data/cache/application/acl/5cbb1bf9-8117-11f.php): The system cannot find the path specified (code: 3)
[2026-08-12 14:33:23] WARNING: E_WARNING: rename(data\tmp\tmpE1FC.tmp,data/cache/application/acl/5cbb1bf9-8117-11f.php): The system cannot find the path specified (code: 3)
[2026-08-12 14:33:24] WARNING: E_WARNING: rename(data\tmp\tmpE1FC.tmp,data/cache/application/acl/5cbb1bf9-8117-11f.php): The system cannot find the path specified (code: 3)
[2026-08-12 14:33:24] WARNING: E_WARNING: rename(data\tmp\tmpE1FC.tmp,data/cache/application/acl/5cbb1bf9-8117-11f.php): The system cannot find the path specified (code: 3)
[2026-08-12 14:33:24] WARNING: E_WARNING: rename(data\tmp\tmpE1FC.tmp,data/cache/application/acl/5cbb1bf9-8117-11f.php): The system cannot find the path specified (code: 3)
[2026-08-12 14:33:24] WARNING: E_WARNING: rename(data\tmp\tmpE1FC.tmp,data/cache/application/acl/5cbb1bf9-8117-11f.php): The system cannot find the path specified (code: 3)
[2026-08-12 14:33:24] WARNING: E_WARNING: rename(data\tmp\tmpE1FC.tmp,data/cache/application/acl/5cbb1bf9-8117-11f.php): The system cannot find the path specified (code: 3)
[2026-08-12 14:33:24] WARNING: E_WARNING: rename(data\tmp\tmpE1FC.tmp,data/cache/application/acl/5cbb1bf9-8117-11f.php): The system cannot find the path specified (code: 3)
[2026-08-12 14:33:24] WARNING: E_WARNING: rename(data\tmp\tmpE1FC.tmp,data/cache/application/acl/5cbb1bf9-8117-11f.php): The system cannot find the path specified (code: 3)
[2026-08-12 14:33:24] WARNING: E_WARNING: rename(data\tmp\tmpE1FC.tmp,data/cache/application/acl/5cbb1bf9-8117-11f.php): The system cannot find the path specified (code: 3)
[2026-08-12 14:33:24] WARNING: E_WARNING: rename(data\tmp\tmpE1FC.tmp,data/cache/application/acl/5cbb1bf9-8117-11f.php): The system cannot find the path specified (code: 3)
[2026-08-12 14:33:25] WARNING: E_WARNING: file_put_contents(data/cache/application/acl/5cbb1bf9-8117-11f.php): Failed to open stream: No such file or directory
[2026-08-12 14:33:25] CRITICAL: (0) Could not store 'acl/5cbb1bf9-8117-11f'. :: GET /Notification/action/notReadCount :: C:\inetpub\wwwroot\AssetFlowCRM\application\Espo\Core\Utils\DataCache.php(85)
[2026-08-12 14:38:38] WARNING: (400) Field validation failure; entityType: CHRRequest, field: motifDeLaDemande, type: required. :: POST /CHRRequest
[2026-08-12 14:38:39] WARNING: (400) Field validation failure; entityType: CHRRequest, field: motifDeLaDemande, type: required. :: POST /CHRRequest
[2026-08-12 14:38:39] WARNING: (400) Field validation failure; entityType: CHRRequest, field: motifDeLaDemande, type: required. :: POST /CHRRequest
[2026-08-12 14:39:23] WARNING: (400) Field validation failure; entityType: CHRRequest, field: motifDeLaDemande, type: required. :: POST /CHRRequest
[2026-08-12 14:39:54] WARNING: (400) Field validation failure; entityType: CHRRequest, field: motifDeLaDemande, type: required. :: POST /CHRRequest
[2026-08-12 14:39:55] WARNING: (400) Field validation failure; entityType: CHRRequest, field: motifDeLaDemande, type: required. :: POST /CHRRequest
[2026-08-12 14:40:14] WARNING: (400) Field validation failure; entityType: CHRRequest, field: motifDeLaDemande, type: required. :: POST /CHRRequest
[2026-08-12 15:39:19] WARNING: (400) Field validation failure; entityType: CHRRequest, field: nombreJOD, type: required. :: POST /CHRRequest
[2026-08-12 15:39:21] WARNING: (400) Field validation failure; entityType: CHRRequest, field: nombreJOD, type: required. :: POST /CHRRequest
[2026-08-12 15:47:43] WARNING: (404) Record not found. :: GET /CHRRequest/6a7c94585c211c22d/stream :: C:\inetpub\wwwroot\AssetFlowCRM\application\Espo\Tools\Stream\RecordService.php(423)
