[2026-08-18 09:16:09] WARNING: E_WARNING: rename(data\tmp\tmpA4E4.tmp,data/cache/application/classmapControllers.php): Access is denied (code: 5)
[2026-08-18 09:16:09] WARNING: E_WARNING: rename(data\tmp\tmpA4E5.tmp,data/cache/application/classmapControllers.php): Access is denied (code: 5)
[2026-08-18 11:37:16] WARNING: E_WARNING: rename(data\tmp\tmpD3A3.tmp,data/cache/application/classmapControllers.php): Access is denied (code: 5)
[2026-08-18 14:13:43] WARNING: E_WARNING: rename(data\tmp\tmp1051.tmp,data/cache/application/ormMetadata.php): Access is denied (code: 5)
[2026-08-18 14:13:43] WARNING: E_WARNING: rename(data\tmp\tmp1062.tmp,data/cache/application/ormMetadata.php): Access is denied (code: 5)
[2026-08-18 14:13:43] WARNING: E_WARNING: rename(data\tmp\tmp1217.tmp,data/cache/application/classmapRepositories.php): Access is denied (code: 5)
[2026-08-18 14:13:45] WARNING: E_WARNING: rename(data\tmp\tmp17E6.tmp,data/cache/application/classmapEntities.php): Access is denied (code: 5)
[2026-08-18 14:13:46] WARNING: E_WARNING: rename(data\tmp\tmp1E77.tmp,data/cache/application/classmapControllers.php): Access is denied (code: 5)
[2026-08-18 16:24:40] CRITICAL: (0) Failed job 6a8486fbd56fe84db. Job 'UpdateLicenses' not found. :: C:\inetpub\wwwroot\AssetFlowCRM\application\Espo\Core\Job\JobFactory.php(54)
[2026-08-18 16:32:39] CRITICAL: (0) Failed job 6a8488d225941af62. Job 'UpdateLicenses' not found. :: C:\inetpub\wwwroot\AssetFlowCRM\application\Espo\Core\Job\JobFactory.php(54)
[2026-08-18 16:32:53] CRITICAL: (0) Failed job 6a8488d225941af62. Job 'UpdateLicenses' not found. :: C:\inetpub\wwwroot\AssetFlowCRM\application\Espo\Core\Job\JobFactory.php(54)
[2026-08-18 16:33:14] CRITICAL: (0) Failed job 6a84892791c1d71d5. Job 'UpdateLicenses' not found. :: C:\inetpub\wwwroot\AssetFlowCRM\application\Espo\Core\Job\JobFactory.php(54)
[2026-08-18 16:33:18] CRITICAL: (0) Failed job 6a84892791c1d71d5. Job 'UpdateLicenses' not found. :: C:\inetpub\wwwroot\AssetFlowCRM\application\Espo\Core\Job\JobFactory.php(54)
[2026-08-18 16:34:35] CRITICAL: (0) Failed job 6a84894aa347fb1d8. Job 'UpdateLicenses' not found. :: C:\inetpub\wwwroot\AssetFlowCRM\application\Espo\Core\Job\JobFactory.php(54)
[2026-08-18 16:40:47] CRITICAL: (0) Failed job 6a848ab2de92f9885. Job 'UpdateLicenses' not found. :: C:\inetpub\wwwroot\AssetFlowCRM\application\Espo\Core\Job\JobFactory.php(54)
[2026-08-18 16:46:16] CRITICAL: (0) Failed job 6a848c12d546e6ccb. Job 'UpdateLicenses' not found. :: C:\inetpub\wwwroot\AssetFlowCRM\application\Espo\Core\Job\JobFactory.php(54)
[2026-08-18 16:49:08] CRITICAL: (0) Failed job 6a848ce5e2a1b80e5. Job 'UpdateLicenses' not found. :: C:\inetpub\wwwroot\AssetFlowCRM\application\Espo\Core\Job\JobFactory.php(54)
[2026-08-18 16:49:11] CRITICAL: (0) Failed job 6a848ce5e2a1b80e5. Job 'UpdateLicenses' not found. :: C:\inetpub\wwwroot\AssetFlowCRM\application\Espo\Core\Job\JobFactory.php(54)
[2026-08-18 16:55:01] CRITICAL: (0) Failed job 6a848e2a455ab3537. Job 'UpdateLicenses' not found. :: C:\inetpub\wwwroot\AssetFlowCRM\application\Espo\Core\Job\JobFactory.php(54)
[2026-08-18 16:55:26] CRITICAL: (0) Failed job 6a848e2a455ab3537. Job 'UpdateLicenses' not found. :: C:\inetpub\wwwroot\AssetFlowCRM\application\Espo\Core\Job\JobFactory.php(54)
[2026-08-18 16:56:13] CRITICAL: (0) Failed job 6a848e65a1d5d9369. Job 'UpdateLicenses' not found. :: C:\inetpub\wwwroot\AssetFlowCRM\application\Espo\Core\Job\JobFactory.php(54)
[2026-08-18 16:56:13] ERROR: EmailNotification: [0] No system SMTP settings.
[2026-08-18 17:04:44] WARNING: (0) IMAP test connection failed; cannot login, user or password wrong :: C:\inetpub\wwwroot\AssetFlowCRM\application\Espo\Core\Mail\Account\GroupAccount\StorageFactory.php(130)
[2026-08-18 17:05:02] WARNING: (0) IMAP test connection failed; cannot login, user or password wrong :: C:\inetpub\wwwroot\AssetFlowCRM\application\Espo\Core\Mail\Account\GroupAccount\StorageFactory.php(130)
[2026-08-18 17:05:52] WARNING: (0) IMAP test connection failed; cannot connect to host; error = stream_socket_client(): Unable to connect to tcp://imap.gmail.com:143 (A connection attempt failed because the connected party did not properly respond after a period of time, or established connection failed because connected host has failed to respond) (errno = 0 ) :: C:\inetpub\wwwroot\AssetFlowCRM\application\Espo\Core\Mail\Account\GroupAccount\StorageFactory.php(130)
[2026-08-18 17:06:35] WARNING: (0) IMAP test connection failed; cannot connect to host; error = stream_socket_client(): Unable to connect to tcp://imap.gmail.com:143 (A connection attempt failed because the connected party did not properly respond after a period of time, or established connection failed because connected host has failed to respond) (errno = 0 ) :: C:\inetpub\wwwroot\AssetFlowCRM\application\Espo\Core\Mail\Account\GroupAccount\StorageFactory.php(130)
