[2026-07-29 09:42:41] CRITICAL: (42000) SQLSTATE[42000]: Syntax error or access violation: 1142 SELECT command denied to user 'espo_user'@'localhost' for table `espocrm_db`.`attachment` :: GET / :: C:\inetpub\wwwroot\AssetFlowCRM\application\Espo\ORM\Executor\DefaultSqlExecutor.php(77)
[2026-07-29 09:57:27] CRITICAL: (42000) SQLSTATE[42000]: Syntax error or access violation: 1142 SELECT command denied to user 'espo_user'@'localhost' for table `espocrm_db`.`attachment` :: GET / :: C:\inetpub\wwwroot\AssetFlowCRM\application\Espo\ORM\Executor\DefaultSqlExecutor.php(77)
[2026-07-29 09:57:45] CRITICAL: (42000) SQLSTATE[42000]: Syntax error or access violation: 1142 SELECT command denied to user 'espo_user'@'localhost' for table `espocrm_db`.`attachment` :: GET / :: C:\inetpub\wwwroot\AssetFlowCRM\application\Espo\ORM\Executor\DefaultSqlExecutor.php(77)
[2026-07-29 09:58:00] CRITICAL: (42000) SQLSTATE[42000]: Syntax error or access violation: 1142 SELECT command denied to user 'espo_user'@'localhost' for table `espocrm_db`.`attachment` :: GET / :: C:\inetpub\wwwroot\AssetFlowCRM\application\Espo\ORM\Executor\DefaultSqlExecutor.php(77)
[2026-07-29 10:08:51] CRITICAL: (42000) SQLSTATE[42000]: Syntax error or access violation: 1142 SELECT command denied to user 'espo_user'@'localhost' for table `espocrm_db`.`attachment` :: GET / :: C:\inetpub\wwwroot\AssetFlowCRM\application\Espo\ORM\Executor\DefaultSqlExecutor.php(77)
[2026-07-29 10:09:08] CRITICAL: (42000) SQLSTATE[42000]: Syntax error or access violation: 1142 SELECT command denied to user 'espo_user'@'localhost' for table `espocrm_db`.`auth_log_record` :: GET /App/user :: C:\inetpub\wwwroot\AssetFlowCRM\application\Espo\ORM\Executor\DefaultSqlExecutor.php(77)
[2026-07-29 10:11:10] CRITICAL: (42000) SQLSTATE[42000]: Syntax error or access violation: 1142 SELECT command denied to user 'espo_user'@'localhost' for table `espocrm_db`.`attachment` :: GET / :: C:\inetpub\wwwroot\AssetFlowCRM\application\Espo\ORM\Executor\DefaultSqlExecutor.php(77)
[2026-07-29 10:11:20] CRITICAL: (42000) SQLSTATE[42000]: Syntax error or access violation: 1142 SELECT command denied to user 'espo_user'@'localhost' for table `espocrm_db`.`attachment` :: GET / :: C:\inetpub\wwwroot\AssetFlowCRM\application\Espo\ORM\Executor\DefaultSqlExecutor.php(77)
[2026-07-29 10:20:33] CRITICAL: (42000) SQLSTATE[42000]: Syntax error or access violation: 1142 SELECT command denied to user 'espo_user'@'localhost' for table `espocrm_db`.`attachment` :: GET / :: C:\inetpub\wwwroot\AssetFlowCRM\application\Espo\ORM\Executor\DefaultSqlExecutor.php(77)
[2026-07-29 10:20:35] CRITICAL: (42000) SQLSTATE[42000]: Syntax error or access violation: 1142 SELECT command denied to user 'espo_user'@'localhost' for table `espocrm_db`.`attachment` :: GET / :: C:\inetpub\wwwroot\AssetFlowCRM\application\Espo\ORM\Executor\DefaultSqlExecutor.php(77)
[2026-07-29 10:20:51] CRITICAL: (42000) SQLSTATE[42000]: Syntax error or access violation: 1142 SELECT command denied to user 'espo_user'@'localhost' for table `espocrm_db`.`attachment` :: GET / :: C:\inetpub\wwwroot\AssetFlowCRM\application\Espo\ORM\Executor\DefaultSqlExecutor.php(77)
[2026-07-29 10:20:51] CRITICAL: (42000) SQLSTATE[42000]: Syntax error or access violation: 1142 SELECT command denied to user 'espo_user'@'localhost' for table `espocrm_db`.`attachment` :: GET / :: C:\inetpub\wwwroot\AssetFlowCRM\application\Espo\ORM\Executor\DefaultSqlExecutor.php(77)
[2026-07-29 10:20:52] CRITICAL: (42000) SQLSTATE[42000]: Syntax error or access violation: 1142 SELECT command denied to user 'espo_user'@'localhost' for table `espocrm_db`.`attachment` :: GET / :: C:\inetpub\wwwroot\AssetFlowCRM\application\Espo\ORM\Executor\DefaultSqlExecutor.php(77)
[2026-07-29 10:22:03] CRITICAL: (42000) SQLSTATE[42000]: Syntax error or access violation: 1142 SELECT command denied to user 'espo_user'@'localhost' for table `espocrm_db`.`attachment` :: GET / :: C:\inetpub\wwwroot\AssetFlowCRM\application\Espo\ORM\Executor\DefaultSqlExecutor.php(77)
[2026-07-29 10:22:04] CRITICAL: (42000) SQLSTATE[42000]: Syntax error or access violation: 1142 SELECT command denied to user 'espo_user'@'localhost' for table `espocrm_db`.`attachment` :: GET / :: C:\inetpub\wwwroot\AssetFlowCRM\application\Espo\ORM\Executor\DefaultSqlExecutor.php(77)
[2026-07-29 10:22:04] CRITICAL: (42000) SQLSTATE[42000]: Syntax error or access violation: 1142 SELECT command denied to user 'espo_user'@'localhost' for table `espocrm_db`.`attachment` :: GET / :: C:\inetpub\wwwroot\AssetFlowCRM\application\Espo\ORM\Executor\DefaultSqlExecutor.php(77)
[2026-07-29 10:22:04] CRITICAL: (42000) SQLSTATE[42000]: Syntax error or access violation: 1142 SELECT command denied to user 'espo_user'@'localhost' for table `espocrm_db`.`attachment` :: GET / :: C:\inetpub\wwwroot\AssetFlowCRM\application\Espo\ORM\Executor\DefaultSqlExecutor.php(77)
[2026-07-29 10:22:05] CRITICAL: (42000) SQLSTATE[42000]: Syntax error or access violation: 1142 SELECT command denied to user 'espo_user'@'localhost' for table `espocrm_db`.`attachment` :: GET / :: C:\inetpub\wwwroot\AssetFlowCRM\application\Espo\ORM\Executor\DefaultSqlExecutor.php(77)
[2026-07-29 10:22:05] CRITICAL: (42000) SQLSTATE[42000]: Syntax error or access violation: 1142 SELECT command denied to user 'espo_user'@'localhost' for table `espocrm_db`.`attachment` :: GET / :: C:\inetpub\wwwroot\AssetFlowCRM\application\Espo\ORM\Executor\DefaultSqlExecutor.php(77)
[2026-07-29 10:22:05] CRITICAL: (42000) SQLSTATE[42000]: Syntax error or access violation: 1142 SELECT command denied to user 'espo_user'@'localhost' for table `espocrm_db`.`attachment` :: GET / :: C:\inetpub\wwwroot\AssetFlowCRM\application\Espo\ORM\Executor\DefaultSqlExecutor.php(77)
[2026-07-29 10:24:37] CRITICAL: (42000) SQLSTATE[42000]: Syntax error or access violation: 1142 SELECT command denied to user 'espo_user'@'localhost' for table `espocrm_db`.`attachment` :: GET / :: C:\inetpub\wwwroot\AssetFlowCRM\application\Espo\ORM\Executor\DefaultSqlExecutor.php(77)
[2026-07-29 10:24:37] CRITICAL: (42000) SQLSTATE[42000]: Syntax error or access violation: 1142 SELECT command denied to user 'espo_user'@'localhost' for table `espocrm_db`.`attachment` :: GET / :: C:\inetpub\wwwroot\AssetFlowCRM\application\Espo\ORM\Executor\DefaultSqlExecutor.php(77)
[2026-07-29 10:24:43] CRITICAL: (42000) SQLSTATE[42000]: Syntax error or access violation: 1142 SELECT command denied to user 'espo_user'@'localhost' for table `espocrm_db`.`attachment` :: GET / :: C:\inetpub\wwwroot\AssetFlowCRM\application\Espo\ORM\Executor\DefaultSqlExecutor.php(77)
[2026-07-29 10:24:44] CRITICAL: (42000) SQLSTATE[42000]: Syntax error or access violation: 1142 SELECT command denied to user 'espo_user'@'localhost' for table `espocrm_db`.`attachment` :: GET / :: C:\inetpub\wwwroot\AssetFlowCRM\application\Espo\ORM\Executor\DefaultSqlExecutor.php(77)
[2026-07-29 10:45:20] CRITICAL: (0) PHP Fileinfo extension must be installed/enabled to use Intervention Image. :: GET / :: C:\inetpub\wwwroot\AssetFlowCRM\vendor\intervention\image\src\Intervention\Image\ImageManager.php(137)
[2026-07-29 10:45:21] CRITICAL: (0) PHP Fileinfo extension must be installed/enabled to use Intervention Image. :: GET / :: C:\inetpub\wwwroot\AssetFlowCRM\vendor\intervention\image\src\Intervention\Image\ImageManager.php(137)
[2026-07-29 10:45:26] CRITICAL: (0) PHP Fileinfo extension must be installed/enabled to use Intervention Image. :: GET / :: C:\inetpub\wwwroot\AssetFlowCRM\vendor\intervention\image\src\Intervention\Image\ImageManager.php(137)
[2026-07-29 10:45:26] CRITICAL: (0) PHP Fileinfo extension must be installed/enabled to use Intervention Image. :: GET / :: C:\inetpub\wwwroot\AssetFlowCRM\vendor\intervention\image\src\Intervention\Image\ImageManager.php(137)
[2026-07-29 10:45:26] CRITICAL: (0) PHP Fileinfo extension must be installed/enabled to use Intervention Image. :: GET / :: C:\inetpub\wwwroot\AssetFlowCRM\vendor\intervention\image\src\Intervention\Image\ImageManager.php(137)
[2026-07-29 10:45:26] CRITICAL: (0) PHP Fileinfo extension must be installed/enabled to use Intervention Image. :: GET / :: C:\inetpub\wwwroot\AssetFlowCRM\vendor\intervention\image\src\Intervention\Image\ImageManager.php(137)
[2026-07-29 10:45:26] CRITICAL: (0) PHP Fileinfo extension must be installed/enabled to use Intervention Image. :: GET / :: C:\inetpub\wwwroot\AssetFlowCRM\vendor\intervention\image\src\Intervention\Image\ImageManager.php(137)
[2026-07-29 10:46:07] CRITICAL: (0) PHP Fileinfo extension must be installed/enabled to use Intervention Image. :: GET / :: C:\inetpub\wwwroot\AssetFlowCRM\vendor\intervention\image\src\Intervention\Image\ImageManager.php(137)
[2026-07-29 10:46:07] CRITICAL: (0) PHP Fileinfo extension must be installed/enabled to use Intervention Image. :: GET / :: C:\inetpub\wwwroot\AssetFlowCRM\vendor\intervention\image\src\Intervention\Image\ImageManager.php(137)
[2026-07-29 10:48:04] CRITICAL: (0) PHP Fileinfo extension must be installed/enabled to use Intervention Image. :: GET / :: C:\inetpub\wwwroot\AssetFlowCRM\vendor\intervention\image\src\Intervention\Image\ImageManager.php(137)
[2026-07-29 10:48:25] CRITICAL: (0) PHP Fileinfo extension must be installed/enabled to use Intervention Image. :: GET / :: C:\inetpub\wwwroot\AssetFlowCRM\vendor\intervention\image\src\Intervention\Image\ImageManager.php(137)
[2026-07-29 10:50:03] CRITICAL: (0) PHP Fileinfo extension must be installed/enabled to use Intervention Image. :: GET / :: C:\inetpub\wwwroot\AssetFlowCRM\vendor\intervention\image\src\Intervention\Image\ImageManager.php(137)
[2026-07-29 10:50:15] WARNING: E_WARNING: rename(data\tmp\tmp162.tmp,data/cache/application/objMetadata.php): Access is denied (code: 5)
[2026-07-29 10:50:15] WARNING: E_WARNING: rename(data\tmp\tmp199.tmp,data/cache/application/metadata.php): Access is denied (code: 5)
[2026-07-29 10:50:16] WARNING: E_WARNING: rename(data\tmp\tmp82D.tmp,data/cache/application/classmapRepositories.php): Access is denied (code: 5)
[2026-07-29 10:50:18] WARNING: E_WARNING: rename(data\tmp\tmpD3E.tmp,data/cache/application/classmapEntities.php): Access is denied (code: 5)
[2026-07-29 10:50:20] WARNING: E_WARNING: rename(data\tmp\tmp13E4.tmp,data/cache/application/classmapControllers.php): Access is denied (code: 5)
[2026-07-29 10:50:20] WARNING: E_WARNING: rename(data\tmp\tmp1429.tmp,data/cache/application/entityAcl.php): Access is denied (code: 5)
[2026-07-29 10:50:20] WARNING: E_WARNING: rename(data\tmp\tmp1429.tmp,data/cache/application/entityAcl.php): Access is denied (code: 5)
[2026-07-29 10:50:22] CRITICAL: (0) PHP Fileinfo extension must be installed/enabled to use Intervention Image. :: GET / :: C:\inetpub\wwwroot\AssetFlowCRM\vendor\intervention\image\src\Intervention\Image\ImageManager.php(137)
[2026-07-29 10:50:56] CRITICAL: (0) PHP Fileinfo extension must be installed/enabled to use Intervention Image. :: GET / :: C:\inetpub\wwwroot\AssetFlowCRM\vendor\intervention\image\src\Intervention\Image\ImageManager.php(137)
[2026-07-29 10:55:37] CRITICAL: (0) PHP Fileinfo extension must be installed/enabled to use Intervention Image. :: GET / :: C:\inetpub\wwwroot\AssetFlowCRM\vendor\intervention\image\src\Intervention\Image\ImageManager.php(137)
[2026-07-29 10:55:37] CRITICAL: (0) PHP Fileinfo extension must be installed/enabled to use Intervention Image. :: GET / :: C:\inetpub\wwwroot\AssetFlowCRM\vendor\intervention\image\src\Intervention\Image\ImageManager.php(137)
[2026-07-29 10:55:37] CRITICAL: (0) PHP Fileinfo extension must be installed/enabled to use Intervention Image. :: GET / :: C:\inetpub\wwwroot\AssetFlowCRM\vendor\intervention\image\src\Intervention\Image\ImageManager.php(137)
[2026-07-29 10:55:37] CRITICAL: (0) PHP Fileinfo extension must be installed/enabled to use Intervention Image. :: GET / :: C:\inetpub\wwwroot\AssetFlowCRM\vendor\intervention\image\src\Intervention\Image\ImageManager.php(137)
[2026-07-29 10:55:37] CRITICAL: (0) PHP Fileinfo extension must be installed/enabled to use Intervention Image. :: GET / :: C:\inetpub\wwwroot\AssetFlowCRM\vendor\intervention\image\src\Intervention\Image\ImageManager.php(137)
[2026-07-29 10:55:37] CRITICAL: (0) PHP Fileinfo extension must be installed/enabled to use Intervention Image. :: GET / :: C:\inetpub\wwwroot\AssetFlowCRM\vendor\intervention\image\src\Intervention\Image\ImageManager.php(137)
[2026-07-29 10:55:37] CRITICAL: (0) PHP Fileinfo extension must be installed/enabled to use Intervention Image. :: GET / :: C:\inetpub\wwwroot\AssetFlowCRM\vendor\intervention\image\src\Intervention\Image\ImageManager.php(137)
[2026-07-29 10:55:37] CRITICAL: (0) PHP Fileinfo extension must be installed/enabled to use Intervention Image. :: GET / :: C:\inetpub\wwwroot\AssetFlowCRM\vendor\intervention\image\src\Intervention\Image\ImageManager.php(137)
[2026-07-29 10:55:37] CRITICAL: (0) PHP Fileinfo extension must be installed/enabled to use Intervention Image. :: GET / :: C:\inetpub\wwwroot\AssetFlowCRM\vendor\intervention\image\src\Intervention\Image\ImageManager.php(137)
[2026-07-29 10:55:37] CRITICAL: (0) PHP Fileinfo extension must be installed/enabled to use Intervention Image. :: GET / :: C:\inetpub\wwwroot\AssetFlowCRM\vendor\intervention\image\src\Intervention\Image\ImageManager.php(137)
[2026-07-29 10:55:37] CRITICAL: (0) PHP Fileinfo extension must be installed/enabled to use Intervention Image. :: GET / :: C:\inetpub\wwwroot\AssetFlowCRM\vendor\intervention\image\src\Intervention\Image\ImageManager.php(137)
[2026-07-29 10:55:37] CRITICAL: (0) PHP Fileinfo extension must be installed/enabled to use Intervention Image. :: GET / :: C:\inetpub\wwwroot\AssetFlowCRM\vendor\intervention\image\src\Intervention\Image\ImageManager.php(137)
[2026-07-29 10:55:37] CRITICAL: (0) PHP Fileinfo extension must be installed/enabled to use Intervention Image. :: GET / :: C:\inetpub\wwwroot\AssetFlowCRM\vendor\intervention\image\src\Intervention\Image\ImageManager.php(137)
[2026-07-29 10:55:37] CRITICAL: (0) PHP Fileinfo extension must be installed/enabled to use Intervention Image. :: GET / :: C:\inetpub\wwwroot\AssetFlowCRM\vendor\intervention\image\src\Intervention\Image\ImageManager.php(137)
[2026-07-29 10:55:37] CRITICAL: (0) PHP Fileinfo extension must be installed/enabled to use Intervention Image. :: GET / :: C:\inetpub\wwwroot\AssetFlowCRM\vendor\intervention\image\src\Intervention\Image\ImageManager.php(137)
[2026-07-29 10:55:37] CRITICAL: (0) PHP Fileinfo extension must be installed/enabled to use Intervention Image. :: GET / :: C:\inetpub\wwwroot\AssetFlowCRM\vendor\intervention\image\src\Intervention\Image\ImageManager.php(137)
[2026-07-29 10:55:37] CRITICAL: (0) PHP Fileinfo extension must be installed/enabled to use Intervention Image. :: GET / :: C:\inetpub\wwwroot\AssetFlowCRM\vendor\intervention\image\src\Intervention\Image\ImageManager.php(137)
[2026-07-29 10:55:37] CRITICAL: (0) PHP Fileinfo extension must be installed/enabled to use Intervention Image. :: GET / :: C:\inetpub\wwwroot\AssetFlowCRM\vendor\intervention\image\src\Intervention\Image\ImageManager.php(137)
[2026-07-29 10:55:37] CRITICAL: (0) PHP Fileinfo extension must be installed/enabled to use Intervention Image. :: GET / :: C:\inetpub\wwwroot\AssetFlowCRM\vendor\intervention\image\src\Intervention\Image\ImageManager.php(137)
[2026-07-29 10:55:37] CRITICAL: (0) PHP Fileinfo extension must be installed/enabled to use Intervention Image. :: GET / :: C:\inetpub\wwwroot\AssetFlowCRM\vendor\intervention\image\src\Intervention\Image\ImageManager.php(137)
[2026-07-29 10:56:13] CRITICAL: (0) PHP Fileinfo extension must be installed/enabled to use Intervention Image. :: GET / :: C:\inetpub\wwwroot\AssetFlowCRM\vendor\intervention\image\src\Intervention\Image\ImageManager.php(137)
[2026-07-29 10:56:38] CRITICAL: (0) PHP Fileinfo extension must be installed/enabled to use Intervention Image. :: GET / :: C:\inetpub\wwwroot\AssetFlowCRM\vendor\intervention\image\src\Intervention\Image\ImageManager.php(137)
[2026-07-29 10:56:38] CRITICAL: (0) PHP Fileinfo extension must be installed/enabled to use Intervention Image. :: GET / :: C:\inetpub\wwwroot\AssetFlowCRM\vendor\intervention\image\src\Intervention\Image\ImageManager.php(137)
[2026-07-29 10:58:21] CRITICAL: (0) PHP Fileinfo extension must be installed/enabled to use Intervention Image. :: GET / :: C:\inetpub\wwwroot\AssetFlowCRM\vendor\intervention\image\src\Intervention\Image\ImageManager.php(137)
[2026-07-29 10:58:22] CRITICAL: (0) PHP Fileinfo extension must be installed/enabled to use Intervention Image. :: GET / :: C:\inetpub\wwwroot\AssetFlowCRM\vendor\intervention\image\src\Intervention\Image\ImageManager.php(137)
[2026-07-29 10:58:47] CRITICAL: (0) PHP Fileinfo extension must be installed/enabled to use Intervention Image. :: GET / :: C:\inetpub\wwwroot\AssetFlowCRM\vendor\intervention\image\src\Intervention\Image\ImageManager.php(137)
[2026-07-29 10:59:14] CRITICAL: (0) PHP Fileinfo extension must be installed/enabled to use Intervention Image. :: GET / :: C:\inetpub\wwwroot\AssetFlowCRM\vendor\intervention\image\src\Intervention\Image\ImageManager.php(137)
[2026-07-29 10:59:14] CRITICAL: (0) PHP Fileinfo extension must be installed/enabled to use Intervention Image. :: GET / :: C:\inetpub\wwwroot\AssetFlowCRM\vendor\intervention\image\src\Intervention\Image\ImageManager.php(137)
[2026-07-29 10:59:14] CRITICAL: (0) PHP Fileinfo extension must be installed/enabled to use Intervention Image. :: GET / :: C:\inetpub\wwwroot\AssetFlowCRM\vendor\intervention\image\src\Intervention\Image\ImageManager.php(137)
[2026-07-29 10:59:26] CRITICAL: (0) PHP Fileinfo extension must be installed/enabled to use Intervention Image. :: GET / :: C:\inetpub\wwwroot\AssetFlowCRM\vendor\intervention\image\src\Intervention\Image\ImageManager.php(137)
[2026-07-29 10:59:39] CRITICAL: (0) PHP Fileinfo extension must be installed/enabled to use Intervention Image. :: GET / :: C:\inetpub\wwwroot\AssetFlowCRM\vendor\intervention\image\src\Intervention\Image\ImageManager.php(137)
[2026-07-29 11:06:06] CRITICAL: (0) PHP Fileinfo extension must be installed/enabled to use Intervention Image. :: GET / :: C:\inetpub\wwwroot\AssetFlowCRM\vendor\intervention\image\src\Intervention\Image\ImageManager.php(137)
[2026-07-29 11:08:08] CRITICAL: (0) PHP Fileinfo extension must be installed/enabled to use Intervention Image. :: GET / :: C:\inetpub\wwwroot\AssetFlowCRM\vendor\intervention\image\src\Intervention\Image\ImageManager.php(137)
[2026-07-29 11:08:12] CRITICAL: (0) PHP Fileinfo extension must be installed/enabled to use Intervention Image. :: GET / :: C:\inetpub\wwwroot\AssetFlowCRM\vendor\intervention\image\src\Intervention\Image\ImageManager.php(137)
[2026-07-29 11:08:12] CRITICAL: (0) PHP Fileinfo extension must be installed/enabled to use Intervention Image. :: GET / :: C:\inetpub\wwwroot\AssetFlowCRM\vendor\intervention\image\src\Intervention\Image\ImageManager.php(137)
[2026-07-29 11:08:13] CRITICAL: (0) PHP Fileinfo extension must be installed/enabled to use Intervention Image. :: GET / :: C:\inetpub\wwwroot\AssetFlowCRM\vendor\intervention\image\src\Intervention\Image\ImageManager.php(137)
[2026-07-29 11:08:14] CRITICAL: (0) PHP Fileinfo extension must be installed/enabled to use Intervention Image. :: GET / :: C:\inetpub\wwwroot\AssetFlowCRM\vendor\intervention\image\src\Intervention\Image\ImageManager.php(137)
[2026-07-29 11:08:20] CRITICAL: (0) PHP Fileinfo extension must be installed/enabled to use Intervention Image. :: GET / :: C:\inetpub\wwwroot\AssetFlowCRM\vendor\intervention\image\src\Intervention\Image\ImageManager.php(137)
[2026-07-29 11:08:20] CRITICAL: (0) PHP Fileinfo extension must be installed/enabled to use Intervention Image. :: GET / :: C:\inetpub\wwwroot\AssetFlowCRM\vendor\intervention\image\src\Intervention\Image\ImageManager.php(137)
[2026-07-29 11:08:20] CRITICAL: (0) PHP Fileinfo extension must be installed/enabled to use Intervention Image. :: GET / :: C:\inetpub\wwwroot\AssetFlowCRM\vendor\intervention\image\src\Intervention\Image\ImageManager.php(137)
[2026-07-29 11:08:20] CRITICAL: (0) PHP Fileinfo extension must be installed/enabled to use Intervention Image. :: GET / :: C:\inetpub\wwwroot\AssetFlowCRM\vendor\intervention\image\src\Intervention\Image\ImageManager.php(137)
[2026-07-29 11:08:20] CRITICAL: (0) PHP Fileinfo extension must be installed/enabled to use Intervention Image. :: GET / :: C:\inetpub\wwwroot\AssetFlowCRM\vendor\intervention\image\src\Intervention\Image\ImageManager.php(137)
[2026-07-29 11:09:02] CRITICAL: (0) PHP Fileinfo extension must be installed/enabled to use Intervention Image. :: GET / :: C:\inetpub\wwwroot\AssetFlowCRM\vendor\intervention\image\src\Intervention\Image\ImageManager.php(137)
[2026-07-29 11:28:11] CRITICAL: (0) PHP Fileinfo extension must be installed/enabled to use Intervention Image. :: GET / :: C:\inetpub\wwwroot\AssetFlowCRM\vendor\intervention\image\src\Intervention\Image\ImageManager.php(137)
[2026-07-29 11:28:12] CRITICAL: (0) PHP Fileinfo extension must be installed/enabled to use Intervention Image. :: GET / :: C:\inetpub\wwwroot\AssetFlowCRM\vendor\intervention\image\src\Intervention\Image\ImageManager.php(137)
[2026-07-29 11:30:33] CRITICAL: (0) PHP Fileinfo extension must be installed/enabled to use Intervention Image. :: GET / :: C:\inetpub\wwwroot\AssetFlowCRM\vendor\intervention\image\src\Intervention\Image\ImageManager.php(137)
[2026-07-29 11:30:33] CRITICAL: (0) PHP Fileinfo extension must be installed/enabled to use Intervention Image. :: GET / :: C:\inetpub\wwwroot\AssetFlowCRM\vendor\intervention\image\src\Intervention\Image\ImageManager.php(137)
[2026-07-29 11:30:33] CRITICAL: (0) PHP Fileinfo extension must be installed/enabled to use Intervention Image. :: GET / :: C:\inetpub\wwwroot\AssetFlowCRM\vendor\intervention\image\src\Intervention\Image\ImageManager.php(137)
[2026-07-29 11:30:33] CRITICAL: (0) PHP Fileinfo extension must be installed/enabled to use Intervention Image. :: GET / :: C:\inetpub\wwwroot\AssetFlowCRM\vendor\intervention\image\src\Intervention\Image\ImageManager.php(137)
[2026-07-29 11:30:33] CRITICAL: (0) PHP Fileinfo extension must be installed/enabled to use Intervention Image. :: GET / :: C:\inetpub\wwwroot\AssetFlowCRM\vendor\intervention\image\src\Intervention\Image\ImageManager.php(137)
[2026-07-29 11:30:33] CRITICAL: (0) PHP Fileinfo extension must be installed/enabled to use Intervention Image. :: GET / :: C:\inetpub\wwwroot\AssetFlowCRM\vendor\intervention\image\src\Intervention\Image\ImageManager.php(137)
[2026-07-29 11:30:33] CRITICAL: (0) PHP Fileinfo extension must be installed/enabled to use Intervention Image. :: GET / :: C:\inetpub\wwwroot\AssetFlowCRM\vendor\intervention\image\src\Intervention\Image\ImageManager.php(137)
[2026-07-29 11:30:33] CRITICAL: (0) PHP Fileinfo extension must be installed/enabled to use Intervention Image. :: GET / :: C:\inetpub\wwwroot\AssetFlowCRM\vendor\intervention\image\src\Intervention\Image\ImageManager.php(137)
[2026-07-29 11:30:33] CRITICAL: (0) PHP Fileinfo extension must be installed/enabled to use Intervention Image. :: GET / :: C:\inetpub\wwwroot\AssetFlowCRM\vendor\intervention\image\src\Intervention\Image\ImageManager.php(137)
[2026-07-29 11:30:33] CRITICAL: (0) PHP Fileinfo extension must be installed/enabled to use Intervention Image. :: GET / :: C:\inetpub\wwwroot\AssetFlowCRM\vendor\intervention\image\src\Intervention\Image\ImageManager.php(137)
[2026-07-29 11:30:33] CRITICAL: (0) PHP Fileinfo extension must be installed/enabled to use Intervention Image. :: GET / :: C:\inetpub\wwwroot\AssetFlowCRM\vendor\intervention\image\src\Intervention\Image\ImageManager.php(137)
[2026-07-29 11:30:33] CRITICAL: (0) PHP Fileinfo extension must be installed/enabled to use Intervention Image. :: GET / :: C:\inetpub\wwwroot\AssetFlowCRM\vendor\intervention\image\src\Intervention\Image\ImageManager.php(137)
[2026-07-29 11:30:33] CRITICAL: (0) PHP Fileinfo extension must be installed/enabled to use Intervention Image. :: GET / :: C:\inetpub\wwwroot\AssetFlowCRM\vendor\intervention\image\src\Intervention\Image\ImageManager.php(137)
[2026-07-29 11:30:37] CRITICAL: (0) PHP Fileinfo extension must be installed/enabled to use Intervention Image. :: GET / :: C:\inetpub\wwwroot\AssetFlowCRM\vendor\intervention\image\src\Intervention\Image\ImageManager.php(137)
[2026-07-29 11:30:37] CRITICAL: (0) PHP Fileinfo extension must be installed/enabled to use Intervention Image. :: GET / :: C:\inetpub\wwwroot\AssetFlowCRM\vendor\intervention\image\src\Intervention\Image\ImageManager.php(137)
[2026-07-29 11:30:37] CRITICAL: (0) PHP Fileinfo extension must be installed/enabled to use Intervention Image. :: GET / :: C:\inetpub\wwwroot\AssetFlowCRM\vendor\intervention\image\src\Intervention\Image\ImageManager.php(137)
[2026-07-29 11:30:37] CRITICAL: (0) PHP Fileinfo extension must be installed/enabled to use Intervention Image. :: GET / :: C:\inetpub\wwwroot\AssetFlowCRM\vendor\intervention\image\src\Intervention\Image\ImageManager.php(137)
[2026-07-29 11:30:37] CRITICAL: (0) PHP Fileinfo extension must be installed/enabled to use Intervention Image. :: GET / :: C:\inetpub\wwwroot\AssetFlowCRM\vendor\intervention\image\src\Intervention\Image\ImageManager.php(137)
[2026-07-29 11:30:37] CRITICAL: (0) PHP Fileinfo extension must be installed/enabled to use Intervention Image. :: GET / :: C:\inetpub\wwwroot\AssetFlowCRM\vendor\intervention\image\src\Intervention\Image\ImageManager.php(137)
[2026-07-29 11:30:37] CRITICAL: (0) PHP Fileinfo extension must be installed/enabled to use Intervention Image. :: GET / :: C:\inetpub\wwwroot\AssetFlowCRM\vendor\intervention\image\src\Intervention\Image\ImageManager.php(137)
[2026-07-29 11:30:37] CRITICAL: (0) PHP Fileinfo extension must be installed/enabled to use Intervention Image. :: GET / :: C:\inetpub\wwwroot\AssetFlowCRM\vendor\intervention\image\src\Intervention\Image\ImageManager.php(137)
[2026-07-29 11:30:37] CRITICAL: (0) PHP Fileinfo extension must be installed/enabled to use Intervention Image. :: GET / :: C:\inetpub\wwwroot\AssetFlowCRM\vendor\intervention\image\src\Intervention\Image\ImageManager.php(137)
[2026-07-29 11:30:41] CRITICAL: (0) PHP Fileinfo extension must be installed/enabled to use Intervention Image. :: GET / :: C:\inetpub\wwwroot\AssetFlowCRM\vendor\intervention\image\src\Intervention\Image\ImageManager.php(137)
[2026-07-29 11:30:41] CRITICAL: (0) PHP Fileinfo extension must be installed/enabled to use Intervention Image. :: GET / :: C:\inetpub\wwwroot\AssetFlowCRM\vendor\intervention\image\src\Intervention\Image\ImageManager.php(137)
[2026-07-29 11:30:41] CRITICAL: (0) PHP Fileinfo extension must be installed/enabled to use Intervention Image. :: GET / :: C:\inetpub\wwwroot\AssetFlowCRM\vendor\intervention\image\src\Intervention\Image\ImageManager.php(137)
[2026-07-29 11:30:41] CRITICAL: (0) PHP Fileinfo extension must be installed/enabled to use Intervention Image. :: GET / :: C:\inetpub\wwwroot\AssetFlowCRM\vendor\intervention\image\src\Intervention\Image\ImageManager.php(137)
[2026-07-29 11:30:41] CRITICAL: (0) PHP Fileinfo extension must be installed/enabled to use Intervention Image. :: GET / :: C:\inetpub\wwwroot\AssetFlowCRM\vendor\intervention\image\src\Intervention\Image\ImageManager.php(137)
[2026-07-29 11:30:41] CRITICAL: (0) PHP Fileinfo extension must be installed/enabled to use Intervention Image. :: GET / :: C:\inetpub\wwwroot\AssetFlowCRM\vendor\intervention\image\src\Intervention\Image\ImageManager.php(137)
[2026-07-29 11:30:41] CRITICAL: (0) PHP Fileinfo extension must be installed/enabled to use Intervention Image. :: GET / :: C:\inetpub\wwwroot\AssetFlowCRM\vendor\intervention\image\src\Intervention\Image\ImageManager.php(137)
[2026-07-29 11:30:43] CRITICAL: (0) PHP Fileinfo extension must be installed/enabled to use Intervention Image. :: GET / :: C:\inetpub\wwwroot\AssetFlowCRM\vendor\intervention\image\src\Intervention\Image\ImageManager.php(137)
[2026-07-29 11:30:43] CRITICAL: (0) PHP Fileinfo extension must be installed/enabled to use Intervention Image. :: GET / :: C:\inetpub\wwwroot\AssetFlowCRM\vendor\intervention\image\src\Intervention\Image\ImageManager.php(137)
[2026-07-29 11:30:43] CRITICAL: (0) PHP Fileinfo extension must be installed/enabled to use Intervention Image. :: GET / :: C:\inetpub\wwwroot\AssetFlowCRM\vendor\intervention\image\src\Intervention\Image\ImageManager.php(137)
[2026-07-29 11:30:43] CRITICAL: (0) PHP Fileinfo extension must be installed/enabled to use Intervention Image. :: GET / :: C:\inetpub\wwwroot\AssetFlowCRM\vendor\intervention\image\src\Intervention\Image\ImageManager.php(137)
[2026-07-29 11:30:44] CRITICAL: (0) PHP Fileinfo extension must be installed/enabled to use Intervention Image. :: GET / :: C:\inetpub\wwwroot\AssetFlowCRM\vendor\intervention\image\src\Intervention\Image\ImageManager.php(137)
[2026-07-29 11:30:46] CRITICAL: (0) PHP Fileinfo extension must be installed/enabled to use Intervention Image. :: GET / :: C:\inetpub\wwwroot\AssetFlowCRM\vendor\intervention\image\src\Intervention\Image\ImageManager.php(137)
[2026-07-29 11:30:46] CRITICAL: (0) PHP Fileinfo extension must be installed/enabled to use Intervention Image. :: GET / :: C:\inetpub\wwwroot\AssetFlowCRM\vendor\intervention\image\src\Intervention\Image\ImageManager.php(137)
[2026-07-29 11:30:46] CRITICAL: (0) PHP Fileinfo extension must be installed/enabled to use Intervention Image. :: GET / :: C:\inetpub\wwwroot\AssetFlowCRM\vendor\intervention\image\src\Intervention\Image\ImageManager.php(137)
[2026-07-29 11:30:47] CRITICAL: (0) PHP Fileinfo extension must be installed/enabled to use Intervention Image. :: GET / :: C:\inetpub\wwwroot\AssetFlowCRM\vendor\intervention\image\src\Intervention\Image\ImageManager.php(137)
[2026-07-29 11:30:50] CRITICAL: (0) PHP Fileinfo extension must be installed/enabled to use Intervention Image. :: GET / :: C:\inetpub\wwwroot\AssetFlowCRM\vendor\intervention\image\src\Intervention\Image\ImageManager.php(137)
[2026-07-29 11:30:55] CRITICAL: (0) PHP Fileinfo extension must be installed/enabled to use Intervention Image. :: GET / :: C:\inetpub\wwwroot\AssetFlowCRM\vendor\intervention\image\src\Intervention\Image\ImageManager.php(137)
[2026-07-29 11:30:57] CRITICAL: (0) PHP Fileinfo extension must be installed/enabled to use Intervention Image. :: GET / :: C:\inetpub\wwwroot\AssetFlowCRM\vendor\intervention\image\src\Intervention\Image\ImageManager.php(137)
[2026-07-29 11:33:54] CRITICAL: (0) PHP Fileinfo extension must be installed/enabled to use Intervention Image. :: GET / :: C:\inetpub\wwwroot\AssetFlowCRM\vendor\intervention\image\src\Intervention\Image\ImageManager.php(137)
[2026-07-29 11:33:54] CRITICAL: (0) PHP Fileinfo extension must be installed/enabled to use Intervention Image. :: GET / :: C:\inetpub\wwwroot\AssetFlowCRM\vendor\intervention\image\src\Intervention\Image\ImageManager.php(137)
[2026-07-29 11:36:50] CRITICAL: (0) PHP Fileinfo extension must be installed/enabled to use Intervention Image. :: GET / :: C:\inetpub\wwwroot\AssetFlowCRM\vendor\intervention\image\src\Intervention\Image\ImageManager.php(137)
[2026-07-29 11:36:58] CRITICAL: (0) PHP Fileinfo extension must be installed/enabled to use Intervention Image. :: GET / :: C:\inetpub\wwwroot\AssetFlowCRM\vendor\intervention\image\src\Intervention\Image\ImageManager.php(137)
[2026-07-29 11:36:58] CRITICAL: (0) PHP Fileinfo extension must be installed/enabled to use Intervention Image. :: GET / :: C:\inetpub\wwwroot\AssetFlowCRM\vendor\intervention\image\src\Intervention\Image\ImageManager.php(137)
[2026-07-29 11:43:54] CRITICAL: (0) PHP Fileinfo extension must be installed/enabled to use Intervention Image. :: GET / :: C:\inetpub\wwwroot\AssetFlowCRM\vendor\intervention\image\src\Intervention\Image\ImageManager.php(137)
